Archive member included to satisfy reference by file (symbol)

C:\Programs\GNU Tools ARM Embedded\6.0 2017q1\lib\gcc\arm-none-eabi\6.3.1\thumb\v6-m\libgcc.a(_divsi3.o)
                              serial.o (__aeabi_idiv)
C:\Programs\GNU Tools ARM Embedded\6.0 2017q1\lib\gcc\arm-none-eabi\6.3.1\thumb\v6-m\libgcc.a(_dvmd_tls.o)
                              C:\Programs\GNU Tools ARM Embedded\6.0 2017q1\lib\gcc\arm-none-eabi\6.3.1\thumb\v6-m\libgcc.a(_divsi3.o) (__aeabi_idiv0)
C:\Programs\GNU Tools ARM Embedded\6.0 2017q1\arm-none-eabi\lib\thumb\v6-m\libc_nano.a(lib_a-fflush.o)
                              main.o (fflush)
C:\Programs\GNU Tools ARM Embedded\6.0 2017q1\arm-none-eabi\lib\thumb\v6-m\libc_nano.a(lib_a-findfp.o)
                              C:\Programs\GNU Tools ARM Embedded\6.0 2017q1\arm-none-eabi\lib\thumb\v6-m\libc_nano.a(lib_a-fflush.o) (__sinit)
C:\Programs\GNU Tools ARM Embedded\6.0 2017q1\arm-none-eabi\lib\thumb\v6-m\libc_nano.a(lib_a-fwalk.o)
                              C:\Programs\GNU Tools ARM Embedded\6.0 2017q1\arm-none-eabi\lib\thumb\v6-m\libc_nano.a(lib_a-findfp.o) (_fwalk)
C:\Programs\GNU Tools ARM Embedded\6.0 2017q1\arm-none-eabi\lib\thumb\v6-m\libc_nano.a(lib_a-impure.o)
                              C:\Programs\GNU Tools ARM Embedded\6.0 2017q1\arm-none-eabi\lib\thumb\v6-m\libc_nano.a(lib_a-fflush.o) (_global_impure_ptr)
C:\Programs\GNU Tools ARM Embedded\6.0 2017q1\arm-none-eabi\lib\thumb\v6-m\libc_nano.a(lib_a-memset.o)
                              C:\Programs\GNU Tools ARM Embedded\6.0 2017q1\arm-none-eabi\lib\thumb\v6-m\libc_nano.a(lib_a-findfp.o) (memset)
C:\Programs\GNU Tools ARM Embedded\6.0 2017q1\arm-none-eabi\lib\thumb\v6-m\libc_nano.a(lib_a-nano-freer.o)
                              C:\Programs\GNU Tools ARM Embedded\6.0 2017q1\arm-none-eabi\lib\thumb\v6-m\libc_nano.a(lib_a-fflush.o) (_free_r)
C:\Programs\GNU Tools ARM Embedded\6.0 2017q1\arm-none-eabi\lib\thumb\v6-m\libc_nano.a(lib_a-nano-mallocr.o)
                              C:\Programs\GNU Tools ARM Embedded\6.0 2017q1\arm-none-eabi\lib\thumb\v6-m\libc_nano.a(lib_a-findfp.o) (_malloc_r)
C:\Programs\GNU Tools ARM Embedded\6.0 2017q1\arm-none-eabi\lib\thumb\v6-m\libc_nano.a(lib_a-printf.o)
                              main.o (printf)
C:\Programs\GNU Tools ARM Embedded\6.0 2017q1\arm-none-eabi\lib\thumb\v6-m\libc_nano.a(lib_a-puts.o)
                              main.o (puts)
C:\Programs\GNU Tools ARM Embedded\6.0 2017q1\arm-none-eabi\lib\thumb\v6-m\libc_nano.a(lib_a-reent.o)
                              newlib_stubs.o (errno)
C:\Programs\GNU Tools ARM Embedded\6.0 2017q1\arm-none-eabi\lib\thumb\v6-m\libc_nano.a(lib_a-sbrkr.o)
                              C:\Programs\GNU Tools ARM Embedded\6.0 2017q1\arm-none-eabi\lib\thumb\v6-m\libc_nano.a(lib_a-nano-mallocr.o) (_sbrk_r)
C:\Programs\GNU Tools ARM Embedded\6.0 2017q1\arm-none-eabi\lib\thumb\v6-m\libc_nano.a(lib_a-stdio.o)
                              C:\Programs\GNU Tools ARM Embedded\6.0 2017q1\arm-none-eabi\lib\thumb\v6-m\libc_nano.a(lib_a-findfp.o) (__sread)
C:\Programs\GNU Tools ARM Embedded\6.0 2017q1\arm-none-eabi\lib\thumb\v6-m\libc_nano.a(lib_a-wbuf.o)
                              C:\Programs\GNU Tools ARM Embedded\6.0 2017q1\arm-none-eabi\lib\thumb\v6-m\libc_nano.a(lib_a-puts.o) (__swbuf_r)
C:\Programs\GNU Tools ARM Embedded\6.0 2017q1\arm-none-eabi\lib\thumb\v6-m\libc_nano.a(lib_a-writer.o)
                              C:\Programs\GNU Tools ARM Embedded\6.0 2017q1\arm-none-eabi\lib\thumb\v6-m\libc_nano.a(lib_a-stdio.o) (_write_r)
C:\Programs\GNU Tools ARM Embedded\6.0 2017q1\arm-none-eabi\lib\thumb\v6-m\libc_nano.a(lib_a-wsetup.o)
                              C:\Programs\GNU Tools ARM Embedded\6.0 2017q1\arm-none-eabi\lib\thumb\v6-m\libc_nano.a(lib_a-puts.o) (__swsetup_r)
C:\Programs\GNU Tools ARM Embedded\6.0 2017q1\arm-none-eabi\lib\thumb\v6-m\libc_nano.a(lib_a-closer.o)
                              C:\Programs\GNU Tools ARM Embedded\6.0 2017q1\arm-none-eabi\lib\thumb\v6-m\libc_nano.a(lib_a-stdio.o) (_close_r)
C:\Programs\GNU Tools ARM Embedded\6.0 2017q1\arm-none-eabi\lib\thumb\v6-m\libc_nano.a(lib_a-lseekr.o)
                              C:\Programs\GNU Tools ARM Embedded\6.0 2017q1\arm-none-eabi\lib\thumb\v6-m\libc_nano.a(lib_a-stdio.o) (_lseek_r)
C:\Programs\GNU Tools ARM Embedded\6.0 2017q1\arm-none-eabi\lib\thumb\v6-m\libc_nano.a(lib_a-makebuf.o)
                              C:\Programs\GNU Tools ARM Embedded\6.0 2017q1\arm-none-eabi\lib\thumb\v6-m\libc_nano.a(lib_a-wsetup.o) (__smakebuf_r)
C:\Programs\GNU Tools ARM Embedded\6.0 2017q1\arm-none-eabi\lib\thumb\v6-m\libc_nano.a(lib_a-mlock.o)
                              C:\Programs\GNU Tools ARM Embedded\6.0 2017q1\arm-none-eabi\lib\thumb\v6-m\libc_nano.a(lib_a-nano-freer.o) (__malloc_lock)
C:\Programs\GNU Tools ARM Embedded\6.0 2017q1\arm-none-eabi\lib\thumb\v6-m\libc_nano.a(lib_a-nano-vfprintf.o)
                              C:\Programs\GNU Tools ARM Embedded\6.0 2017q1\arm-none-eabi\lib\thumb\v6-m\libc_nano.a(lib_a-printf.o) (_vfprintf_r)
C:\Programs\GNU Tools ARM Embedded\6.0 2017q1\arm-none-eabi\lib\thumb\v6-m\libc_nano.a(lib_a-nano-vfprintf_i.o)
                              C:\Programs\GNU Tools ARM Embedded\6.0 2017q1\arm-none-eabi\lib\thumb\v6-m\libc_nano.a(lib_a-nano-vfprintf.o) (_printf_i)
C:\Programs\GNU Tools ARM Embedded\6.0 2017q1\arm-none-eabi\lib\thumb\v6-m\libc_nano.a(lib_a-readr.o)
                              C:\Programs\GNU Tools ARM Embedded\6.0 2017q1\arm-none-eabi\lib\thumb\v6-m\libc_nano.a(lib_a-stdio.o) (_read_r)
C:\Programs\GNU Tools ARM Embedded\6.0 2017q1\arm-none-eabi\lib\thumb\v6-m\libc_nano.a(lib_a-fstatr.o)
                              C:\Programs\GNU Tools ARM Embedded\6.0 2017q1\arm-none-eabi\lib\thumb\v6-m\libc_nano.a(lib_a-makebuf.o) (_fstat_r)
C:\Programs\GNU Tools ARM Embedded\6.0 2017q1\arm-none-eabi\lib\thumb\v6-m\libc_nano.a(lib_a-fvwrite.o)
                              C:\Programs\GNU Tools ARM Embedded\6.0 2017q1\arm-none-eabi\lib\thumb\v6-m\libc_nano.a(lib_a-nano-vfprintf.o) (__sfvwrite_r)
C:\Programs\GNU Tools ARM Embedded\6.0 2017q1\arm-none-eabi\lib\thumb\v6-m\libc_nano.a(lib_a-isattyr.o)
                              C:\Programs\GNU Tools ARM Embedded\6.0 2017q1\arm-none-eabi\lib\thumb\v6-m\libc_nano.a(lib_a-makebuf.o) (_isatty_r)
C:\Programs\GNU Tools ARM Embedded\6.0 2017q1\arm-none-eabi\lib\thumb\v6-m\libc_nano.a(lib_a-memchr-stub.o)
                              C:\Programs\GNU Tools ARM Embedded\6.0 2017q1\arm-none-eabi\lib\thumb\v6-m\libc_nano.a(lib_a-nano-vfprintf.o) (memchr)
C:\Programs\GNU Tools ARM Embedded\6.0 2017q1\arm-none-eabi\lib\thumb\v6-m\libc_nano.a(lib_a-memcpy-stub.o)
                              C:\Programs\GNU Tools ARM Embedded\6.0 2017q1\arm-none-eabi\lib\thumb\v6-m\libc_nano.a(lib_a-fvwrite.o) (memcpy)
C:\Programs\GNU Tools ARM Embedded\6.0 2017q1\arm-none-eabi\lib\thumb\v6-m\libc_nano.a(lib_a-memmove.o)
                              C:\Programs\GNU Tools ARM Embedded\6.0 2017q1\arm-none-eabi\lib\thumb\v6-m\libc_nano.a(lib_a-fvwrite.o) (memmove)
C:\Programs\GNU Tools ARM Embedded\6.0 2017q1\arm-none-eabi\lib\thumb\v6-m\libc_nano.a(lib_a-nano-reallocr.o)
                              C:\Programs\GNU Tools ARM Embedded\6.0 2017q1\arm-none-eabi\lib\thumb\v6-m\libc_nano.a(lib_a-fvwrite.o) (_realloc_r)
C:\Programs\GNU Tools ARM Embedded\6.0 2017q1\arm-none-eabi\lib\thumb\v6-m\libc_nano.a(lib_a-nano-msizer.o)
                              C:\Programs\GNU Tools ARM Embedded\6.0 2017q1\arm-none-eabi\lib\thumb\v6-m\libc_nano.a(lib_a-nano-reallocr.o) (_malloc_usable_size_r)
C:\Programs\GNU Tools ARM Embedded\6.0 2017q1\lib\gcc\arm-none-eabi\6.3.1\thumb\v6-m\libgcc.a(_udivsi3.o)
                              C:\Programs\GNU Tools ARM Embedded\6.0 2017q1\arm-none-eabi\lib\thumb\v6-m\libc_nano.a(lib_a-nano-vfprintf_i.o) (__aeabi_uidiv)

Allocating common symbols
Common symbol       size              file

errno               0x4               C:\Programs\GNU Tools ARM Embedded\6.0 2017q1\arm-none-eabi\lib\thumb\v6-m\libc_nano.a(lib_a-reent.o)
ComError            0x4               serial.o
ComRXBuffer         0x4c              serial.o
ComTXBuffer         0x4c              serial.o
ComOpen             0x4               serial.o
ComBusy             0x4               serial.o

Memory Configuration

Name             Origin             Length             Attributes
flash            0x08000000         0x00010000
ram              0x20000000         0x00002000
*default*        0x00000000         0xffffffff

Linker script and memory map

LOAD main.o
LOAD serial.o
LOAD startup.o
LOAD newlib_stubs.o
START GROUP
LOAD C:\Programs\GNU Tools ARM Embedded\6.0 2017q1\lib\gcc\arm-none-eabi\6.3.1\thumb\v6-m\libgcc.a
LOAD C:\Programs\GNU Tools ARM Embedded\6.0 2017q1\arm-none-eabi\lib\thumb\v6-m\libc_nano.a
LOAD C:\Programs\GNU Tools ARM Embedded\6.0 2017q1\arm-none-eabi\lib\thumb\v6-m\libm.a
END GROUP

.text           0x08000000     0x2350
 *(.vectors)
 .vectors       0x08000000       0xc0 startup.o
                0x08000000                Vectors
 *(.after_vectors*)
 .after_vectors
                0x080000c0       0x1a startup.o
                0x080000c0                ResetInit
 *(.text*)
 *fill*         0x080000da        0x2 
 .text          0x080000dc       0xb0 main.o
                0x080000dc                main
 .text          0x0800018c      0x4f8 serial.o
                0x0800018c                ReadCom
                0x08000200                WriteCom
                0x080002a0                initUART
                0x080003e8                isr_usart1
                0x08000414                usart_rx
                0x08000444                usart_tx
                0x080004bc                PutBuf
                0x0800051a                GetBuf
                0x0800056c                GetBufCount
                0x08000580                eputs
                0x080005bc                eputc
                0x080005da                egetc
                0x080005f4                egets
 .text          0x08000684      0x148 startup.o
                0x080006f8                initClock
                0x080007a4                Default_Handler
                0x080007b8                Hard_Fault_Handler
 .text          0x080007cc      0x2ac newlib_stubs.o
                0x080007cc                _exit
                0x080007d6                _close
                0x080007ea                _execve
                0x0800080c                _fork
                0x08000824                _fstat
                0x08000840                _getpid
                0x0800084c                _kill
                0x0800086c                _link
                0x0800088c                _lseek
                0x080008a2                _stat
                0x080008be                _times
                0x080008d2                _unlink
                0x080008f0                _wait
                0x08000910                _isatty
                0x08000938                _sbrk
                0x080009a8                _read
                0x08000a24                _write
 .text          0x08000a78      0x1d4 C:\Programs\GNU Tools ARM Embedded\6.0 2017q1\lib\gcc\arm-none-eabi\6.3.1\thumb\v6-m\libgcc.a(_divsi3.o)
                0x08000a78                __divsi3
                0x08000a78                __aeabi_idiv
                0x08000c44                __aeabi_idivmod
 .text          0x08000c4c        0x4 C:\Programs\GNU Tools ARM Embedded\6.0 2017q1\lib\gcc\arm-none-eabi\6.3.1\thumb\v6-m\libgcc.a(_dvmd_tls.o)
                0x08000c4c                __aeabi_idiv0
                0x08000c4c                __aeabi_ldiv0
 .text          0x08000c50        0x0 C:\Programs\GNU Tools ARM Embedded\6.0 2017q1\arm-none-eabi\lib\thumb\v6-m\libc_nano.a(lib_a-fflush.o)
 .text.__sflush_r
                0x08000c50      0x114 C:\Programs\GNU Tools ARM Embedded\6.0 2017q1\arm-none-eabi\lib\thumb\v6-m\libc_nano.a(lib_a-fflush.o)
                0x08000c50                __sflush_r
 .text._fflush_r
                0x08000d64       0x58 C:\Programs\GNU Tools ARM Embedded\6.0 2017q1\arm-none-eabi\lib\thumb\v6-m\libc_nano.a(lib_a-fflush.o)
                0x08000d64                _fflush_r
 .text.fflush   0x08000dbc       0x28 C:\Programs\GNU Tools ARM Embedded\6.0 2017q1\arm-none-eabi\lib\thumb\v6-m\libc_nano.a(lib_a-fflush.o)
                0x08000dbc                fflush
 .text          0x08000de4        0x0 C:\Programs\GNU Tools ARM Embedded\6.0 2017q1\arm-none-eabi\lib\thumb\v6-m\libc_nano.a(lib_a-findfp.o)
 .text.__fp_unlock
                0x08000de4        0x4 C:\Programs\GNU Tools ARM Embedded\6.0 2017q1\arm-none-eabi\lib\thumb\v6-m\libc_nano.a(lib_a-findfp.o)
 .text._cleanup_r
                0x08000de8       0x10 C:\Programs\GNU Tools ARM Embedded\6.0 2017q1\arm-none-eabi\lib\thumb\v6-m\libc_nano.a(lib_a-findfp.o)
                0x08000de8                _cleanup_r
 .text.std.isra.0
                0x08000df8       0x48 C:\Programs\GNU Tools ARM Embedded\6.0 2017q1\arm-none-eabi\lib\thumb\v6-m\libc_nano.a(lib_a-findfp.o)
 .text.__fp_lock
                0x08000e40        0x4 C:\Programs\GNU Tools ARM Embedded\6.0 2017q1\arm-none-eabi\lib\thumb\v6-m\libc_nano.a(lib_a-findfp.o)
 .text.__sfmoreglue
                0x08000e44       0x2c C:\Programs\GNU Tools ARM Embedded\6.0 2017q1\arm-none-eabi\lib\thumb\v6-m\libc_nano.a(lib_a-findfp.o)
                0x08000e44                __sfmoreglue
 .text._cleanup
                0x08000e70       0x10 C:\Programs\GNU Tools ARM Embedded\6.0 2017q1\arm-none-eabi\lib\thumb\v6-m\libc_nano.a(lib_a-findfp.o)
                0x08000e70                _cleanup
 .text.__sinit  0x08000e80       0x68 C:\Programs\GNU Tools ARM Embedded\6.0 2017q1\arm-none-eabi\lib\thumb\v6-m\libc_nano.a(lib_a-findfp.o)
                0x08000e80                __sinit
 .text.__sfp    0x08000ee8       0x80 C:\Programs\GNU Tools ARM Embedded\6.0 2017q1\arm-none-eabi\lib\thumb\v6-m\libc_nano.a(lib_a-findfp.o)
                0x08000ee8                __sfp
 .text.__sfp_lock_acquire
                0x08000f68        0x2 C:\Programs\GNU Tools ARM Embedded\6.0 2017q1\arm-none-eabi\lib\thumb\v6-m\libc_nano.a(lib_a-findfp.o)
                0x08000f68                __sfp_lock_acquire
 .text.__sfp_lock_release
                0x08000f6a        0x2 C:\Programs\GNU Tools ARM Embedded\6.0 2017q1\arm-none-eabi\lib\thumb\v6-m\libc_nano.a(lib_a-findfp.o)
                0x08000f6a                __sfp_lock_release
 .text.__sinit_lock_acquire
                0x08000f6c        0x2 C:\Programs\GNU Tools ARM Embedded\6.0 2017q1\arm-none-eabi\lib\thumb\v6-m\libc_nano.a(lib_a-findfp.o)
                0x08000f6c                __sinit_lock_acquire
 .text.__sinit_lock_release
                0x08000f6e        0x2 C:\Programs\GNU Tools ARM Embedded\6.0 2017q1\arm-none-eabi\lib\thumb\v6-m\libc_nano.a(lib_a-findfp.o)
                0x08000f6e                __sinit_lock_release
 .text.__fp_lock_all
                0x08000f70       0x18 C:\Programs\GNU Tools ARM Embedded\6.0 2017q1\arm-none-eabi\lib\thumb\v6-m\libc_nano.a(lib_a-findfp.o)
                0x08000f70                __fp_lock_all
 .text.__fp_unlock_all
                0x08000f88       0x18 C:\Programs\GNU Tools ARM Embedded\6.0 2017q1\arm-none-eabi\lib\thumb\v6-m\libc_nano.a(lib_a-findfp.o)
                0x08000f88                __fp_unlock_all
 .text          0x08000fa0        0x0 C:\Programs\GNU Tools ARM Embedded\6.0 2017q1\arm-none-eabi\lib\thumb\v6-m\libc_nano.a(lib_a-fwalk.o)
 .text._fwalk   0x08000fa0       0x38 C:\Programs\GNU Tools ARM Embedded\6.0 2017q1\arm-none-eabi\lib\thumb\v6-m\libc_nano.a(lib_a-fwalk.o)
                0x08000fa0                _fwalk
 .text._fwalk_reent
                0x08000fd8       0x42 C:\Programs\GNU Tools ARM Embedded\6.0 2017q1\arm-none-eabi\lib\thumb\v6-m\libc_nano.a(lib_a-fwalk.o)
                0x08000fd8                _fwalk_reent
 .text          0x0800101a        0x0 C:\Programs\GNU Tools ARM Embedded\6.0 2017q1\arm-none-eabi\lib\thumb\v6-m\libc_nano.a(lib_a-impure.o)
 .text          0x0800101a        0x0 C:\Programs\GNU Tools ARM Embedded\6.0 2017q1\arm-none-eabi\lib\thumb\v6-m\libc_nano.a(lib_a-memset.o)
 .text.memset   0x0800101a       0x10 C:\Programs\GNU Tools ARM Embedded\6.0 2017q1\arm-none-eabi\lib\thumb\v6-m\libc_nano.a(lib_a-memset.o)
                0x0800101a                memset
 .text          0x0800102a        0x0 C:\Programs\GNU Tools ARM Embedded\6.0 2017q1\arm-none-eabi\lib\thumb\v6-m\libc_nano.a(lib_a-nano-freer.o)
 *fill*         0x0800102a        0x2 
 .text._free_r  0x0800102c       0x94 C:\Programs\GNU Tools ARM Embedded\6.0 2017q1\arm-none-eabi\lib\thumb\v6-m\libc_nano.a(lib_a-nano-freer.o)
                0x0800102c                _free_r
 .text          0x080010c0        0x0 C:\Programs\GNU Tools ARM Embedded\6.0 2017q1\arm-none-eabi\lib\thumb\v6-m\libc_nano.a(lib_a-nano-mallocr.o)
 .text._malloc_r
                0x080010c0       0xbc C:\Programs\GNU Tools ARM Embedded\6.0 2017q1\arm-none-eabi\lib\thumb\v6-m\libc_nano.a(lib_a-nano-mallocr.o)
                0x080010c0                _malloc_r
 .text          0x0800117c        0x0 C:\Programs\GNU Tools ARM Embedded\6.0 2017q1\arm-none-eabi\lib\thumb\v6-m\libc_nano.a(lib_a-printf.o)
 .text._printf_r
                0x0800117c       0x28 C:\Programs\GNU Tools ARM Embedded\6.0 2017q1\arm-none-eabi\lib\thumb\v6-m\libc_nano.a(lib_a-printf.o)
                0x0800117c                _iprintf_r
                0x0800117c                _printf_r
 .text.printf   0x080011a4       0x34 C:\Programs\GNU Tools ARM Embedded\6.0 2017q1\arm-none-eabi\lib\thumb\v6-m\libc_nano.a(lib_a-printf.o)
                0x080011a4                iprintf
                0x080011a4                printf
 .text          0x080011d8        0x0 C:\Programs\GNU Tools ARM Embedded\6.0 2017q1\arm-none-eabi\lib\thumb\v6-m\libc_nano.a(lib_a-puts.o)
 .text._puts_r  0x080011d8       0xc0 C:\Programs\GNU Tools ARM Embedded\6.0 2017q1\arm-none-eabi\lib\thumb\v6-m\libc_nano.a(lib_a-puts.o)
                0x080011d8                _puts_r
 .text.puts     0x08001298       0x14 C:\Programs\GNU Tools ARM Embedded\6.0 2017q1\arm-none-eabi\lib\thumb\v6-m\libc_nano.a(lib_a-puts.o)
                0x08001298                puts
 .text          0x080012ac        0x0 C:\Programs\GNU Tools ARM Embedded\6.0 2017q1\arm-none-eabi\lib\thumb\v6-m\libc_nano.a(lib_a-reent.o)
 .text.cleanup_glue
                0x080012ac       0x1a C:\Programs\GNU Tools ARM Embedded\6.0 2017q1\arm-none-eabi\lib\thumb\v6-m\libc_nano.a(lib_a-reent.o)
                0x080012ac                cleanup_glue
 *fill*         0x080012c6        0x2 
 .text._reclaim_reent
                0x080012c8       0xcc C:\Programs\GNU Tools ARM Embedded\6.0 2017q1\arm-none-eabi\lib\thumb\v6-m\libc_nano.a(lib_a-reent.o)
                0x080012c8                _reclaim_reent
 .text          0x08001394        0x0 C:\Programs\GNU Tools ARM Embedded\6.0 2017q1\arm-none-eabi\lib\thumb\v6-m\libc_nano.a(lib_a-sbrkr.o)
 .text._sbrk_r  0x08001394       0x24 C:\Programs\GNU Tools ARM Embedded\6.0 2017q1\arm-none-eabi\lib\thumb\v6-m\libc_nano.a(lib_a-sbrkr.o)
                0x08001394                _sbrk_r
 .text          0x080013b8        0x0 C:\Programs\GNU Tools ARM Embedded\6.0 2017q1\arm-none-eabi\lib\thumb\v6-m\libc_nano.a(lib_a-stdio.o)
 .text.__sread  0x080013b8       0x28 C:\Programs\GNU Tools ARM Embedded\6.0 2017q1\arm-none-eabi\lib\thumb\v6-m\libc_nano.a(lib_a-stdio.o)
                0x080013b8                __sread
 .text.__seofread
                0x080013e0        0x4 C:\Programs\GNU Tools ARM Embedded\6.0 2017q1\arm-none-eabi\lib\thumb\v6-m\libc_nano.a(lib_a-stdio.o)
                0x080013e0                __seofread
 .text.__swrite
                0x080013e4       0x38 C:\Programs\GNU Tools ARM Embedded\6.0 2017q1\arm-none-eabi\lib\thumb\v6-m\libc_nano.a(lib_a-stdio.o)
                0x080013e4                __swrite
 .text.__sseek  0x0800141c       0x2c C:\Programs\GNU Tools ARM Embedded\6.0 2017q1\arm-none-eabi\lib\thumb\v6-m\libc_nano.a(lib_a-stdio.o)
                0x0800141c                __sseek
 .text.__sclose
                0x08001448        0xc C:\Programs\GNU Tools ARM Embedded\6.0 2017q1\arm-none-eabi\lib\thumb\v6-m\libc_nano.a(lib_a-stdio.o)
                0x08001448                __sclose
 .text          0x08001454        0x0 C:\Programs\GNU Tools ARM Embedded\6.0 2017q1\arm-none-eabi\lib\thumb\v6-m\libc_nano.a(lib_a-wbuf.o)
 .text.__swbuf_r
                0x08001454       0xac C:\Programs\GNU Tools ARM Embedded\6.0 2017q1\arm-none-eabi\lib\thumb\v6-m\libc_nano.a(lib_a-wbuf.o)
                0x08001454                __swbuf_r
 .text.__swbuf  0x08001500       0x14 C:\Programs\GNU Tools ARM Embedded\6.0 2017q1\arm-none-eabi\lib\thumb\v6-m\libc_nano.a(lib_a-wbuf.o)
                0x08001500                __swbuf
 .text          0x08001514        0x0 C:\Programs\GNU Tools ARM Embedded\6.0 2017q1\arm-none-eabi\lib\thumb\v6-m\libc_nano.a(lib_a-writer.o)
 .text._write_r
                0x08001514       0x28 C:\Programs\GNU Tools ARM Embedded\6.0 2017q1\arm-none-eabi\lib\thumb\v6-m\libc_nano.a(lib_a-writer.o)
                0x08001514                _write_r
 .text          0x0800153c        0x0 C:\Programs\GNU Tools ARM Embedded\6.0 2017q1\arm-none-eabi\lib\thumb\v6-m\libc_nano.a(lib_a-wsetup.o)
 .text.__swsetup_r
                0x0800153c       0xec C:\Programs\GNU Tools ARM Embedded\6.0 2017q1\arm-none-eabi\lib\thumb\v6-m\libc_nano.a(lib_a-wsetup.o)
                0x0800153c                __swsetup_r
 .text          0x08001628        0x0 C:\Programs\GNU Tools ARM Embedded\6.0 2017q1\arm-none-eabi\lib\thumb\v6-m\libc_nano.a(lib_a-closer.o)
 .text._close_r
                0x08001628       0x24 C:\Programs\GNU Tools ARM Embedded\6.0 2017q1\arm-none-eabi\lib\thumb\v6-m\libc_nano.a(lib_a-closer.o)
                0x08001628                _close_r
 .text          0x0800164c        0x0 C:\Programs\GNU Tools ARM Embedded\6.0 2017q1\arm-none-eabi\lib\thumb\v6-m\libc_nano.a(lib_a-lseekr.o)
 .text._lseek_r
                0x0800164c       0x28 C:\Programs\GNU Tools ARM Embedded\6.0 2017q1\arm-none-eabi\lib\thumb\v6-m\libc_nano.a(lib_a-lseekr.o)
                0x0800164c                _lseek_r
 .text          0x08001674        0x0 C:\Programs\GNU Tools ARM Embedded\6.0 2017q1\arm-none-eabi\lib\thumb\v6-m\libc_nano.a(lib_a-makebuf.o)
 .text.__swhatbuf_r
                0x08001674       0x50 C:\Programs\GNU Tools ARM Embedded\6.0 2017q1\arm-none-eabi\lib\thumb\v6-m\libc_nano.a(lib_a-makebuf.o)
                0x08001674                __swhatbuf_r
 .text.__smakebuf_r
                0x080016c4       0x88 C:\Programs\GNU Tools ARM Embedded\6.0 2017q1\arm-none-eabi\lib\thumb\v6-m\libc_nano.a(lib_a-makebuf.o)
                0x080016c4                __smakebuf_r
 .text          0x0800174c        0x0 C:\Programs\GNU Tools ARM Embedded\6.0 2017q1\arm-none-eabi\lib\thumb\v6-m\libc_nano.a(lib_a-mlock.o)
 .text.__malloc_lock
                0x0800174c        0x2 C:\Programs\GNU Tools ARM Embedded\6.0 2017q1\arm-none-eabi\lib\thumb\v6-m\libc_nano.a(lib_a-mlock.o)
                0x0800174c                __malloc_lock
 .text.__malloc_unlock
                0x0800174e        0x2 C:\Programs\GNU Tools ARM Embedded\6.0 2017q1\arm-none-eabi\lib\thumb\v6-m\libc_nano.a(lib_a-mlock.o)
                0x0800174e                __malloc_unlock
 .text          0x08001750        0x0 C:\Programs\GNU Tools ARM Embedded\6.0 2017q1\arm-none-eabi\lib\thumb\v6-m\libc_nano.a(lib_a-nano-vfprintf.o)
 .text.__sfputc_r
                0x08001750       0x2a C:\Programs\GNU Tools ARM Embedded\6.0 2017q1\arm-none-eabi\lib\thumb\v6-m\libc_nano.a(lib_a-nano-vfprintf.o)
 .text.__sfputs_r
                0x0800177a       0x24 C:\Programs\GNU Tools ARM Embedded\6.0 2017q1\arm-none-eabi\lib\thumb\v6-m\libc_nano.a(lib_a-nano-vfprintf.o)
                0x0800177a                __sfputs_r
 .text.__sprint_r
                0x0800179e       0x1c C:\Programs\GNU Tools ARM Embedded\6.0 2017q1\arm-none-eabi\lib\thumb\v6-m\libc_nano.a(lib_a-nano-vfprintf.o)
                0x0800179e                __sprint_r
 *fill*         0x080017ba        0x2 
 .text._vfprintf_r
                0x080017bc      0x238 C:\Programs\GNU Tools ARM Embedded\6.0 2017q1\arm-none-eabi\lib\thumb\v6-m\libc_nano.a(lib_a-nano-vfprintf.o)
                0x080017bc                _vfprintf_r
                0x080017bc                _vfiprintf_r
 .text.vfprintf
                0x080019f4       0x18 C:\Programs\GNU Tools ARM Embedded\6.0 2017q1\arm-none-eabi\lib\thumb\v6-m\libc_nano.a(lib_a-nano-vfprintf.o)
                0x080019f4                vfprintf
                0x080019f4                vfiprintf
 .text          0x08001a0c        0x0 C:\Programs\GNU Tools ARM Embedded\6.0 2017q1\arm-none-eabi\lib\thumb\v6-m\libc_nano.a(lib_a-nano-vfprintf_i.o)
 .text._printf_common
                0x08001a0c       0xda C:\Programs\GNU Tools ARM Embedded\6.0 2017q1\arm-none-eabi\lib\thumb\v6-m\libc_nano.a(lib_a-nano-vfprintf_i.o)
                0x08001a0c                _printf_common
 *fill*         0x08001ae6        0x2 
 .text._printf_i
                0x08001ae8      0x234 C:\Programs\GNU Tools ARM Embedded\6.0 2017q1\arm-none-eabi\lib\thumb\v6-m\libc_nano.a(lib_a-nano-vfprintf_i.o)
                0x08001ae8                _printf_i
 .text          0x08001d1c        0x0 C:\Programs\GNU Tools ARM Embedded\6.0 2017q1\arm-none-eabi\lib\thumb\v6-m\libc_nano.a(lib_a-readr.o)
 .text._read_r  0x08001d1c       0x28 C:\Programs\GNU Tools ARM Embedded\6.0 2017q1\arm-none-eabi\lib\thumb\v6-m\libc_nano.a(lib_a-readr.o)
                0x08001d1c                _read_r
 .text          0x08001d44        0x0 C:\Programs\GNU Tools ARM Embedded\6.0 2017q1\arm-none-eabi\lib\thumb\v6-m\libc_nano.a(lib_a-fstatr.o)
 .text._fstat_r
                0x08001d44       0x24 C:\Programs\GNU Tools ARM Embedded\6.0 2017q1\arm-none-eabi\lib\thumb\v6-m\libc_nano.a(lib_a-fstatr.o)
                0x08001d44                _fstat_r
 .text          0x08001d68        0x0 C:\Programs\GNU Tools ARM Embedded\6.0 2017q1\arm-none-eabi\lib\thumb\v6-m\libc_nano.a(lib_a-fvwrite.o)
 .text.__sfvwrite_r
                0x08001d68      0x2c4 C:\Programs\GNU Tools ARM Embedded\6.0 2017q1\arm-none-eabi\lib\thumb\v6-m\libc_nano.a(lib_a-fvwrite.o)
                0x08001d68                __sfvwrite_r
 .text          0x0800202c        0x0 C:\Programs\GNU Tools ARM Embedded\6.0 2017q1\arm-none-eabi\lib\thumb\v6-m\libc_nano.a(lib_a-isattyr.o)
 .text._isatty_r
                0x0800202c       0x24 C:\Programs\GNU Tools ARM Embedded\6.0 2017q1\arm-none-eabi\lib\thumb\v6-m\libc_nano.a(lib_a-isattyr.o)
                0x0800202c                _isatty_r
 .text          0x08002050        0x0 C:\Programs\GNU Tools ARM Embedded\6.0 2017q1\arm-none-eabi\lib\thumb\v6-m\libc_nano.a(lib_a-memchr-stub.o)
 .text.memchr   0x08002050       0x16 C:\Programs\GNU Tools ARM Embedded\6.0 2017q1\arm-none-eabi\lib\thumb\v6-m\libc_nano.a(lib_a-memchr-stub.o)
                0x08002050                memchr
 .text          0x08002066        0x0 C:\Programs\GNU Tools ARM Embedded\6.0 2017q1\arm-none-eabi\lib\thumb\v6-m\libc_nano.a(lib_a-memcpy-stub.o)
 .text.memcpy   0x08002066       0x12 C:\Programs\GNU Tools ARM Embedded\6.0 2017q1\arm-none-eabi\lib\thumb\v6-m\libc_nano.a(lib_a-memcpy-stub.o)
                0x08002066                memcpy
 .text          0x08002078        0x0 C:\Programs\GNU Tools ARM Embedded\6.0 2017q1\arm-none-eabi\lib\thumb\v6-m\libc_nano.a(lib_a-memmove.o)
 .text.memmove  0x08002078       0x24 C:\Programs\GNU Tools ARM Embedded\6.0 2017q1\arm-none-eabi\lib\thumb\v6-m\libc_nano.a(lib_a-memmove.o)
                0x08002078                memmove
 .text          0x0800209c        0x0 C:\Programs\GNU Tools ARM Embedded\6.0 2017q1\arm-none-eabi\lib\thumb\v6-m\libc_nano.a(lib_a-nano-reallocr.o)
 .text._realloc_r
                0x0800209c       0x4c C:\Programs\GNU Tools ARM Embedded\6.0 2017q1\arm-none-eabi\lib\thumb\v6-m\libc_nano.a(lib_a-nano-reallocr.o)
                0x0800209c                _realloc_r
 .text          0x080020e8        0x0 C:\Programs\GNU Tools ARM Embedded\6.0 2017q1\arm-none-eabi\lib\thumb\v6-m\libc_nano.a(lib_a-nano-msizer.o)
 .text._malloc_usable_size_r
                0x080020e8       0x10 C:\Programs\GNU Tools ARM Embedded\6.0 2017q1\arm-none-eabi\lib\thumb\v6-m\libc_nano.a(lib_a-nano-msizer.o)
                0x080020e8                _malloc_usable_size_r
 .text          0x080020f8      0x114 C:\Programs\GNU Tools ARM Embedded\6.0 2017q1\lib\gcc\arm-none-eabi\6.3.1\thumb\v6-m\libgcc.a(_udivsi3.o)
                0x080020f8                __aeabi_uidiv
                0x080020f8                __udivsi3
                0x08002204                __aeabi_uidivmod
 *(.rodata*)
 .rodata        0x0800220c       0x60 main.o
 .rodata        0x0800226c       0x4c startup.o
 .rodata.__sf_fake_stderr
                0x080022b8       0x20 C:\Programs\GNU Tools ARM Embedded\6.0 2017q1\arm-none-eabi\lib\thumb\v6-m\libc_nano.a(lib_a-findfp.o)
                0x080022b8                __sf_fake_stderr
 .rodata.__sf_fake_stdin
                0x080022d8       0x20 C:\Programs\GNU Tools ARM Embedded\6.0 2017q1\arm-none-eabi\lib\thumb\v6-m\libc_nano.a(lib_a-findfp.o)
                0x080022d8                __sf_fake_stdin
 .rodata.__sf_fake_stdout
                0x080022f8       0x20 C:\Programs\GNU Tools ARM Embedded\6.0 2017q1\arm-none-eabi\lib\thumb\v6-m\libc_nano.a(lib_a-findfp.o)
                0x080022f8                __sf_fake_stdout
 .rodata._global_impure_ptr
                0x08002318        0x4 C:\Programs\GNU Tools ARM Embedded\6.0 2017q1\arm-none-eabi\lib\thumb\v6-m\libc_nano.a(lib_a-impure.o)
                0x08002318                _global_impure_ptr
 .rodata._vfprintf_r.str1.1
                0x0800231c       0x11 C:\Programs\GNU Tools ARM Embedded\6.0 2017q1\arm-none-eabi\lib\thumb\v6-m\libc_nano.a(lib_a-nano-vfprintf.o)
 .rodata._printf_i.str1.1
                0x0800232d       0x22 C:\Programs\GNU Tools ARM Embedded\6.0 2017q1\arm-none-eabi\lib\thumb\v6-m\libc_nano.a(lib_a-nano-vfprintf_i.o)
                0x08002350                . = ALIGN (0x4)
 *fill*         0x0800234f        0x1 
                0x08002350                PROVIDE (__init_array_start, .)
 *(SORT(.init_array.*))
 *(.init_array)
                0x08002350                PROVIDE (__init_array_end, .)
                0x08002350                . = ALIGN (0x4)
                0x08002350                _etext = .

.glue_7         0x08002350        0x0
 .glue_7        0x08002350        0x0 linker stubs

.glue_7t        0x08002350        0x0
 .glue_7t       0x08002350        0x0 linker stubs

.vfp11_veneer   0x08002350        0x0
 .vfp11_veneer  0x08002350        0x0 linker stubs

.v4_bx          0x08002350        0x0
 .v4_bx         0x08002350        0x0 linker stubs

.iplt           0x08002350        0x0
 .iplt          0x08002350        0x0 main.o

.rel.dyn        0x08002350        0x0
 .rel.iplt      0x08002350        0x0 main.o

.data           0x20000000       0x68 load address 0x08002350
                0x20000000                . = ALIGN (0x4)
                0x20000000                _data = .
 *(.data*)
 .data          0x20000000        0x0 main.o
 .data          0x20000000        0x0 serial.o
 .data          0x20000000        0x0 startup.o
 .data          0x20000000        0x4 newlib_stubs.o
                0x20000000                environ
 .data          0x20000004        0x0 C:\Programs\GNU Tools ARM Embedded\6.0 2017q1\lib\gcc\arm-none-eabi\6.3.1\thumb\v6-m\libgcc.a(_divsi3.o)
 .data          0x20000004        0x0 C:\Programs\GNU Tools ARM Embedded\6.0 2017q1\lib\gcc\arm-none-eabi\6.3.1\thumb\v6-m\libgcc.a(_dvmd_tls.o)
 .data          0x20000004        0x0 C:\Programs\GNU Tools ARM Embedded\6.0 2017q1\arm-none-eabi\lib\thumb\v6-m\libc_nano.a(lib_a-fflush.o)
 .data          0x20000004        0x0 C:\Programs\GNU Tools ARM Embedded\6.0 2017q1\arm-none-eabi\lib\thumb\v6-m\libc_nano.a(lib_a-findfp.o)
 .data          0x20000004        0x0 C:\Programs\GNU Tools ARM Embedded\6.0 2017q1\arm-none-eabi\lib\thumb\v6-m\libc_nano.a(lib_a-fwalk.o)
 .data          0x20000004        0x0 C:\Programs\GNU Tools ARM Embedded\6.0 2017q1\arm-none-eabi\lib\thumb\v6-m\libc_nano.a(lib_a-impure.o)
 .data._impure_ptr
                0x20000004        0x4 C:\Programs\GNU Tools ARM Embedded\6.0 2017q1\arm-none-eabi\lib\thumb\v6-m\libc_nano.a(lib_a-impure.o)
                0x20000004                _impure_ptr
 .data.impure_data
                0x20000008       0x60 C:\Programs\GNU Tools ARM Embedded\6.0 2017q1\arm-none-eabi\lib\thumb\v6-m\libc_nano.a(lib_a-impure.o)
 .data          0x20000068        0x0 C:\Programs\GNU Tools ARM Embedded\6.0 2017q1\arm-none-eabi\lib\thumb\v6-m\libc_nano.a(lib_a-memset.o)
 .data          0x20000068        0x0 C:\Programs\GNU Tools ARM Embedded\6.0 2017q1\arm-none-eabi\lib\thumb\v6-m\libc_nano.a(lib_a-nano-freer.o)
 .data          0x20000068        0x0 C:\Programs\GNU Tools ARM Embedded\6.0 2017q1\arm-none-eabi\lib\thumb\v6-m\libc_nano.a(lib_a-nano-mallocr.o)
 .data          0x20000068        0x0 C:\Programs\GNU Tools ARM Embedded\6.0 2017q1\arm-none-eabi\lib\thumb\v6-m\libc_nano.a(lib_a-printf.o)
 .data          0x20000068        0x0 C:\Programs\GNU Tools ARM Embedded\6.0 2017q1\arm-none-eabi\lib\thumb\v6-m\libc_nano.a(lib_a-puts.o)
 .data          0x20000068        0x0 C:\Programs\GNU Tools ARM Embedded\6.0 2017q1\arm-none-eabi\lib\thumb\v6-m\libc_nano.a(lib_a-reent.o)
 .data          0x20000068        0x0 C:\Programs\GNU Tools ARM Embedded\6.0 2017q1\arm-none-eabi\lib\thumb\v6-m\libc_nano.a(lib_a-sbrkr.o)
 .data          0x20000068        0x0 C:\Programs\GNU Tools ARM Embedded\6.0 2017q1\arm-none-eabi\lib\thumb\v6-m\libc_nano.a(lib_a-stdio.o)
 .data          0x20000068        0x0 C:\Programs\GNU Tools ARM Embedded\6.0 2017q1\arm-none-eabi\lib\thumb\v6-m\libc_nano.a(lib_a-wbuf.o)
 .data          0x20000068        0x0 C:\Programs\GNU Tools ARM Embedded\6.0 2017q1\arm-none-eabi\lib\thumb\v6-m\libc_nano.a(lib_a-writer.o)
 .data          0x20000068        0x0 C:\Programs\GNU Tools ARM Embedded\6.0 2017q1\arm-none-eabi\lib\thumb\v6-m\libc_nano.a(lib_a-wsetup.o)
 .data          0x20000068        0x0 C:\Programs\GNU Tools ARM Embedded\6.0 2017q1\arm-none-eabi\lib\thumb\v6-m\libc_nano.a(lib_a-closer.o)
 .data          0x20000068        0x0 C:\Programs\GNU Tools ARM Embedded\6.0 2017q1\arm-none-eabi\lib\thumb\v6-m\libc_nano.a(lib_a-lseekr.o)
 .data          0x20000068        0x0 C:\Programs\GNU Tools ARM Embedded\6.0 2017q1\arm-none-eabi\lib\thumb\v6-m\libc_nano.a(lib_a-makebuf.o)
 .data          0x20000068        0x0 C:\Programs\GNU Tools ARM Embedded\6.0 2017q1\arm-none-eabi\lib\thumb\v6-m\libc_nano.a(lib_a-mlock.o)
 .data          0x20000068        0x0 C:\Programs\GNU Tools ARM Embedded\6.0 2017q1\arm-none-eabi\lib\thumb\v6-m\libc_nano.a(lib_a-nano-vfprintf.o)
 .data          0x20000068        0x0 C:\Programs\GNU Tools ARM Embedded\6.0 2017q1\arm-none-eabi\lib\thumb\v6-m\libc_nano.a(lib_a-nano-vfprintf_i.o)
 .data          0x20000068        0x0 C:\Programs\GNU Tools ARM Embedded\6.0 2017q1\arm-none-eabi\lib\thumb\v6-m\libc_nano.a(lib_a-readr.o)
 .data          0x20000068        0x0 C:\Programs\GNU Tools ARM Embedded\6.0 2017q1\arm-none-eabi\lib\thumb\v6-m\libc_nano.a(lib_a-fstatr.o)
 .data          0x20000068        0x0 C:\Programs\GNU Tools ARM Embedded\6.0 2017q1\arm-none-eabi\lib\thumb\v6-m\libc_nano.a(lib_a-fvwrite.o)
 .data          0x20000068        0x0 C:\Programs\GNU Tools ARM Embedded\6.0 2017q1\arm-none-eabi\lib\thumb\v6-m\libc_nano.a(lib_a-isattyr.o)
 .data          0x20000068        0x0 C:\Programs\GNU Tools ARM Embedded\6.0 2017q1\arm-none-eabi\lib\thumb\v6-m\libc_nano.a(lib_a-memchr-stub.o)
 .data          0x20000068        0x0 C:\Programs\GNU Tools ARM Embedded\6.0 2017q1\arm-none-eabi\lib\thumb\v6-m\libc_nano.a(lib_a-memcpy-stub.o)
 .data          0x20000068        0x0 C:\Programs\GNU Tools ARM Embedded\6.0 2017q1\arm-none-eabi\lib\thumb\v6-m\libc_nano.a(lib_a-memmove.o)
 .data          0x20000068        0x0 C:\Programs\GNU Tools ARM Embedded\6.0 2017q1\arm-none-eabi\lib\thumb\v6-m\libc_nano.a(lib_a-nano-reallocr.o)
 .data          0x20000068        0x0 C:\Programs\GNU Tools ARM Embedded\6.0 2017q1\arm-none-eabi\lib\thumb\v6-m\libc_nano.a(lib_a-nano-msizer.o)
 .data          0x20000068        0x0 C:\Programs\GNU Tools ARM Embedded\6.0 2017q1\lib\gcc\arm-none-eabi\6.3.1\thumb\v6-m\libgcc.a(_udivsi3.o)
                0x20000068                . = ALIGN (0x4)
                0x20000068                _edata = .

.igot.plt       0x20000068        0x0 load address 0x080023b8
 .igot.plt      0x20000068        0x0 main.o

.bss            0x20000068       0xb8 load address 0x080023b8
                0x20000068                _bss = .
 *(.bss*)
 .bss           0x20000068        0x0 main.o
 .bss           0x20000068        0x0 serial.o
 .bss           0x20000068        0x0 startup.o
 .bss           0x20000068        0x8 newlib_stubs.o
                0x20000068                __env
 .bss           0x20000070        0x0 C:\Programs\GNU Tools ARM Embedded\6.0 2017q1\lib\gcc\arm-none-eabi\6.3.1\thumb\v6-m\libgcc.a(_divsi3.o)
 .bss           0x20000070        0x0 C:\Programs\GNU Tools ARM Embedded\6.0 2017q1\lib\gcc\arm-none-eabi\6.3.1\thumb\v6-m\libgcc.a(_dvmd_tls.o)
 .bss           0x20000070        0x0 C:\Programs\GNU Tools ARM Embedded\6.0 2017q1\arm-none-eabi\lib\thumb\v6-m\libc_nano.a(lib_a-fflush.o)
 .bss           0x20000070        0x0 C:\Programs\GNU Tools ARM Embedded\6.0 2017q1\arm-none-eabi\lib\thumb\v6-m\libc_nano.a(lib_a-findfp.o)
 .bss           0x20000070        0x0 C:\Programs\GNU Tools ARM Embedded\6.0 2017q1\arm-none-eabi\lib\thumb\v6-m\libc_nano.a(lib_a-fwalk.o)
 .bss           0x20000070        0x0 C:\Programs\GNU Tools ARM Embedded\6.0 2017q1\arm-none-eabi\lib\thumb\v6-m\libc_nano.a(lib_a-impure.o)
 .bss           0x20000070        0x0 C:\Programs\GNU Tools ARM Embedded\6.0 2017q1\arm-none-eabi\lib\thumb\v6-m\libc_nano.a(lib_a-memset.o)
 .bss           0x20000070        0x0 C:\Programs\GNU Tools ARM Embedded\6.0 2017q1\arm-none-eabi\lib\thumb\v6-m\libc_nano.a(lib_a-nano-freer.o)
 .bss           0x20000070        0x0 C:\Programs\GNU Tools ARM Embedded\6.0 2017q1\arm-none-eabi\lib\thumb\v6-m\libc_nano.a(lib_a-nano-mallocr.o)
 .bss.__malloc_free_list
                0x20000070        0x4 C:\Programs\GNU Tools ARM Embedded\6.0 2017q1\arm-none-eabi\lib\thumb\v6-m\libc_nano.a(lib_a-nano-mallocr.o)
                0x20000070                __malloc_free_list
 .bss.__malloc_sbrk_start
                0x20000074        0x4 C:\Programs\GNU Tools ARM Embedded\6.0 2017q1\arm-none-eabi\lib\thumb\v6-m\libc_nano.a(lib_a-nano-mallocr.o)
                0x20000074                __malloc_sbrk_start
 .bss           0x20000078        0x0 C:\Programs\GNU Tools ARM Embedded\6.0 2017q1\arm-none-eabi\lib\thumb\v6-m\libc_nano.a(lib_a-printf.o)
 .bss           0x20000078        0x0 C:\Programs\GNU Tools ARM Embedded\6.0 2017q1\arm-none-eabi\lib\thumb\v6-m\libc_nano.a(lib_a-puts.o)
 .bss           0x20000078        0x0 C:\Programs\GNU Tools ARM Embedded\6.0 2017q1\arm-none-eabi\lib\thumb\v6-m\libc_nano.a(lib_a-reent.o)
 .bss           0x20000078        0x0 C:\Programs\GNU Tools ARM Embedded\6.0 2017q1\arm-none-eabi\lib\thumb\v6-m\libc_nano.a(lib_a-sbrkr.o)
 .bss           0x20000078        0x0 C:\Programs\GNU Tools ARM Embedded\6.0 2017q1\arm-none-eabi\lib\thumb\v6-m\libc_nano.a(lib_a-stdio.o)
 .bss           0x20000078        0x0 C:\Programs\GNU Tools ARM Embedded\6.0 2017q1\arm-none-eabi\lib\thumb\v6-m\libc_nano.a(lib_a-wbuf.o)
 .bss           0x20000078        0x0 C:\Programs\GNU Tools ARM Embedded\6.0 2017q1\arm-none-eabi\lib\thumb\v6-m\libc_nano.a(lib_a-writer.o)
 .bss           0x20000078        0x0 C:\Programs\GNU Tools ARM Embedded\6.0 2017q1\arm-none-eabi\lib\thumb\v6-m\libc_nano.a(lib_a-wsetup.o)
 .bss           0x20000078        0x0 C:\Programs\GNU Tools ARM Embedded\6.0 2017q1\arm-none-eabi\lib\thumb\v6-m\libc_nano.a(lib_a-closer.o)
 .bss           0x20000078        0x0 C:\Programs\GNU Tools ARM Embedded\6.0 2017q1\arm-none-eabi\lib\thumb\v6-m\libc_nano.a(lib_a-lseekr.o)
 .bss           0x20000078        0x0 C:\Programs\GNU Tools ARM Embedded\6.0 2017q1\arm-none-eabi\lib\thumb\v6-m\libc_nano.a(lib_a-makebuf.o)
 .bss           0x20000078        0x0 C:\Programs\GNU Tools ARM Embedded\6.0 2017q1\arm-none-eabi\lib\thumb\v6-m\libc_nano.a(lib_a-mlock.o)
 .bss           0x20000078        0x0 C:\Programs\GNU Tools ARM Embedded\6.0 2017q1\arm-none-eabi\lib\thumb\v6-m\libc_nano.a(lib_a-nano-vfprintf.o)
 .bss           0x20000078        0x0 C:\Programs\GNU Tools ARM Embedded\6.0 2017q1\arm-none-eabi\lib\thumb\v6-m\libc_nano.a(lib_a-nano-vfprintf_i.o)
 .bss           0x20000078        0x0 C:\Programs\GNU Tools ARM Embedded\6.0 2017q1\arm-none-eabi\lib\thumb\v6-m\libc_nano.a(lib_a-readr.o)
 .bss           0x20000078        0x0 C:\Programs\GNU Tools ARM Embedded\6.0 2017q1\arm-none-eabi\lib\thumb\v6-m\libc_nano.a(lib_a-fstatr.o)
 .bss           0x20000078        0x0 C:\Programs\GNU Tools ARM Embedded\6.0 2017q1\arm-none-eabi\lib\thumb\v6-m\libc_nano.a(lib_a-fvwrite.o)
 .bss           0x20000078        0x0 C:\Programs\GNU Tools ARM Embedded\6.0 2017q1\arm-none-eabi\lib\thumb\v6-m\libc_nano.a(lib_a-isattyr.o)
 .bss           0x20000078        0x0 C:\Programs\GNU Tools ARM Embedded\6.0 2017q1\arm-none-eabi\lib\thumb\v6-m\libc_nano.a(lib_a-memchr-stub.o)
 .bss           0x20000078        0x0 C:\Programs\GNU Tools ARM Embedded\6.0 2017q1\arm-none-eabi\lib\thumb\v6-m\libc_nano.a(lib_a-memcpy-stub.o)
 .bss           0x20000078        0x0 C:\Programs\GNU Tools ARM Embedded\6.0 2017q1\arm-none-eabi\lib\thumb\v6-m\libc_nano.a(lib_a-memmove.o)
 .bss           0x20000078        0x0 C:\Programs\GNU Tools ARM Embedded\6.0 2017q1\arm-none-eabi\lib\thumb\v6-m\libc_nano.a(lib_a-nano-reallocr.o)
 .bss           0x20000078        0x0 C:\Programs\GNU Tools ARM Embedded\6.0 2017q1\arm-none-eabi\lib\thumb\v6-m\libc_nano.a(lib_a-nano-msizer.o)
 .bss           0x20000078        0x0 C:\Programs\GNU Tools ARM Embedded\6.0 2017q1\lib\gcc\arm-none-eabi\6.3.1\thumb\v6-m\libgcc.a(_udivsi3.o)
 *(COMMON)
 COMMON         0x20000078       0xa4 serial.o
                0x20000078                ComError
                0x2000007c                ComRXBuffer
                0x200000c8                ComTXBuffer
                0x20000114                ComOpen
                0x20000118                ComBusy
 COMMON         0x2000011c        0x4 C:\Programs\GNU Tools ARM Embedded\6.0 2017q1\arm-none-eabi\lib\thumb\v6-m\libc_nano.a(lib_a-reent.o)
                0x2000011c                errno
                0x20000120                . = ALIGN (0x4)
                0x20000120                _ebss = .
                [!provide]                PROVIDE (end, .)
                0x20000120                PROVIDE (_HeapStart, .)
                0x20002000                PROVIDE (_StackTop, (ORIGIN (ram) + LENGTH (ram)))
OUTPUT(main.elf elf32-littlearm)

.debug_info     0x00000000     0x1c6f
 .debug_info    0x00000000      0x8ca main.o
 .debug_info    0x000008ca      0x32c serial.o
 .debug_info    0x00000bf6      0x130 startup.o
 .debug_info    0x00000d26      0xf49 newlib_stubs.o

.debug_abbrev   0x00000000      0x630
 .debug_abbrev  0x00000000      0x1a5 main.o
 .debug_abbrev  0x000001a5      0x15b serial.o
 .debug_abbrev  0x00000300       0xc5 startup.o
 .debug_abbrev  0x000003c5      0x26b newlib_stubs.o

.debug_aranges  0x00000000       0x88
 .debug_aranges
                0x00000000       0x20 main.o
 .debug_aranges
                0x00000020       0x20 serial.o
 .debug_aranges
                0x00000040       0x28 startup.o
 .debug_aranges
                0x00000068       0x20 newlib_stubs.o

.debug_line     0x00000000      0x51f
 .debug_line    0x00000000      0x106 main.o
 .debug_line    0x00000106      0x12a serial.o
 .debug_line    0x00000230       0x90 startup.o
 .debug_line    0x000002c0      0x25f newlib_stubs.o

.debug_str      0x00000000      0x882
 .debug_str     0x00000000      0x4bf main.o
                                0x52d (size before relaxing)
 .debug_str     0x000004bf       0xd8 serial.o
                                0x1ae (size before relaxing)
 .debug_str     0x00000597       0x9a startup.o
                                0x14c (size before relaxing)
 .debug_str     0x00000631      0x251 newlib_stubs.o
                                0x7c9 (size before relaxing)

.comment        0x00000000       0x7f
 .comment       0x00000000       0x7f main.o
                                 0x80 (size before relaxing)
 .comment       0x0000007f       0x80 serial.o
 .comment       0x0000007f       0x80 startup.o
 .comment       0x0000007f       0x80 newlib_stubs.o

.ARM.attributes
                0x00000000       0x31
 .ARM.attributes
                0x00000000       0x31 main.o
 .ARM.attributes
                0x00000031       0x31 serial.o
 .ARM.attributes
                0x00000062       0x31 startup.o
 .ARM.attributes
                0x00000093       0x31 newlib_stubs.o
 .ARM.attributes
                0x000000c4       0x1e C:\Programs\GNU Tools ARM Embedded\6.0 2017q1\lib\gcc\arm-none-eabi\6.3.1\thumb\v6-m\libgcc.a(_divsi3.o)
 .ARM.attributes
                0x000000e2       0x1e C:\Programs\GNU Tools ARM Embedded\6.0 2017q1\lib\gcc\arm-none-eabi\6.3.1\thumb\v6-m\libgcc.a(_dvmd_tls.o)
 .ARM.attributes
                0x00000100       0x2c C:\Programs\GNU Tools ARM Embedded\6.0 2017q1\arm-none-eabi\lib\thumb\v6-m\libc_nano.a(lib_a-fflush.o)
 .ARM.attributes
                0x0000012c       0x2c C:\Programs\GNU Tools ARM Embedded\6.0 2017q1\arm-none-eabi\lib\thumb\v6-m\libc_nano.a(lib_a-findfp.o)
 .ARM.attributes
                0x00000158       0x2c C:\Programs\GNU Tools ARM Embedded\6.0 2017q1\arm-none-eabi\lib\thumb\v6-m\libc_nano.a(lib_a-fwalk.o)
 .ARM.attributes
                0x00000184       0x2c C:\Programs\GNU Tools ARM Embedded\6.0 2017q1\arm-none-eabi\lib\thumb\v6-m\libc_nano.a(lib_a-impure.o)
 .ARM.attributes
                0x000001b0       0x2c C:\Programs\GNU Tools ARM Embedded\6.0 2017q1\arm-none-eabi\lib\thumb\v6-m\libc_nano.a(lib_a-memset.o)
 .ARM.attributes
                0x000001dc       0x2c C:\Programs\GNU Tools ARM Embedded\6.0 2017q1\arm-none-eabi\lib\thumb\v6-m\libc_nano.a(lib_a-nano-freer.o)
 .ARM.attributes
                0x00000208       0x2c C:\Programs\GNU Tools ARM Embedded\6.0 2017q1\arm-none-eabi\lib\thumb\v6-m\libc_nano.a(lib_a-nano-mallocr.o)
 .ARM.attributes
                0x00000234       0x2c C:\Programs\GNU Tools ARM Embedded\6.0 2017q1\arm-none-eabi\lib\thumb\v6-m\libc_nano.a(lib_a-printf.o)
 .ARM.attributes
                0x00000260       0x2c C:\Programs\GNU Tools ARM Embedded\6.0 2017q1\arm-none-eabi\lib\thumb\v6-m\libc_nano.a(lib_a-puts.o)
 .ARM.attributes
                0x0000028c       0x2c C:\Programs\GNU Tools ARM Embedded\6.0 2017q1\arm-none-eabi\lib\thumb\v6-m\libc_nano.a(lib_a-reent.o)
 .ARM.attributes
                0x000002b8       0x2c C:\Programs\GNU Tools ARM Embedded\6.0 2017q1\arm-none-eabi\lib\thumb\v6-m\libc_nano.a(lib_a-sbrkr.o)
 .ARM.attributes
                0x000002e4       0x2c C:\Programs\GNU Tools ARM Embedded\6.0 2017q1\arm-none-eabi\lib\thumb\v6-m\libc_nano.a(lib_a-stdio.o)
 .ARM.attributes
                0x00000310       0x2c C:\Programs\GNU Tools ARM Embedded\6.0 2017q1\arm-none-eabi\lib\thumb\v6-m\libc_nano.a(lib_a-wbuf.o)
 .ARM.attributes
                0x0000033c       0x2c C:\Programs\GNU Tools ARM Embedded\6.0 2017q1\arm-none-eabi\lib\thumb\v6-m\libc_nano.a(lib_a-writer.o)
 .ARM.attributes
                0x00000368       0x2c C:\Programs\GNU Tools ARM Embedded\6.0 2017q1\arm-none-eabi\lib\thumb\v6-m\libc_nano.a(lib_a-wsetup.o)
 .ARM.attributes
                0x00000394       0x2c C:\Programs\GNU Tools ARM Embedded\6.0 2017q1\arm-none-eabi\lib\thumb\v6-m\libc_nano.a(lib_a-closer.o)
 .ARM.attributes
                0x000003c0       0x2c C:\Programs\GNU Tools ARM Embedded\6.0 2017q1\arm-none-eabi\lib\thumb\v6-m\libc_nano.a(lib_a-lseekr.o)
 .ARM.attributes
                0x000003ec       0x2c C:\Programs\GNU Tools ARM Embedded\6.0 2017q1\arm-none-eabi\lib\thumb\v6-m\libc_nano.a(lib_a-makebuf.o)
 .ARM.attributes
                0x00000418       0x2c C:\Programs\GNU Tools ARM Embedded\6.0 2017q1\arm-none-eabi\lib\thumb\v6-m\libc_nano.a(lib_a-mlock.o)
 .ARM.attributes
                0x00000444       0x2c C:\Programs\GNU Tools ARM Embedded\6.0 2017q1\arm-none-eabi\lib\thumb\v6-m\libc_nano.a(lib_a-nano-vfprintf.o)
 .ARM.attributes
                0x00000470       0x2c C:\Programs\GNU Tools ARM Embedded\6.0 2017q1\arm-none-eabi\lib\thumb\v6-m\libc_nano.a(lib_a-nano-vfprintf_i.o)
 .ARM.attributes
                0x0000049c       0x2c C:\Programs\GNU Tools ARM Embedded\6.0 2017q1\arm-none-eabi\lib\thumb\v6-m\libc_nano.a(lib_a-readr.o)
 .ARM.attributes
                0x000004c8       0x2c C:\Programs\GNU Tools ARM Embedded\6.0 2017q1\arm-none-eabi\lib\thumb\v6-m\libc_nano.a(lib_a-fstatr.o)
 .ARM.attributes
                0x000004f4       0x2c C:\Programs\GNU Tools ARM Embedded\6.0 2017q1\arm-none-eabi\lib\thumb\v6-m\libc_nano.a(lib_a-fvwrite.o)
 .ARM.attributes
                0x00000520       0x2c C:\Programs\GNU Tools ARM Embedded\6.0 2017q1\arm-none-eabi\lib\thumb\v6-m\libc_nano.a(lib_a-isattyr.o)
 .ARM.attributes
                0x0000054c       0x2c C:\Programs\GNU Tools ARM Embedded\6.0 2017q1\arm-none-eabi\lib\thumb\v6-m\libc_nano.a(lib_a-memchr-stub.o)
 .ARM.attributes
                0x00000578       0x2c C:\Programs\GNU Tools ARM Embedded\6.0 2017q1\arm-none-eabi\lib\thumb\v6-m\libc_nano.a(lib_a-memcpy-stub.o)
 .ARM.attributes
                0x000005a4       0x2c C:\Programs\GNU Tools ARM Embedded\6.0 2017q1\arm-none-eabi\lib\thumb\v6-m\libc_nano.a(lib_a-memmove.o)
 .ARM.attributes
                0x000005d0       0x2c C:\Programs\GNU Tools ARM Embedded\6.0 2017q1\arm-none-eabi\lib\thumb\v6-m\libc_nano.a(lib_a-nano-reallocr.o)
 .ARM.attributes
                0x000005fc       0x2c C:\Programs\GNU Tools ARM Embedded\6.0 2017q1\arm-none-eabi\lib\thumb\v6-m\libc_nano.a(lib_a-nano-msizer.o)
 .ARM.attributes
                0x00000628       0x1e C:\Programs\GNU Tools ARM Embedded\6.0 2017q1\lib\gcc\arm-none-eabi\6.3.1\thumb\v6-m\libgcc.a(_udivsi3.o)

.debug_frame    0x00000000      0xcc0
 .debug_frame   0x00000000       0x30 main.o
 .debug_frame   0x00000030      0x1a4 serial.o
 .debug_frame   0x000001d4       0x94 startup.o
 .debug_frame   0x00000268      0x228 newlib_stubs.o
 .debug_frame   0x00000490       0x20 C:\Programs\GNU Tools ARM Embedded\6.0 2017q1\lib\gcc\arm-none-eabi\6.3.1\thumb\v6-m\libgcc.a(_divsi3.o)
 .debug_frame   0x000004b0       0x68 C:\Programs\GNU Tools ARM Embedded\6.0 2017q1\arm-none-eabi\lib\thumb\v6-m\libc_nano.a(lib_a-fflush.o)
 .debug_frame   0x00000518      0x140 C:\Programs\GNU Tools ARM Embedded\6.0 2017q1\arm-none-eabi\lib\thumb\v6-m\libc_nano.a(lib_a-findfp.o)
 .debug_frame   0x00000658       0x58 C:\Programs\GNU Tools ARM Embedded\6.0 2017q1\arm-none-eabi\lib\thumb\v6-m\libc_nano.a(lib_a-fwalk.o)
 .debug_frame   0x000006b0       0x20 C:\Programs\GNU Tools ARM Embedded\6.0 2017q1\arm-none-eabi\lib\thumb\v6-m\libc_nano.a(lib_a-memset.o)
 .debug_frame   0x000006d0       0x2c C:\Programs\GNU Tools ARM Embedded\6.0 2017q1\arm-none-eabi\lib\thumb\v6-m\libc_nano.a(lib_a-nano-freer.o)
 .debug_frame   0x000006fc       0x2c C:\Programs\GNU Tools ARM Embedded\6.0 2017q1\arm-none-eabi\lib\thumb\v6-m\libc_nano.a(lib_a-nano-mallocr.o)
 .debug_frame   0x00000728       0x50 C:\Programs\GNU Tools ARM Embedded\6.0 2017q1\arm-none-eabi\lib\thumb\v6-m\libc_nano.a(lib_a-printf.o)
 .debug_frame   0x00000778       0x44 C:\Programs\GNU Tools ARM Embedded\6.0 2017q1\arm-none-eabi\lib\thumb\v6-m\libc_nano.a(lib_a-puts.o)
 .debug_frame   0x000007bc       0x48 C:\Programs\GNU Tools ARM Embedded\6.0 2017q1\arm-none-eabi\lib\thumb\v6-m\libc_nano.a(lib_a-reent.o)
 .debug_frame   0x00000804       0x2c C:\Programs\GNU Tools ARM Embedded\6.0 2017q1\arm-none-eabi\lib\thumb\v6-m\libc_nano.a(lib_a-sbrkr.o)
 .debug_frame   0x00000830       0x90 C:\Programs\GNU Tools ARM Embedded\6.0 2017q1\arm-none-eabi\lib\thumb\v6-m\libc_nano.a(lib_a-stdio.o)
 .debug_frame   0x000008c0       0x48 C:\Programs\GNU Tools ARM Embedded\6.0 2017q1\arm-none-eabi\lib\thumb\v6-m\libc_nano.a(lib_a-wbuf.o)
 .debug_frame   0x00000908       0x2c C:\Programs\GNU Tools ARM Embedded\6.0 2017q1\arm-none-eabi\lib\thumb\v6-m\libc_nano.a(lib_a-writer.o)
 .debug_frame   0x00000934       0x2c C:\Programs\GNU Tools ARM Embedded\6.0 2017q1\arm-none-eabi\lib\thumb\v6-m\libc_nano.a(lib_a-wsetup.o)
 .debug_frame   0x00000960       0x2c C:\Programs\GNU Tools ARM Embedded\6.0 2017q1\arm-none-eabi\lib\thumb\v6-m\libc_nano.a(lib_a-closer.o)
 .debug_frame   0x0000098c       0x2c C:\Programs\GNU Tools ARM Embedded\6.0 2017q1\arm-none-eabi\lib\thumb\v6-m\libc_nano.a(lib_a-lseekr.o)
 .debug_frame   0x000009b8       0x54 C:\Programs\GNU Tools ARM Embedded\6.0 2017q1\arm-none-eabi\lib\thumb\v6-m\libc_nano.a(lib_a-makebuf.o)
 .debug_frame   0x00000a0c       0x30 C:\Programs\GNU Tools ARM Embedded\6.0 2017q1\arm-none-eabi\lib\thumb\v6-m\libc_nano.a(lib_a-mlock.o)
 .debug_frame   0x00000a3c       0x9c C:\Programs\GNU Tools ARM Embedded\6.0 2017q1\arm-none-eabi\lib\thumb\v6-m\libc_nano.a(lib_a-nano-vfprintf.o)
 .debug_frame   0x00000ad8       0x54 C:\Programs\GNU Tools ARM Embedded\6.0 2017q1\arm-none-eabi\lib\thumb\v6-m\libc_nano.a(lib_a-nano-vfprintf_i.o)
 .debug_frame   0x00000b2c       0x2c C:\Programs\GNU Tools ARM Embedded\6.0 2017q1\arm-none-eabi\lib\thumb\v6-m\libc_nano.a(lib_a-readr.o)
 .debug_frame   0x00000b58       0x2c C:\Programs\GNU Tools ARM Embedded\6.0 2017q1\arm-none-eabi\lib\thumb\v6-m\libc_nano.a(lib_a-fstatr.o)
 .debug_frame   0x00000b84       0x30 C:\Programs\GNU Tools ARM Embedded\6.0 2017q1\arm-none-eabi\lib\thumb\v6-m\libc_nano.a(lib_a-fvwrite.o)
 .debug_frame   0x00000bb4       0x2c C:\Programs\GNU Tools ARM Embedded\6.0 2017q1\arm-none-eabi\lib\thumb\v6-m\libc_nano.a(lib_a-isattyr.o)
 .debug_frame   0x00000be0       0x20 C:\Programs\GNU Tools ARM Embedded\6.0 2017q1\arm-none-eabi\lib\thumb\v6-m\libc_nano.a(lib_a-memchr-stub.o)
 .debug_frame   0x00000c00       0x28 C:\Programs\GNU Tools ARM Embedded\6.0 2017q1\arm-none-eabi\lib\thumb\v6-m\libc_nano.a(lib_a-memcpy-stub.o)
 .debug_frame   0x00000c28       0x28 C:\Programs\GNU Tools ARM Embedded\6.0 2017q1\arm-none-eabi\lib\thumb\v6-m\libc_nano.a(lib_a-memmove.o)
 .debug_frame   0x00000c50       0x30 C:\Programs\GNU Tools ARM Embedded\6.0 2017q1\arm-none-eabi\lib\thumb\v6-m\libc_nano.a(lib_a-nano-reallocr.o)
 .debug_frame   0x00000c80       0x20 C:\Programs\GNU Tools ARM Embedded\6.0 2017q1\arm-none-eabi\lib\thumb\v6-m\libc_nano.a(lib_a-nano-msizer.o)
 .debug_frame   0x00000ca0       0x20 C:\Programs\GNU Tools ARM Embedded\6.0 2017q1\lib\gcc\arm-none-eabi\6.3.1\thumb\v6-m\libgcc.a(_udivsi3.o)

.debug_ranges   0x00000000       0x18
 .debug_ranges  0x00000000       0x18 startup.o

Cross Reference Table

Symbol                                            File
ComBusy                                           serial.o
ComError                                          serial.o
ComOpen                                           serial.o
ComRXBuffer                                       serial.o
ComTXBuffer                                       serial.o
Default_Handler                                   startup.o
GetBuf                                            serial.o
GetBufCount                                       serial.o
Hard_Fault_Handler                                startup.o
PutBuf                                            serial.o
ReadCom                                           serial.o
ResetInit                                         startup.o
Vectors                                           startup.o
WriteCom                                          serial.o
_HeapStart                                        newlib_stubs.o
_StackTop                                         newlib_stubs.o
                                                  startup.o
__aeabi_idiv                                      C:\Programs\GNU Tools ARM Embedded\6.0 2017q1\lib\gcc\arm-none-eabi\6.3.1\thumb\v6-m\libgcc.a(_divsi3.o)
                                                  C:\Programs\GNU Tools ARM Embedded\6.0 2017q1\arm-none-eabi\lib\thumb\v6-m\libc_nano.a(lib_a-fvwrite.o)
                                                  serial.o
__aeabi_idiv0                                     C:\Programs\GNU Tools ARM Embedded\6.0 2017q1\lib\gcc\arm-none-eabi\6.3.1\thumb\v6-m\libgcc.a(_dvmd_tls.o)
                                                  C:\Programs\GNU Tools ARM Embedded\6.0 2017q1\lib\gcc\arm-none-eabi\6.3.1\thumb\v6-m\libgcc.a(_udivsi3.o)
                                                  C:\Programs\GNU Tools ARM Embedded\6.0 2017q1\lib\gcc\arm-none-eabi\6.3.1\thumb\v6-m\libgcc.a(_divsi3.o)
__aeabi_idivmod                                   C:\Programs\GNU Tools ARM Embedded\6.0 2017q1\lib\gcc\arm-none-eabi\6.3.1\thumb\v6-m\libgcc.a(_divsi3.o)
__aeabi_ldiv0                                     C:\Programs\GNU Tools ARM Embedded\6.0 2017q1\lib\gcc\arm-none-eabi\6.3.1\thumb\v6-m\libgcc.a(_dvmd_tls.o)
__aeabi_uidiv                                     C:\Programs\GNU Tools ARM Embedded\6.0 2017q1\lib\gcc\arm-none-eabi\6.3.1\thumb\v6-m\libgcc.a(_udivsi3.o)
                                                  C:\Programs\GNU Tools ARM Embedded\6.0 2017q1\arm-none-eabi\lib\thumb\v6-m\libc_nano.a(lib_a-nano-vfprintf_i.o)
__aeabi_uidivmod                                  C:\Programs\GNU Tools ARM Embedded\6.0 2017q1\lib\gcc\arm-none-eabi\6.3.1\thumb\v6-m\libgcc.a(_udivsi3.o)
                                                  C:\Programs\GNU Tools ARM Embedded\6.0 2017q1\arm-none-eabi\lib\thumb\v6-m\libc_nano.a(lib_a-nano-vfprintf_i.o)
__divsi3                                          C:\Programs\GNU Tools ARM Embedded\6.0 2017q1\lib\gcc\arm-none-eabi\6.3.1\thumb\v6-m\libgcc.a(_divsi3.o)
__env                                             newlib_stubs.o
__fp_lock_all                                     C:\Programs\GNU Tools ARM Embedded\6.0 2017q1\arm-none-eabi\lib\thumb\v6-m\libc_nano.a(lib_a-findfp.o)
__fp_unlock_all                                   C:\Programs\GNU Tools ARM Embedded\6.0 2017q1\arm-none-eabi\lib\thumb\v6-m\libc_nano.a(lib_a-findfp.o)
__init_array_end                                  startup.o
__init_array_start                                startup.o
__malloc_free_list                                C:\Programs\GNU Tools ARM Embedded\6.0 2017q1\arm-none-eabi\lib\thumb\v6-m\libc_nano.a(lib_a-nano-mallocr.o)
                                                  C:\Programs\GNU Tools ARM Embedded\6.0 2017q1\arm-none-eabi\lib\thumb\v6-m\libc_nano.a(lib_a-nano-freer.o)
__malloc_lock                                     C:\Programs\GNU Tools ARM Embedded\6.0 2017q1\arm-none-eabi\lib\thumb\v6-m\libc_nano.a(lib_a-mlock.o)
                                                  C:\Programs\GNU Tools ARM Embedded\6.0 2017q1\arm-none-eabi\lib\thumb\v6-m\libc_nano.a(lib_a-nano-mallocr.o)
                                                  C:\Programs\GNU Tools ARM Embedded\6.0 2017q1\arm-none-eabi\lib\thumb\v6-m\libc_nano.a(lib_a-nano-freer.o)
__malloc_sbrk_start                               C:\Programs\GNU Tools ARM Embedded\6.0 2017q1\arm-none-eabi\lib\thumb\v6-m\libc_nano.a(lib_a-nano-mallocr.o)
__malloc_unlock                                   C:\Programs\GNU Tools ARM Embedded\6.0 2017q1\arm-none-eabi\lib\thumb\v6-m\libc_nano.a(lib_a-mlock.o)
                                                  C:\Programs\GNU Tools ARM Embedded\6.0 2017q1\arm-none-eabi\lib\thumb\v6-m\libc_nano.a(lib_a-nano-mallocr.o)
                                                  C:\Programs\GNU Tools ARM Embedded\6.0 2017q1\arm-none-eabi\lib\thumb\v6-m\libc_nano.a(lib_a-nano-freer.o)
__sclose                                          C:\Programs\GNU Tools ARM Embedded\6.0 2017q1\arm-none-eabi\lib\thumb\v6-m\libc_nano.a(lib_a-stdio.o)
                                                  C:\Programs\GNU Tools ARM Embedded\6.0 2017q1\arm-none-eabi\lib\thumb\v6-m\libc_nano.a(lib_a-findfp.o)
__seofread                                        C:\Programs\GNU Tools ARM Embedded\6.0 2017q1\arm-none-eabi\lib\thumb\v6-m\libc_nano.a(lib_a-stdio.o)
__sf_fake_stderr                                  C:\Programs\GNU Tools ARM Embedded\6.0 2017q1\arm-none-eabi\lib\thumb\v6-m\libc_nano.a(lib_a-findfp.o)
                                                  C:\Programs\GNU Tools ARM Embedded\6.0 2017q1\arm-none-eabi\lib\thumb\v6-m\libc_nano.a(lib_a-nano-vfprintf.o)
                                                  C:\Programs\GNU Tools ARM Embedded\6.0 2017q1\arm-none-eabi\lib\thumb\v6-m\libc_nano.a(lib_a-wsetup.o)
                                                  C:\Programs\GNU Tools ARM Embedded\6.0 2017q1\arm-none-eabi\lib\thumb\v6-m\libc_nano.a(lib_a-wbuf.o)
                                                  C:\Programs\GNU Tools ARM Embedded\6.0 2017q1\arm-none-eabi\lib\thumb\v6-m\libc_nano.a(lib_a-puts.o)
                                                  C:\Programs\GNU Tools ARM Embedded\6.0 2017q1\arm-none-eabi\lib\thumb\v6-m\libc_nano.a(lib_a-impure.o)
                                                  C:\Programs\GNU Tools ARM Embedded\6.0 2017q1\arm-none-eabi\lib\thumb\v6-m\libc_nano.a(lib_a-fflush.o)
__sf_fake_stdin                                   C:\Programs\GNU Tools ARM Embedded\6.0 2017q1\arm-none-eabi\lib\thumb\v6-m\libc_nano.a(lib_a-findfp.o)
                                                  C:\Programs\GNU Tools ARM Embedded\6.0 2017q1\arm-none-eabi\lib\thumb\v6-m\libc_nano.a(lib_a-nano-vfprintf.o)
                                                  C:\Programs\GNU Tools ARM Embedded\6.0 2017q1\arm-none-eabi\lib\thumb\v6-m\libc_nano.a(lib_a-wsetup.o)
                                                  C:\Programs\GNU Tools ARM Embedded\6.0 2017q1\arm-none-eabi\lib\thumb\v6-m\libc_nano.a(lib_a-wbuf.o)
                                                  C:\Programs\GNU Tools ARM Embedded\6.0 2017q1\arm-none-eabi\lib\thumb\v6-m\libc_nano.a(lib_a-puts.o)
                                                  C:\Programs\GNU Tools ARM Embedded\6.0 2017q1\arm-none-eabi\lib\thumb\v6-m\libc_nano.a(lib_a-impure.o)
                                                  C:\Programs\GNU Tools ARM Embedded\6.0 2017q1\arm-none-eabi\lib\thumb\v6-m\libc_nano.a(lib_a-fflush.o)
__sf_fake_stdout                                  C:\Programs\GNU Tools ARM Embedded\6.0 2017q1\arm-none-eabi\lib\thumb\v6-m\libc_nano.a(lib_a-findfp.o)
                                                  C:\Programs\GNU Tools ARM Embedded\6.0 2017q1\arm-none-eabi\lib\thumb\v6-m\libc_nano.a(lib_a-nano-vfprintf.o)
                                                  C:\Programs\GNU Tools ARM Embedded\6.0 2017q1\arm-none-eabi\lib\thumb\v6-m\libc_nano.a(lib_a-wsetup.o)
                                                  C:\Programs\GNU Tools ARM Embedded\6.0 2017q1\arm-none-eabi\lib\thumb\v6-m\libc_nano.a(lib_a-wbuf.o)
                                                  C:\Programs\GNU Tools ARM Embedded\6.0 2017q1\arm-none-eabi\lib\thumb\v6-m\libc_nano.a(lib_a-puts.o)
                                                  C:\Programs\GNU Tools ARM Embedded\6.0 2017q1\arm-none-eabi\lib\thumb\v6-m\libc_nano.a(lib_a-impure.o)
                                                  C:\Programs\GNU Tools ARM Embedded\6.0 2017q1\arm-none-eabi\lib\thumb\v6-m\libc_nano.a(lib_a-fflush.o)
__sflush_r                                        C:\Programs\GNU Tools ARM Embedded\6.0 2017q1\arm-none-eabi\lib\thumb\v6-m\libc_nano.a(lib_a-fflush.o)
__sfmoreglue                                      C:\Programs\GNU Tools ARM Embedded\6.0 2017q1\arm-none-eabi\lib\thumb\v6-m\libc_nano.a(lib_a-findfp.o)
__sfp                                             C:\Programs\GNU Tools ARM Embedded\6.0 2017q1\arm-none-eabi\lib\thumb\v6-m\libc_nano.a(lib_a-findfp.o)
__sfp_lock_acquire                                C:\Programs\GNU Tools ARM Embedded\6.0 2017q1\arm-none-eabi\lib\thumb\v6-m\libc_nano.a(lib_a-findfp.o)
__sfp_lock_release                                C:\Programs\GNU Tools ARM Embedded\6.0 2017q1\arm-none-eabi\lib\thumb\v6-m\libc_nano.a(lib_a-findfp.o)
__sfputs_r                                        C:\Programs\GNU Tools ARM Embedded\6.0 2017q1\arm-none-eabi\lib\thumb\v6-m\libc_nano.a(lib_a-nano-vfprintf.o)
__sfvwrite_r                                      C:\Programs\GNU Tools ARM Embedded\6.0 2017q1\arm-none-eabi\lib\thumb\v6-m\libc_nano.a(lib_a-fvwrite.o)
                                                  C:\Programs\GNU Tools ARM Embedded\6.0 2017q1\arm-none-eabi\lib\thumb\v6-m\libc_nano.a(lib_a-nano-vfprintf.o)
__sinit                                           C:\Programs\GNU Tools ARM Embedded\6.0 2017q1\arm-none-eabi\lib\thumb\v6-m\libc_nano.a(lib_a-findfp.o)
                                                  C:\Programs\GNU Tools ARM Embedded\6.0 2017q1\arm-none-eabi\lib\thumb\v6-m\libc_nano.a(lib_a-nano-vfprintf.o)
                                                  C:\Programs\GNU Tools ARM Embedded\6.0 2017q1\arm-none-eabi\lib\thumb\v6-m\libc_nano.a(lib_a-wsetup.o)
                                                  C:\Programs\GNU Tools ARM Embedded\6.0 2017q1\arm-none-eabi\lib\thumb\v6-m\libc_nano.a(lib_a-wbuf.o)
                                                  C:\Programs\GNU Tools ARM Embedded\6.0 2017q1\arm-none-eabi\lib\thumb\v6-m\libc_nano.a(lib_a-puts.o)
                                                  C:\Programs\GNU Tools ARM Embedded\6.0 2017q1\arm-none-eabi\lib\thumb\v6-m\libc_nano.a(lib_a-printf.o)
                                                  C:\Programs\GNU Tools ARM Embedded\6.0 2017q1\arm-none-eabi\lib\thumb\v6-m\libc_nano.a(lib_a-fflush.o)
__sinit_lock_acquire                              C:\Programs\GNU Tools ARM Embedded\6.0 2017q1\arm-none-eabi\lib\thumb\v6-m\libc_nano.a(lib_a-findfp.o)
__sinit_lock_release                              C:\Programs\GNU Tools ARM Embedded\6.0 2017q1\arm-none-eabi\lib\thumb\v6-m\libc_nano.a(lib_a-findfp.o)
__smakebuf_r                                      C:\Programs\GNU Tools ARM Embedded\6.0 2017q1\arm-none-eabi\lib\thumb\v6-m\libc_nano.a(lib_a-makebuf.o)
                                                  C:\Programs\GNU Tools ARM Embedded\6.0 2017q1\arm-none-eabi\lib\thumb\v6-m\libc_nano.a(lib_a-wsetup.o)
__sprint_r                                        C:\Programs\GNU Tools ARM Embedded\6.0 2017q1\arm-none-eabi\lib\thumb\v6-m\libc_nano.a(lib_a-nano-vfprintf.o)
__sread                                           C:\Programs\GNU Tools ARM Embedded\6.0 2017q1\arm-none-eabi\lib\thumb\v6-m\libc_nano.a(lib_a-stdio.o)
                                                  C:\Programs\GNU Tools ARM Embedded\6.0 2017q1\arm-none-eabi\lib\thumb\v6-m\libc_nano.a(lib_a-findfp.o)
__sseek                                           C:\Programs\GNU Tools ARM Embedded\6.0 2017q1\arm-none-eabi\lib\thumb\v6-m\libc_nano.a(lib_a-stdio.o)
                                                  C:\Programs\GNU Tools ARM Embedded\6.0 2017q1\arm-none-eabi\lib\thumb\v6-m\libc_nano.a(lib_a-findfp.o)
__swbuf                                           C:\Programs\GNU Tools ARM Embedded\6.0 2017q1\arm-none-eabi\lib\thumb\v6-m\libc_nano.a(lib_a-wbuf.o)
__swbuf_r                                         C:\Programs\GNU Tools ARM Embedded\6.0 2017q1\arm-none-eabi\lib\thumb\v6-m\libc_nano.a(lib_a-wbuf.o)
                                                  C:\Programs\GNU Tools ARM Embedded\6.0 2017q1\arm-none-eabi\lib\thumb\v6-m\libc_nano.a(lib_a-nano-vfprintf.o)
                                                  C:\Programs\GNU Tools ARM Embedded\6.0 2017q1\arm-none-eabi\lib\thumb\v6-m\libc_nano.a(lib_a-puts.o)
__swhatbuf_r                                      C:\Programs\GNU Tools ARM Embedded\6.0 2017q1\arm-none-eabi\lib\thumb\v6-m\libc_nano.a(lib_a-makebuf.o)
__swrite                                          C:\Programs\GNU Tools ARM Embedded\6.0 2017q1\arm-none-eabi\lib\thumb\v6-m\libc_nano.a(lib_a-stdio.o)
                                                  C:\Programs\GNU Tools ARM Embedded\6.0 2017q1\arm-none-eabi\lib\thumb\v6-m\libc_nano.a(lib_a-findfp.o)
__swsetup_r                                       C:\Programs\GNU Tools ARM Embedded\6.0 2017q1\arm-none-eabi\lib\thumb\v6-m\libc_nano.a(lib_a-wsetup.o)
                                                  C:\Programs\GNU Tools ARM Embedded\6.0 2017q1\arm-none-eabi\lib\thumb\v6-m\libc_nano.a(lib_a-fvwrite.o)
                                                  C:\Programs\GNU Tools ARM Embedded\6.0 2017q1\arm-none-eabi\lib\thumb\v6-m\libc_nano.a(lib_a-nano-vfprintf.o)
                                                  C:\Programs\GNU Tools ARM Embedded\6.0 2017q1\arm-none-eabi\lib\thumb\v6-m\libc_nano.a(lib_a-wbuf.o)
                                                  C:\Programs\GNU Tools ARM Embedded\6.0 2017q1\arm-none-eabi\lib\thumb\v6-m\libc_nano.a(lib_a-puts.o)
__udivsi3                                         C:\Programs\GNU Tools ARM Embedded\6.0 2017q1\lib\gcc\arm-none-eabi\6.3.1\thumb\v6-m\libgcc.a(_udivsi3.o)
_cleanup                                          C:\Programs\GNU Tools ARM Embedded\6.0 2017q1\arm-none-eabi\lib\thumb\v6-m\libc_nano.a(lib_a-findfp.o)
_cleanup_r                                        C:\Programs\GNU Tools ARM Embedded\6.0 2017q1\arm-none-eabi\lib\thumb\v6-m\libc_nano.a(lib_a-findfp.o)
                                                  C:\Programs\GNU Tools ARM Embedded\6.0 2017q1\arm-none-eabi\lib\thumb\v6-m\libc_nano.a(lib_a-makebuf.o)
_close                                            newlib_stubs.o
                                                  C:\Programs\GNU Tools ARM Embedded\6.0 2017q1\arm-none-eabi\lib\thumb\v6-m\libc_nano.a(lib_a-closer.o)
_close_r                                          C:\Programs\GNU Tools ARM Embedded\6.0 2017q1\arm-none-eabi\lib\thumb\v6-m\libc_nano.a(lib_a-closer.o)
                                                  C:\Programs\GNU Tools ARM Embedded\6.0 2017q1\arm-none-eabi\lib\thumb\v6-m\libc_nano.a(lib_a-stdio.o)
_data                                             startup.o
_ebss                                             startup.o
_edata                                            startup.o
_etext                                            startup.o
_execve                                           newlib_stubs.o
_exit                                             newlib_stubs.o
_fflush_r                                         C:\Programs\GNU Tools ARM Embedded\6.0 2017q1\arm-none-eabi\lib\thumb\v6-m\libc_nano.a(lib_a-fflush.o)
                                                  C:\Programs\GNU Tools ARM Embedded\6.0 2017q1\arm-none-eabi\lib\thumb\v6-m\libc_nano.a(lib_a-fvwrite.o)
                                                  C:\Programs\GNU Tools ARM Embedded\6.0 2017q1\arm-none-eabi\lib\thumb\v6-m\libc_nano.a(lib_a-wbuf.o)
                                                  C:\Programs\GNU Tools ARM Embedded\6.0 2017q1\arm-none-eabi\lib\thumb\v6-m\libc_nano.a(lib_a-findfp.o)
_fork                                             newlib_stubs.o
_free_r                                           C:\Programs\GNU Tools ARM Embedded\6.0 2017q1\arm-none-eabi\lib\thumb\v6-m\libc_nano.a(lib_a-nano-freer.o)
                                                  C:\Programs\GNU Tools ARM Embedded\6.0 2017q1\arm-none-eabi\lib\thumb\v6-m\libc_nano.a(lib_a-nano-reallocr.o)
                                                  C:\Programs\GNU Tools ARM Embedded\6.0 2017q1\arm-none-eabi\lib\thumb\v6-m\libc_nano.a(lib_a-fvwrite.o)
                                                  C:\Programs\GNU Tools ARM Embedded\6.0 2017q1\arm-none-eabi\lib\thumb\v6-m\libc_nano.a(lib_a-wsetup.o)
                                                  C:\Programs\GNU Tools ARM Embedded\6.0 2017q1\arm-none-eabi\lib\thumb\v6-m\libc_nano.a(lib_a-reent.o)
                                                  C:\Programs\GNU Tools ARM Embedded\6.0 2017q1\arm-none-eabi\lib\thumb\v6-m\libc_nano.a(lib_a-fflush.o)
_fstat                                            newlib_stubs.o
                                                  C:\Programs\GNU Tools ARM Embedded\6.0 2017q1\arm-none-eabi\lib\thumb\v6-m\libc_nano.a(lib_a-fstatr.o)
_fstat_r                                          C:\Programs\GNU Tools ARM Embedded\6.0 2017q1\arm-none-eabi\lib\thumb\v6-m\libc_nano.a(lib_a-fstatr.o)
                                                  C:\Programs\GNU Tools ARM Embedded\6.0 2017q1\arm-none-eabi\lib\thumb\v6-m\libc_nano.a(lib_a-makebuf.o)
_fwalk                                            C:\Programs\GNU Tools ARM Embedded\6.0 2017q1\arm-none-eabi\lib\thumb\v6-m\libc_nano.a(lib_a-fwalk.o)
                                                  C:\Programs\GNU Tools ARM Embedded\6.0 2017q1\arm-none-eabi\lib\thumb\v6-m\libc_nano.a(lib_a-findfp.o)
_fwalk_reent                                      C:\Programs\GNU Tools ARM Embedded\6.0 2017q1\arm-none-eabi\lib\thumb\v6-m\libc_nano.a(lib_a-fwalk.o)
                                                  C:\Programs\GNU Tools ARM Embedded\6.0 2017q1\arm-none-eabi\lib\thumb\v6-m\libc_nano.a(lib_a-findfp.o)
                                                  C:\Programs\GNU Tools ARM Embedded\6.0 2017q1\arm-none-eabi\lib\thumb\v6-m\libc_nano.a(lib_a-fflush.o)
_getpid                                           newlib_stubs.o
_global_impure_ptr                                C:\Programs\GNU Tools ARM Embedded\6.0 2017q1\arm-none-eabi\lib\thumb\v6-m\libc_nano.a(lib_a-impure.o)
                                                  C:\Programs\GNU Tools ARM Embedded\6.0 2017q1\arm-none-eabi\lib\thumb\v6-m\libc_nano.a(lib_a-findfp.o)
                                                  C:\Programs\GNU Tools ARM Embedded\6.0 2017q1\arm-none-eabi\lib\thumb\v6-m\libc_nano.a(lib_a-fflush.o)
_impure_ptr                                       C:\Programs\GNU Tools ARM Embedded\6.0 2017q1\arm-none-eabi\lib\thumb\v6-m\libc_nano.a(lib_a-impure.o)
                                                  C:\Programs\GNU Tools ARM Embedded\6.0 2017q1\arm-none-eabi\lib\thumb\v6-m\libc_nano.a(lib_a-nano-vfprintf.o)
                                                  C:\Programs\GNU Tools ARM Embedded\6.0 2017q1\arm-none-eabi\lib\thumb\v6-m\libc_nano.a(lib_a-wsetup.o)
                                                  C:\Programs\GNU Tools ARM Embedded\6.0 2017q1\arm-none-eabi\lib\thumb\v6-m\libc_nano.a(lib_a-wbuf.o)
                                                  C:\Programs\GNU Tools ARM Embedded\6.0 2017q1\arm-none-eabi\lib\thumb\v6-m\libc_nano.a(lib_a-reent.o)
                                                  C:\Programs\GNU Tools ARM Embedded\6.0 2017q1\arm-none-eabi\lib\thumb\v6-m\libc_nano.a(lib_a-puts.o)
                                                  C:\Programs\GNU Tools ARM Embedded\6.0 2017q1\arm-none-eabi\lib\thumb\v6-m\libc_nano.a(lib_a-printf.o)
                                                  C:\Programs\GNU Tools ARM Embedded\6.0 2017q1\arm-none-eabi\lib\thumb\v6-m\libc_nano.a(lib_a-findfp.o)
                                                  C:\Programs\GNU Tools ARM Embedded\6.0 2017q1\arm-none-eabi\lib\thumb\v6-m\libc_nano.a(lib_a-fflush.o)
                                                  main.o
_iprintf_r                                        C:\Programs\GNU Tools ARM Embedded\6.0 2017q1\arm-none-eabi\lib\thumb\v6-m\libc_nano.a(lib_a-printf.o)
_isatty                                           newlib_stubs.o
                                                  C:\Programs\GNU Tools ARM Embedded\6.0 2017q1\arm-none-eabi\lib\thumb\v6-m\libc_nano.a(lib_a-isattyr.o)
_isatty_r                                         C:\Programs\GNU Tools ARM Embedded\6.0 2017q1\arm-none-eabi\lib\thumb\v6-m\libc_nano.a(lib_a-isattyr.o)
                                                  C:\Programs\GNU Tools ARM Embedded\6.0 2017q1\arm-none-eabi\lib\thumb\v6-m\libc_nano.a(lib_a-makebuf.o)
_kill                                             newlib_stubs.o
_link                                             newlib_stubs.o
_lseek                                            newlib_stubs.o
                                                  C:\Programs\GNU Tools ARM Embedded\6.0 2017q1\arm-none-eabi\lib\thumb\v6-m\libc_nano.a(lib_a-lseekr.o)
_lseek_r                                          C:\Programs\GNU Tools ARM Embedded\6.0 2017q1\arm-none-eabi\lib\thumb\v6-m\libc_nano.a(lib_a-lseekr.o)
                                                  C:\Programs\GNU Tools ARM Embedded\6.0 2017q1\arm-none-eabi\lib\thumb\v6-m\libc_nano.a(lib_a-stdio.o)
_malloc_r                                         C:\Programs\GNU Tools ARM Embedded\6.0 2017q1\arm-none-eabi\lib\thumb\v6-m\libc_nano.a(lib_a-nano-mallocr.o)
                                                  C:\Programs\GNU Tools ARM Embedded\6.0 2017q1\arm-none-eabi\lib\thumb\v6-m\libc_nano.a(lib_a-nano-reallocr.o)
                                                  C:\Programs\GNU Tools ARM Embedded\6.0 2017q1\arm-none-eabi\lib\thumb\v6-m\libc_nano.a(lib_a-fvwrite.o)
                                                  C:\Programs\GNU Tools ARM Embedded\6.0 2017q1\arm-none-eabi\lib\thumb\v6-m\libc_nano.a(lib_a-makebuf.o)
                                                  C:\Programs\GNU Tools ARM Embedded\6.0 2017q1\arm-none-eabi\lib\thumb\v6-m\libc_nano.a(lib_a-findfp.o)
_malloc_usable_size_r                             C:\Programs\GNU Tools ARM Embedded\6.0 2017q1\arm-none-eabi\lib\thumb\v6-m\libc_nano.a(lib_a-nano-msizer.o)
                                                  C:\Programs\GNU Tools ARM Embedded\6.0 2017q1\arm-none-eabi\lib\thumb\v6-m\libc_nano.a(lib_a-nano-reallocr.o)
_printf_common                                    C:\Programs\GNU Tools ARM Embedded\6.0 2017q1\arm-none-eabi\lib\thumb\v6-m\libc_nano.a(lib_a-nano-vfprintf_i.o)
_printf_float                                     C:\Programs\GNU Tools ARM Embedded\6.0 2017q1\arm-none-eabi\lib\thumb\v6-m\libc_nano.a(lib_a-nano-vfprintf.o)
_printf_i                                         C:\Programs\GNU Tools ARM Embedded\6.0 2017q1\arm-none-eabi\lib\thumb\v6-m\libc_nano.a(lib_a-nano-vfprintf_i.o)
                                                  C:\Programs\GNU Tools ARM Embedded\6.0 2017q1\arm-none-eabi\lib\thumb\v6-m\libc_nano.a(lib_a-nano-vfprintf.o)
_printf_r                                         C:\Programs\GNU Tools ARM Embedded\6.0 2017q1\arm-none-eabi\lib\thumb\v6-m\libc_nano.a(lib_a-printf.o)
_puts_r                                           C:\Programs\GNU Tools ARM Embedded\6.0 2017q1\arm-none-eabi\lib\thumb\v6-m\libc_nano.a(lib_a-puts.o)
_read                                             newlib_stubs.o
                                                  C:\Programs\GNU Tools ARM Embedded\6.0 2017q1\arm-none-eabi\lib\thumb\v6-m\libc_nano.a(lib_a-readr.o)
_read_r                                           C:\Programs\GNU Tools ARM Embedded\6.0 2017q1\arm-none-eabi\lib\thumb\v6-m\libc_nano.a(lib_a-readr.o)
                                                  C:\Programs\GNU Tools ARM Embedded\6.0 2017q1\arm-none-eabi\lib\thumb\v6-m\libc_nano.a(lib_a-stdio.o)
_realloc_r                                        C:\Programs\GNU Tools ARM Embedded\6.0 2017q1\arm-none-eabi\lib\thumb\v6-m\libc_nano.a(lib_a-nano-reallocr.o)
                                                  C:\Programs\GNU Tools ARM Embedded\6.0 2017q1\arm-none-eabi\lib\thumb\v6-m\libc_nano.a(lib_a-fvwrite.o)
_reclaim_reent                                    C:\Programs\GNU Tools ARM Embedded\6.0 2017q1\arm-none-eabi\lib\thumb\v6-m\libc_nano.a(lib_a-reent.o)
_sbrk                                             newlib_stubs.o
                                                  C:\Programs\GNU Tools ARM Embedded\6.0 2017q1\arm-none-eabi\lib\thumb\v6-m\libc_nano.a(lib_a-sbrkr.o)
_sbrk_r                                           C:\Programs\GNU Tools ARM Embedded\6.0 2017q1\arm-none-eabi\lib\thumb\v6-m\libc_nano.a(lib_a-sbrkr.o)
                                                  C:\Programs\GNU Tools ARM Embedded\6.0 2017q1\arm-none-eabi\lib\thumb\v6-m\libc_nano.a(lib_a-nano-mallocr.o)
_stat                                             newlib_stubs.o
_times                                            newlib_stubs.o
_unlink                                           newlib_stubs.o
_vfiprintf_r                                      C:\Programs\GNU Tools ARM Embedded\6.0 2017q1\arm-none-eabi\lib\thumb\v6-m\libc_nano.a(lib_a-nano-vfprintf.o)
_vfprintf_r                                       C:\Programs\GNU Tools ARM Embedded\6.0 2017q1\arm-none-eabi\lib\thumb\v6-m\libc_nano.a(lib_a-nano-vfprintf.o)
                                                  C:\Programs\GNU Tools ARM Embedded\6.0 2017q1\arm-none-eabi\lib\thumb\v6-m\libc_nano.a(lib_a-printf.o)
_wait                                             newlib_stubs.o
_write                                            newlib_stubs.o
                                                  C:\Programs\GNU Tools ARM Embedded\6.0 2017q1\arm-none-eabi\lib\thumb\v6-m\libc_nano.a(lib_a-writer.o)
_write_r                                          C:\Programs\GNU Tools ARM Embedded\6.0 2017q1\arm-none-eabi\lib\thumb\v6-m\libc_nano.a(lib_a-writer.o)
                                                  C:\Programs\GNU Tools ARM Embedded\6.0 2017q1\arm-none-eabi\lib\thumb\v6-m\libc_nano.a(lib_a-stdio.o)
cleanup_glue                                      C:\Programs\GNU Tools ARM Embedded\6.0 2017q1\arm-none-eabi\lib\thumb\v6-m\libc_nano.a(lib_a-reent.o)
egetc                                             serial.o
                                                  newlib_stubs.o
egets                                             serial.o
environ                                           newlib_stubs.o
eputc                                             serial.o
                                                  newlib_stubs.o
eputs                                             serial.o
                                                  startup.o
errno                                             C:\Programs\GNU Tools ARM Embedded\6.0 2017q1\arm-none-eabi\lib\thumb\v6-m\libc_nano.a(lib_a-reent.o)
                                                  C:\Programs\GNU Tools ARM Embedded\6.0 2017q1\arm-none-eabi\lib\thumb\v6-m\libc_nano.a(lib_a-isattyr.o)
                                                  C:\Programs\GNU Tools ARM Embedded\6.0 2017q1\arm-none-eabi\lib\thumb\v6-m\libc_nano.a(lib_a-fstatr.o)
                                                  C:\Programs\GNU Tools ARM Embedded\6.0 2017q1\arm-none-eabi\lib\thumb\v6-m\libc_nano.a(lib_a-readr.o)
                                                  C:\Programs\GNU Tools ARM Embedded\6.0 2017q1\arm-none-eabi\lib\thumb\v6-m\libc_nano.a(lib_a-lseekr.o)
                                                  C:\Programs\GNU Tools ARM Embedded\6.0 2017q1\arm-none-eabi\lib\thumb\v6-m\libc_nano.a(lib_a-closer.o)
                                                  C:\Programs\GNU Tools ARM Embedded\6.0 2017q1\arm-none-eabi\lib\thumb\v6-m\libc_nano.a(lib_a-writer.o)
                                                  C:\Programs\GNU Tools ARM Embedded\6.0 2017q1\arm-none-eabi\lib\thumb\v6-m\libc_nano.a(lib_a-sbrkr.o)
                                                  newlib_stubs.o
fflush                                            C:\Programs\GNU Tools ARM Embedded\6.0 2017q1\arm-none-eabi\lib\thumb\v6-m\libc_nano.a(lib_a-fflush.o)
                                                  main.o
initClock                                         startup.o
initUART                                          serial.o
                                                  startup.o
iprintf                                           C:\Programs\GNU Tools ARM Embedded\6.0 2017q1\arm-none-eabi\lib\thumb\v6-m\libc_nano.a(lib_a-printf.o)
isr_usart1                                        serial.o
                                                  startup.o
main                                              main.o
                                                  startup.o
memchr                                            C:\Programs\GNU Tools ARM Embedded\6.0 2017q1\arm-none-eabi\lib\thumb\v6-m\libc_nano.a(lib_a-memchr-stub.o)
                                                  C:\Programs\GNU Tools ARM Embedded\6.0 2017q1\arm-none-eabi\lib\thumb\v6-m\libc_nano.a(lib_a-fvwrite.o)
                                                  C:\Programs\GNU Tools ARM Embedded\6.0 2017q1\arm-none-eabi\lib\thumb\v6-m\libc_nano.a(lib_a-nano-vfprintf_i.o)
                                                  C:\Programs\GNU Tools ARM Embedded\6.0 2017q1\arm-none-eabi\lib\thumb\v6-m\libc_nano.a(lib_a-nano-vfprintf.o)
memcpy                                            C:\Programs\GNU Tools ARM Embedded\6.0 2017q1\arm-none-eabi\lib\thumb\v6-m\libc_nano.a(lib_a-memcpy-stub.o)
                                                  C:\Programs\GNU Tools ARM Embedded\6.0 2017q1\arm-none-eabi\lib\thumb\v6-m\libc_nano.a(lib_a-nano-reallocr.o)
                                                  C:\Programs\GNU Tools ARM Embedded\6.0 2017q1\arm-none-eabi\lib\thumb\v6-m\libc_nano.a(lib_a-fvwrite.o)
memmove                                           C:\Programs\GNU Tools ARM Embedded\6.0 2017q1\arm-none-eabi\lib\thumb\v6-m\libc_nano.a(lib_a-memmove.o)
                                                  C:\Programs\GNU Tools ARM Embedded\6.0 2017q1\arm-none-eabi\lib\thumb\v6-m\libc_nano.a(lib_a-fvwrite.o)
memset                                            C:\Programs\GNU Tools ARM Embedded\6.0 2017q1\arm-none-eabi\lib\thumb\v6-m\libc_nano.a(lib_a-memset.o)
                                                  C:\Programs\GNU Tools ARM Embedded\6.0 2017q1\arm-none-eabi\lib\thumb\v6-m\libc_nano.a(lib_a-findfp.o)
printf                                            C:\Programs\GNU Tools ARM Embedded\6.0 2017q1\arm-none-eabi\lib\thumb\v6-m\libc_nano.a(lib_a-printf.o)
                                                  main.o
puts                                              C:\Programs\GNU Tools ARM Embedded\6.0 2017q1\arm-none-eabi\lib\thumb\v6-m\libc_nano.a(lib_a-puts.o)
                                                  main.o
usart_rx                                          serial.o
usart_tx                                          serial.o
vfiprintf                                         C:\Programs\GNU Tools ARM Embedded\6.0 2017q1\arm-none-eabi\lib\thumb\v6-m\libc_nano.a(lib_a-nano-vfprintf.o)
vfprintf                                          C:\Programs\GNU Tools ARM Embedded\6.0 2017q1\arm-none-eabi\lib\thumb\v6-m\libc_nano.a(lib_a-nano-vfprintf.o)
