Archive member included to satisfy reference by file (symbol)

C:\Programs\GNU Tools ARM Embedded\6.0 2017q1\lib\gcc\arm-none-eabi\6.3.1\thumb\v6-m\libgcc.a(_divsi3.o)
                              main.o (__aeabi_idiv)
C:\Programs\GNU Tools ARM Embedded\6.0 2017q1\lib\gcc\arm-none-eabi\6.3.1\thumb\v6-m\libgcc.a(_dvmd_tls.o)
                              C:\Programs\GNU Tools ARM Embedded\6.0 2017q1\lib\gcc\arm-none-eabi\6.3.1\thumb\v6-m\libgcc.a(_divsi3.o) (__aeabi_idiv0)
C:\Programs\GNU Tools ARM Embedded\6.0 2017q1\arm-none-eabi\lib\thumb\v6-m\libc_nano.a(lib_a-atoi.o)
                              main.o (atoi)
C:\Programs\GNU Tools ARM Embedded\6.0 2017q1\arm-none-eabi\lib\thumb\v6-m\libc_nano.a(lib_a-fflush.o)
                              main.o (fflush)
C:\Programs\GNU Tools ARM Embedded\6.0 2017q1\arm-none-eabi\lib\thumb\v6-m\libc_nano.a(lib_a-findfp.o)
                              C:\Programs\GNU Tools ARM Embedded\6.0 2017q1\arm-none-eabi\lib\thumb\v6-m\libc_nano.a(lib_a-fflush.o) (__sinit)
C:\Programs\GNU Tools ARM Embedded\6.0 2017q1\arm-none-eabi\lib\thumb\v6-m\libc_nano.a(lib_a-fwalk.o)
                              C:\Programs\GNU Tools ARM Embedded\6.0 2017q1\arm-none-eabi\lib\thumb\v6-m\libc_nano.a(lib_a-findfp.o) (_fwalk)
C:\Programs\GNU Tools ARM Embedded\6.0 2017q1\arm-none-eabi\lib\thumb\v6-m\libc_nano.a(lib_a-impure.o)
                              C:\Programs\GNU Tools ARM Embedded\6.0 2017q1\arm-none-eabi\lib\thumb\v6-m\libc_nano.a(lib_a-fflush.o) (_global_impure_ptr)
C:\Programs\GNU Tools ARM Embedded\6.0 2017q1\arm-none-eabi\lib\thumb\v6-m\libc_nano.a(lib_a-memset.o)
                              C:\Programs\GNU Tools ARM Embedded\6.0 2017q1\arm-none-eabi\lib\thumb\v6-m\libc_nano.a(lib_a-findfp.o) (memset)
C:\Programs\GNU Tools ARM Embedded\6.0 2017q1\arm-none-eabi\lib\thumb\v6-m\libc_nano.a(lib_a-nano-freer.o)
                              C:\Programs\GNU Tools ARM Embedded\6.0 2017q1\arm-none-eabi\lib\thumb\v6-m\libc_nano.a(lib_a-fflush.o) (_free_r)
C:\Programs\GNU Tools ARM Embedded\6.0 2017q1\arm-none-eabi\lib\thumb\v6-m\libc_nano.a(lib_a-nano-mallocr.o)
                              C:\Programs\GNU Tools ARM Embedded\6.0 2017q1\arm-none-eabi\lib\thumb\v6-m\libc_nano.a(lib_a-findfp.o) (_malloc_r)
C:\Programs\GNU Tools ARM Embedded\6.0 2017q1\arm-none-eabi\lib\thumb\v6-m\libc_nano.a(lib_a-printf.o)
                              main.o (printf)
C:\Programs\GNU Tools ARM Embedded\6.0 2017q1\arm-none-eabi\lib\thumb\v6-m\libc_nano.a(lib_a-puts.o)
                              main.o (puts)
C:\Programs\GNU Tools ARM Embedded\6.0 2017q1\arm-none-eabi\lib\thumb\v6-m\libc_nano.a(lib_a-reent.o)
                              newlib_stubs.o (errno)
C:\Programs\GNU Tools ARM Embedded\6.0 2017q1\arm-none-eabi\lib\thumb\v6-m\libc_nano.a(lib_a-sbrkr.o)
                              C:\Programs\GNU Tools ARM Embedded\6.0 2017q1\arm-none-eabi\lib\thumb\v6-m\libc_nano.a(lib_a-nano-mallocr.o) (_sbrk_r)
C:\Programs\GNU Tools ARM Embedded\6.0 2017q1\arm-none-eabi\lib\thumb\v6-m\libc_nano.a(lib_a-stdio.o)
                              C:\Programs\GNU Tools ARM Embedded\6.0 2017q1\arm-none-eabi\lib\thumb\v6-m\libc_nano.a(lib_a-findfp.o) (__sread)
C:\Programs\GNU Tools ARM Embedded\6.0 2017q1\arm-none-eabi\lib\thumb\v6-m\libc_nano.a(lib_a-strtol.o)
                              C:\Programs\GNU Tools ARM Embedded\6.0 2017q1\arm-none-eabi\lib\thumb\v6-m\libc_nano.a(lib_a-atoi.o) (_strtol_r)
C:\Programs\GNU Tools ARM Embedded\6.0 2017q1\arm-none-eabi\lib\thumb\v6-m\libc_nano.a(lib_a-wbuf.o)
                              C:\Programs\GNU Tools ARM Embedded\6.0 2017q1\arm-none-eabi\lib\thumb\v6-m\libc_nano.a(lib_a-puts.o) (__swbuf_r)
C:\Programs\GNU Tools ARM Embedded\6.0 2017q1\arm-none-eabi\lib\thumb\v6-m\libc_nano.a(lib_a-writer.o)
                              C:\Programs\GNU Tools ARM Embedded\6.0 2017q1\arm-none-eabi\lib\thumb\v6-m\libc_nano.a(lib_a-stdio.o) (_write_r)
C:\Programs\GNU Tools ARM Embedded\6.0 2017q1\arm-none-eabi\lib\thumb\v6-m\libc_nano.a(lib_a-wsetup.o)
                              C:\Programs\GNU Tools ARM Embedded\6.0 2017q1\arm-none-eabi\lib\thumb\v6-m\libc_nano.a(lib_a-puts.o) (__swsetup_r)
C:\Programs\GNU Tools ARM Embedded\6.0 2017q1\arm-none-eabi\lib\thumb\v6-m\libc_nano.a(lib_a-closer.o)
                              C:\Programs\GNU Tools ARM Embedded\6.0 2017q1\arm-none-eabi\lib\thumb\v6-m\libc_nano.a(lib_a-stdio.o) (_close_r)
C:\Programs\GNU Tools ARM Embedded\6.0 2017q1\arm-none-eabi\lib\thumb\v6-m\libc_nano.a(lib_a-locale.o)
                              C:\Programs\GNU Tools ARM Embedded\6.0 2017q1\arm-none-eabi\lib\thumb\v6-m\libc_nano.a(lib_a-strtol.o) (__locale_ctype_ptr_l)
C:\Programs\GNU Tools ARM Embedded\6.0 2017q1\arm-none-eabi\lib\thumb\v6-m\libc_nano.a(lib_a-lseekr.o)
                              C:\Programs\GNU Tools ARM Embedded\6.0 2017q1\arm-none-eabi\lib\thumb\v6-m\libc_nano.a(lib_a-stdio.o) (_lseek_r)
[...]
Memory Configuration

Name             Origin             Length             Attributes
flash            0x08000000         0x00010000
ram              0x20000000         0x00002000
*default*        0x00000000         0xffffffff

Linker script and memory map

LOAD main.o
LOAD serial.o
LOAD startup.o
LOAD newlib_stubs.o
START GROUP
LOAD C:\Programs\GNU Tools ARM Embedded\6.0 2017q1\lib\gcc\arm-none-eabi\6.3.1\thumb\v6-m\libgcc.a
LOAD C:\Programs\GNU Tools ARM Embedded\6.0 2017q1\arm-none-eabi\lib\thumb\v6-m\libc_nano.a
LOAD C:\Programs\GNU Tools ARM Embedded\6.0 2017q1\arm-none-eabi\lib\thumb\v6-m\libm.a
END GROUP

.text           0x08000000     0x28a4
 *(.vectors)
 .vectors       0x08000000       0xc0 startup.o
                0x08000000                Vectors
 *(.after_vectors*)
 .after_vectors
                0x080000c0       0x1a startup.o
                0x080000c0                ResetInit
 *(.text*)
 *fill*         0x080000da        0x2 
 .text          0x080000dc      0x198 main.o
                0x080000dc                TogglePin
                0x080000f8                Timer1ISR
                0x08000118                SysInit
                0x080001a4                main
 .text          0x08000274      0x504 serial.o
                0x08000274                ReadCom
                0x080002e8                WriteCom
                0x08000388                initUART
                0x080004d0                isr_usart1
                0x080004fc                usart_rx
                0x0800052c                usart_tx
                0x080005a4                PutBuf
                0x08000602                GetBuf
                0x08000654                GetBufCount
                0x08000668                eputs
                0x080006a4                eputc
                0x080006c2                egetc
                0x080006dc                egets
 .text          0x08000778      0x148 startup.o
                0x080007ec                initClock
                0x08000898                Default_Handler
                0x080008ac                Hard_Fault_Handler
 .text          0x080008c0      0x2ac newlib_stubs.o
                0x080008c0                _exit
                0x080008ca                _close
                0x080008de                _execve
                0x08000900                _fork
                0x08000918                _fstat
                0x08000934                _getpid
                0x08000940                _kill
                0x08000960                _link
                0x08000980                _lseek
                0x08000996                _stat
                0x080009b2                _times
                0x080009c6                _unlink
                0x080009e4                _wait
                0x08000a04                _isatty
                0x08000a2c                _sbrk
                0x08000a9c                _read
                0x08000b18                _write
 .text          0x08000b6c      0x1d4 C:\Programs\GNU Tools ARM Embedded\6.0 2017q1\lib\gcc\arm-none-eabi\6.3.1\thumb\v6-m\libgcc.a(_divsi3.o)
                0x08000b6c                __divsi3
                0x08000b6c                __aeabi_idiv
                0x08000d38                __aeabi_idivmod
 .text          0x08000d40        0x4 C:\Programs\GNU Tools ARM Embedded\6.0 2017q1\lib\gcc\arm-none-eabi\6.3.1\thumb\v6-m\libgcc.a(_dvmd_tls.o)
                0x08000d40                __aeabi_idiv0
                0x08000d40                __aeabi_ldiv0
 .text          0x08000d44        0x0 C:\Programs\GNU Tools ARM Embedded\6.0 2017q1\arm-none-eabi\lib\thumb\v6-m\libc_nano.a(lib_a-atoi.o)
 .text.atoi     0x08000d44        0xc C:\Programs\GNU Tools ARM Embedded\6.0 2017q1\arm-none-eabi\lib\thumb\v6-m\libc_nano.a(lib_a-atoi.o)
                0x08000d44                atoi
 .text._atoi_r  0x08000d50        0xc C:\Programs\GNU Tools ARM Embedded\6.0 2017q1\arm-none-eabi\lib\thumb\v6-m\libc_nano.a(lib_a-atoi.o)
                0x08000d50                _atoi_r
 .text          0x08000d5c        0x0 C:\Programs\GNU Tools ARM Embedded\6.0 2017q1\arm-none-eabi\lib\thumb\v6-m\libc_nano.a(lib_a-fflush.o)
 .text.__sflush_r
                0x08000d5c      0x114 C:\Programs\GNU Tools ARM Embedded\6.0 2017q1\arm-none-eabi\lib\thumb\v6-m\libc_nano.a(lib_a-fflush.o)
                0x08000d5c                __sflush_r
 .text._fflush_r
                0x08000e70       0x58 C:\Programs\GNU Tools ARM Embedded\6.0 2017q1\arm-none-eabi\lib\thumb\v6-m\libc_nano.a(lib_a-fflush.o)
                0x08000e70                _fflush_r
 .text.fflush   0x08000ec8       0x28 C:\Programs\GNU Tools ARM Embedded\6.0 2017q1\arm-none-eabi\lib\thumb\v6-m\libc_nano.a(lib_a-fflush.o)
                0x08000ec8                fflush
 .text          0x08000ef0        0x0 C:\Programs\GNU Tools ARM Embedded\6.0 2017q1\arm-none-eabi\lib\thumb\v6-m\libc_nano.a(lib_a-findfp.o)
 .text.__fp_unlock
                0x08000ef0        0x4 C:\Programs\GNU Tools ARM Embedded\6.0 2017q1\arm-none-eabi\lib\thumb\v6-m\libc_nano.a(lib_a-findfp.o)
 .text._cleanup_r
                0x08000ef4       0x10 C:\Programs\GNU Tools ARM Embedded\6.0 2017q1\arm-none-eabi\lib\thumb\v6-m\libc_nano.a(lib_a-findfp.o)
                0x08000ef4                _cleanup_r
 .text.std.isra.0
                0x08000f04       0x48 C:\Programs\GNU Tools ARM Embedded\6.0 2017q1\arm-none-eabi\lib\thumb\v6-m\libc_nano.a(lib_a-findfp.o)
 .text.__fp_lock
                0x08000f4c        0x4 C:\Programs\GNU Tools ARM Embedded\6.0 2017q1\arm-none-eabi\lib\thumb\v6-m\libc_nano.a(lib_a-findfp.o)
 .text.__sfmoreglue
                0x08000f50       0x2c C:\Programs\GNU Tools ARM Embedded\6.0 2017q1\arm-none-eabi\lib\thumb\v6-m\libc_nano.a(lib_a-findfp.o)
                0x08000f50                __sfmoreglue
 .text._cleanup
                0x08000f7c       0x10 C:\Programs\GNU Tools ARM Embedded\6.0 2017q1\arm-none-eabi\lib\thumb\v6-m\libc_nano.a(lib_a-findfp.o)
                0x08000f7c                _cleanup
 .text.__sinit  0x08000f8c       0x68 C:\Programs\GNU Tools ARM Embedded\6.0 2017q1\arm-none-eabi\lib\thumb\v6-m\libc_nano.a(lib_a-findfp.o)
                0x08000f8c                __sinit
 .text.__sfp    0x08000ff4       0x80 C:\Programs\GNU Tools ARM Embedded\6.0 2017q1\arm-none-eabi\lib\thumb\v6-m\libc_nano.a(lib_a-findfp.o)
                0x08000ff4                __sfp
 .text.__sfp_lock_acquire
                0x08001074        0x2 C:\Programs\GNU Tools ARM Embedded\6.0 2017q1\arm-none-eabi\lib\thumb\v6-m\libc_nano.a(lib_a-findfp.o)
                0x08001074                __sfp_lock_acquire
 .text.__sfp_lock_release
                0x08001076        0x2 C:\Programs\GNU Tools ARM Embedded\6.0 2017q1\arm-none-eabi\lib\thumb\v6-m\libc_nano.a(lib_a-findfp.o)
                0x08001076                __sfp_lock_release
 .text.__sinit_lock_acquire
                0x08001078        0x2 C:\Programs\GNU Tools ARM Embedded\6.0 2017q1\arm-none-eabi\lib\thumb\v6-m\libc_nano.a(lib_a-findfp.o)
                0x08001078                __sinit_lock_acquire
 .text.__sinit_lock_release
                0x0800107a        0x2 C:\Programs\GNU Tools ARM Embedded\6.0 2017q1\arm-none-eabi\lib\thumb\v6-m\libc_nano.a(lib_a-findfp.o)
                0x0800107a                __sinit_lock_release
 .text.__fp_lock_all
                0x0800107c       0x18 C:\Programs\GNU Tools ARM Embedded\6.0 2017q1\arm-none-eabi\lib\thumb\v6-m\libc_nano.a(lib_a-findfp.o)
                0x0800107c                __fp_lock_all
 .text.__fp_unlock_all
                0x08001094       0x18 C:\Programs\GNU Tools ARM Embedded\6.0 2017q1\arm-none-eabi\lib\thumb\v6-m\libc_nano.a(lib_a-findfp.o)
                0x08001094                __fp_unlock_all
 .text          0x080010ac        0x0 C:\Programs\GNU Tools ARM Embedded\6.0 2017q1\arm-none-eabi\lib\thumb\v6-m\libc_nano.a(lib_a-fwalk.o)
 .text._fwalk   0x080010ac       0x38 C:\Programs\GNU Tools ARM Embedded\6.0 2017q1\arm-none-eabi\lib\thumb\v6-m\libc_nano.a(lib_a-fwalk.o)
                0x080010ac                _fwalk
 .text._fwalk_reent
                0x080010e4       0x42 C:\Programs\GNU Tools ARM Embedded\6.0 2017q1\arm-none-eabi\lib\thumb\v6-m\libc_nano.a(lib_a-fwalk.o)
                0x080010e4                _fwalk_reent
 .text          0x08001126        0x0 C:\Programs\GNU Tools ARM Embedded\6.0 2017q1\arm-none-eabi\lib\thumb\v6-m\libc_nano.a(lib_a-impure.o)
 .text          0x08001126        0x0 C:\Programs\GNU Tools ARM Embedded\6.0 2017q1\arm-none-eabi\lib\thumb\v6-m\libc_nano.a(lib_a-memset.o)
 .text.memset   0x08001126       0x10 C:\Programs\GNU Tools ARM Embedded\6.0 2017q1\arm-none-eabi\lib\thumb\v6-m\libc_nano.a(lib_a-memset.o)
                0x08001126                memset
 .text          0x08001136        0x0 C:\Programs\GNU Tools ARM Embedded\6.0 2017q1\arm-none-eabi\lib\thumb\v6-m\libc_nano.a(lib_a-nano-freer.o)
 *fill*         0x08001136        0x2 
 .text._free_r  0x08001138       0x94 C:\Programs\GNU Tools ARM Embedded\6.0 2017q1\arm-none-eabi\lib\thumb\v6-m\libc_nano.a(lib_a-nano-freer.o)
                0x08001138                _free_r
 .text          0x080011cc        0x0 C:\Programs\GNU Tools ARM Embedded\6.0 2017q1\arm-none-eabi\lib\thumb\v6-m\libc_nano.a(lib_a-nano-mallocr.o)
 .text._malloc_r
                0x080011cc       0xbc C:\Programs\GNU Tools ARM Embedded\6.0 2017q1\arm-none-eabi\lib\thumb\v6-m\libc_nano.a(lib_a-nano-mallocr.o)
                0x080011cc                _malloc_r
 .text          0x08001288        0x0 C:\Programs\GNU Tools ARM Embedded\6.0 2017q1\arm-none-eabi\lib\thumb\v6-m\libc_nano.a(lib_a-printf.o)
 .text._printf_r
                0x08001288       0x28 C:\Programs\GNU Tools ARM Embedded\6.0 2017q1\arm-none-eabi\lib\thumb\v6-m\libc_nano.a(lib_a-printf.o)
                0x08001288                _iprintf_r
                0x08001288                _printf_r
 .text.printf   0x080012b0       0x34 C:\Programs\GNU Tools ARM Embedded\6.0 2017q1\arm-none-eabi\lib\thumb\v6-m\libc_nano.a(lib_a-printf.o)
                0x080012b0                iprintf
                0x080012b0                printf
 .text          0x080012e4        0x0 C:\Programs\GNU Tools ARM Embedded\6.0 2017q1\arm-none-eabi\lib\thumb\v6-m\libc_nano.a(lib_a-puts.o)
 .text._puts_r  0x080012e4       0xc0 C:\Programs\GNU Tools ARM Embedded\6.0 2017q1\arm-none-eabi\lib\thumb\v6-m\libc_nano.a(lib_a-puts.o)
                0x080012e4                _puts_r
 .text.puts     0x080013a4       0x14 C:\Programs\GNU Tools ARM Embedded\6.0 2017q1\arm-none-eabi\lib\thumb\v6-m\libc_nano.a(lib_a-puts.o)
                0x080013a4                puts
 .text          0x080013b8        0x0 C:\Programs\GNU Tools ARM Embedded\6.0 2017q1\arm-none-eabi\lib\thumb\v6-m\libc_nano.a(lib_a-reent.o)
 .text.cleanup_glue
                0x080013b8       0x1a C:\Programs\GNU Tools ARM Embedded\6.0 2017q1\arm-none-eabi\lib\thumb\v6-m\libc_nano.a(lib_a-reent.o)
                0x080013b8                cleanup_glue
 *fill*         0x080013d2        0x2 
 .text._reclaim_reent
                0x080013d4       0xcc C:\Programs\GNU Tools ARM Embedded\6.0 2017q1\arm-none-eabi\lib\thumb\v6-m\libc_nano.a(lib_a-reent.o)
                0x080013d4                _reclaim_reent
 .text          0x080014a0        0x0 C:\Programs\GNU Tools ARM Embedded\6.0 2017q1\arm-none-eabi\lib\thumb\v6-m\libc_nano.a(lib_a-sbrkr.o)
 .text._sbrk_r  0x080014a0       0x24 C:\Programs\GNU Tools ARM Embedded\6.0 2017q1\arm-none-eabi\lib\thumb\v6-m\libc_nano.a(lib_a-sbrkr.o)
                0x080014a0                _sbrk_r
 .text          0x080014c4        0x0 C:\Programs\GNU Tools ARM Embedded\6.0 2017q1\arm-none-eabi\lib\thumb\v6-m\libc_nano.a(lib_a-stdio.o)
 .text.__sread  0x080014c4       0x28 C:\Programs\GNU Tools ARM Embedded\6.0 2017q1\arm-none-eabi\lib\thumb\v6-m\libc_nano.a(lib_a-stdio.o)
                0x080014c4                __sread
 .text.__seofread
                0x080014ec        0x4 C:\Programs\GNU Tools ARM Embedded\6.0 2017q1\arm-none-eabi\lib\thumb\v6-m\libc_nano.a(lib_a-stdio.o)
                0x080014ec                __seofread
 .text.__swrite
                0x080014f0       0x38 C:\Programs\GNU Tools ARM Embedded\6.0 2017q1\arm-none-eabi\lib\thumb\v6-m\libc_nano.a(lib_a-stdio.o)
                0x080014f0                __swrite
 .text.__sseek  0x08001528       0x2c C:\Programs\GNU Tools ARM Embedded\6.0 2017q1\arm-none-eabi\lib\thumb\v6-m\libc_nano.a(lib_a-stdio.o)
                0x08001528                __sseek
 .text.__sclose
                0x08001554        0xc C:\Programs\GNU Tools ARM Embedded\6.0 2017q1\arm-none-eabi\lib\thumb\v6-m\libc_nano.a(lib_a-stdio.o)
                0x08001554                __sclose
 .text          0x08001560        0x0 C:\Programs\GNU Tools ARM Embedded\6.0 2017q1\arm-none-eabi\lib\thumb\v6-m\libc_nano.a(lib_a-strtol.o)
 .text._strtol_l.isra.0
                0x08001560      0x10c C:\Programs\GNU Tools ARM Embedded\6.0 2017q1\arm-none-eabi\lib\thumb\v6-m\libc_nano.a(lib_a-strtol.o)
 .text._strtol_r
                0x0800166c       0x20 C:\Programs\GNU Tools ARM Embedded\6.0 2017q1\arm-none-eabi\lib\thumb\v6-m\libc_nano.a(lib_a-strtol.o)
                0x0800166c                _strtol_r
 .text.strtol_l
                0x0800168c       0x18 C:\Programs\GNU Tools ARM Embedded\6.0 2017q1\arm-none-eabi\lib\thumb\v6-m\libc_nano.a(lib_a-strtol.o)
                0x0800168c                strtol_l
 .text.strtol   0x080016a4       0x28 C:\Programs\GNU Tools ARM Embedded\6.0 2017q1\arm-none-eabi\lib\thumb\v6-m\libc_nano.a(lib_a-strtol.o)
                0x080016a4                strtol
 .text          0x080016cc        0x0 C:\Programs\GNU Tools ARM Embedded\6.0 2017q1\arm-none-eabi\lib\thumb\v6-m\libc_nano.a(lib_a-wbuf.o)
 .text.__swbuf_r
                0x080016cc       0xac C:\Programs\GNU Tools ARM Embedded\6.0 2017q1\arm-none-eabi\lib\thumb\v6-m\libc_nano.a(lib_a-wbuf.o)
                0x080016cc                __swbuf_r
 .text.__swbuf  0x08001778       0x14 C:\Programs\GNU Tools ARM Embedded\6.0 2017q1\arm-none-eabi\lib\thumb\v6-m\libc_nano.a(lib_a-wbuf.o)
                0x08001778                __swbuf
 .text          0x0800178c        0x0 C:\Programs\GNU Tools ARM Embedded\6.0 2017q1\arm-none-eabi\lib\thumb\v6-m\libc_nano.a(lib_a-writer.o)
 .text._write_r
                0x0800178c       0x28 C:\Programs\GNU Tools ARM Embedded\6.0 2017q1\arm-none-eabi\lib\thumb\v6-m\libc_nano.a(lib_a-writer.o)
                0x0800178c                _write_r
 .text          0x080017b4        0x0 C:\Programs\GNU Tools ARM Embedded\6.0 2017q1\arm-none-eabi\lib\thumb\v6-m\libc_nano.a(lib_a-wsetup.o)
 .text.__swsetup_r
                0x080017b4       0xec C:\Programs\GNU Tools ARM Embedded\6.0 2017q1\arm-none-eabi\lib\thumb\v6-m\libc_nano.a(lib_a-wsetup.o)
                0x080017b4                __swsetup_r
 .text          0x080018a0        0x0 C:\Programs\GNU Tools ARM Embedded\6.0 2017q1\arm-none-eabi\lib\thumb\v6-m\libc_nano.a(lib_a-closer.o)
 .text._close_r
                0x080018a0       0x24 C:\Programs\GNU Tools ARM Embedded\6.0 2017q1\arm-none-eabi\lib\thumb\v6-m\libc_nano.a(lib_a-closer.o)
                0x080018a0                _close_r
 .text          0x080018c4        0x0 C:\Programs\GNU Tools ARM Embedded\6.0 2017q1\arm-none-eabi\lib\thumb\v6-m\libc_nano.a(lib_a-locale.o)
 .text._setlocale_r
                0x080018c4       0x40 C:\Programs\GNU Tools ARM Embedded\6.0 2017q1\arm-none-eabi\lib\thumb\v6-m\libc_nano.a(lib_a-locale.o)
                0x080018c4                _setlocale_r
 .text.__locale_mb_cur_max
                0x08001904       0x1c C:\Programs\GNU Tools ARM Embedded\6.0 2017q1\arm-none-eabi\lib\thumb\v6-m\libc_nano.a(lib_a-locale.o)
                0x08001904                __locale_mb_cur_max
 .text.__locale_ctype_ptr_l
                0x08001920        0x6 C:\Programs\GNU Tools ARM Embedded\6.0 2017q1\arm-none-eabi\lib\thumb\v6-m\libc_nano.a(lib_a-locale.o)
                0x08001920                __locale_ctype_ptr_l
 *fill*         0x08001926        0x2 
 .text.__locale_ctype_ptr
                0x08001928       0x1c C:\Programs\GNU Tools ARM Embedded\6.0 2017q1\arm-none-eabi\lib\thumb\v6-m\libc_nano.a(lib_a-locale.o)
                0x08001928                __locale_ctype_ptr
 .text.setlocale
                0x08001944       0x14 C:\Programs\GNU Tools ARM Embedded\6.0 2017q1\arm-none-eabi\lib\thumb\v6-m\libc_nano.a(lib_a-locale.o)
                0x08001944                setlocale
 .text          0x08001958        0x0 C:\Programs\GNU Tools ARM Embedded\6.0 2017q1\arm-none-eabi\lib\thumb\v6-m\libc_nano.a(lib_a-lseekr.o)
 .text._lseek_r
                0x08001958       0x28 C:\Programs\GNU Tools ARM Embedded\6.0 2017q1\arm-none-eabi\lib\thumb\v6-m\libc_nano.a(lib_a-lseekr.o)
                0x08001958                _lseek_r
 .text          0x08001980        0x0 C:\Programs\GNU Tools ARM Embedded\6.0 2017q1\arm-none-eabi\lib\thumb\v6-m\libc_nano.a(lib_a-makebuf.o)
 .text.__swhatbuf_r
                0x08001980       0x50 C:\Programs\GNU Tools ARM Embedded\6.0 2017q1\arm-none-eabi\lib\thumb\v6-m\libc_nano.a(lib_a-makebuf.o)
                0x08001980                __swhatbuf_r
 .text.__smakebuf_r
                0x080019d0       0x88 C:\Programs\GNU Tools ARM Embedded\6.0 2017q1\arm-none-eabi\lib\thumb\v6-m\libc_nano.a(lib_a-makebuf.o)
                0x080019d0                __smakebuf_r
 .text          0x08001a58        0x0 C:\Programs\GNU Tools ARM Embedded\6.0 2017q1\arm-none-eabi\lib\thumb\v6-m\libc_nano.a(lib_a-mbtowc_r.o)
 .text._mbtowc_r
                0x08001a58       0x24 C:\Programs\GNU Tools ARM Embedded\6.0 2017q1\arm-none-eabi\lib\thumb\v6-m\libc_nano.a(lib_a-mbtowc_r.o)
                0x08001a58                _mbtowc_r
 .text.__ascii_mbtowc
                0x08001a7c       0x24 C:\Programs\GNU Tools ARM Embedded\6.0 2017q1\arm-none-eabi\lib\thumb\v6-m\libc_nano.a(lib_a-mbtowc_r.o)
                0x08001a7c                __ascii_mbtowc
 .text          0x08001aa0        0x0 C:\Programs\GNU Tools ARM Embedded\6.0 2017q1\arm-none-eabi\lib\thumb\v6-m\libc_nano.a(lib_a-mlock.o)
 .text.__malloc_lock
                0x08001aa0        0x2 C:\Programs\GNU Tools ARM Embedded\6.0 2017q1\arm-none-eabi\lib\thumb\v6-m\libc_nano.a(lib_a-mlock.o)
                0x08001aa0                __malloc_lock
 .text.__malloc_unlock
                0x08001aa2        0x2 C:\Programs\GNU Tools ARM Embedded\6.0 2017q1\arm-none-eabi\lib\thumb\v6-m\libc_nano.a(lib_a-mlock.o)
                0x08001aa2                __malloc_unlock
 .text          0x08001aa4        0x0 C:\Programs\GNU Tools ARM Embedded\6.0 2017q1\arm-none-eabi\lib\thumb\v6-m\libc_nano.a(lib_a-nano-vfprintf.o)
 .text.__sfputc_r
                0x08001aa4       0x2a C:\Programs\GNU Tools ARM Embedded\6.0 2017q1\arm-none-eabi\lib\thumb\v6-m\libc_nano.a(lib_a-nano-vfprintf.o)
 .text.__sfputs_r
                0x08001ace       0x24 C:\Programs\GNU Tools ARM Embedded\6.0 2017q1\arm-none-eabi\lib\thumb\v6-m\libc_nano.a(lib_a-nano-vfprintf.o)
                0x08001ace                __sfputs_r
 .text.__sprint_r
                0x08001af2       0x1c C:\Programs\GNU Tools ARM Embedded\6.0 2017q1\arm-none-eabi\lib\thumb\v6-m\libc_nano.a(lib_a-nano-vfprintf.o)
                0x08001af2                __sprint_r
 *fill*         0x08001b0e        0x2 
 .text._vfprintf_r
                0x08001b10      0x238 C:\Programs\GNU Tools ARM Embedded\6.0 2017q1\arm-none-eabi\lib\thumb\v6-m\libc_nano.a(lib_a-nano-vfprintf.o)
                0x08001b10                _vfprintf_r
                0x08001b10                _vfiprintf_r
 .text.vfprintf
                0x08001d48       0x18 C:\Programs\GNU Tools ARM Embedded\6.0 2017q1\arm-none-eabi\lib\thumb\v6-m\libc_nano.a(lib_a-nano-vfprintf.o)
                0x08001d48                vfprintf
                0x08001d48                vfiprintf
 .text          0x08001d60        0x0 C:\Programs\GNU Tools ARM Embedded\6.0 2017q1\arm-none-eabi\lib\thumb\v6-m\libc_nano.a(lib_a-nano-vfprintf_i.o)
 .text._printf_common
                0x08001d60       0xda C:\Programs\GNU Tools ARM Embedded\6.0 2017q1\arm-none-eabi\lib\thumb\v6-m\libc_nano.a(lib_a-nano-vfprintf_i.o)
                0x08001d60                _printf_common
 *fill*         0x08001e3a        0x2 
 .text._printf_i
                0x08001e3c      0x234 C:\Programs\GNU Tools ARM Embedded\6.0 2017q1\arm-none-eabi\lib\thumb\v6-m\libc_nano.a(lib_a-nano-vfprintf_i.o)
                0x08001e3c                _printf_i
 .text          0x08002070        0x0 C:\Programs\GNU Tools ARM Embedded\6.0 2017q1\arm-none-eabi\lib\thumb\v6-m\libc_nano.a(lib_a-readr.o)
 .text._read_r  0x08002070       0x28 C:\Programs\GNU Tools ARM Embedded\6.0 2017q1\arm-none-eabi\lib\thumb\v6-m\libc_nano.a(lib_a-readr.o)
                0x08002070                _read_r
 .text          0x08002098       0x14 C:\Programs\GNU Tools ARM Embedded\6.0 2017q1\arm-none-eabi\lib\thumb\v6-m\libc_nano.a(lib_a-strcmp.o)
                0x08002098                strcmp
 .text          0x080020ac        0x0 C:\Programs\GNU Tools ARM Embedded\6.0 2017q1\arm-none-eabi\lib\thumb\v6-m\libc_nano.a(lib_a-wctomb_r.o)
 .text._wctomb_r
                0x080020ac       0x20 C:\Programs\GNU Tools ARM Embedded\6.0 2017q1\arm-none-eabi\lib\thumb\v6-m\libc_nano.a(lib_a-wctomb_r.o)
                0x080020ac                _wctomb_r
 .text.__ascii_wctomb
                0x080020cc       0x18 C:\Programs\GNU Tools ARM Embedded\6.0 2017q1\arm-none-eabi\lib\thumb\v6-m\libc_nano.a(lib_a-wctomb_r.o)
                0x080020cc                __ascii_wctomb
 .text          0x080020e4        0x0 C:\Programs\GNU Tools ARM Embedded\6.0 2017q1\arm-none-eabi\lib\thumb\v6-m\libc_nano.a(lib_a-ctype_.o)
 .text          0x080020e4        0x0 C:\Programs\GNU Tools ARM Embedded\6.0 2017q1\arm-none-eabi\lib\thumb\v6-m\libc_nano.a(lib_a-fstatr.o)
 .text._fstat_r
                0x080020e4       0x24 C:\Programs\GNU Tools ARM Embedded\6.0 2017q1\arm-none-eabi\lib\thumb\v6-m\libc_nano.a(lib_a-fstatr.o)
                0x080020e4                _fstat_r
 .text          0x08002108        0x0 C:\Programs\GNU Tools ARM Embedded\6.0 2017q1\arm-none-eabi\lib\thumb\v6-m\libc_nano.a(lib_a-fvwrite.o)
 .text.__sfvwrite_r
                0x08002108      0x2c4 C:\Programs\GNU Tools ARM Embedded\6.0 2017q1\arm-none-eabi\lib\thumb\v6-m\libc_nano.a(lib_a-fvwrite.o)
                0x08002108                __sfvwrite_r
 .text          0x080023cc        0x0 C:\Programs\GNU Tools ARM Embedded\6.0 2017q1\arm-none-eabi\lib\thumb\v6-m\libc_nano.a(lib_a-isattyr.o)
 .text._isatty_r
                0x080023cc       0x24 C:\Programs\GNU Tools ARM Embedded\6.0 2017q1\arm-none-eabi\lib\thumb\v6-m\libc_nano.a(lib_a-isattyr.o)
                0x080023cc                _isatty_r
 .text          0x080023f0        0x0 C:\Programs\GNU Tools ARM Embedded\6.0 2017q1\arm-none-eabi\lib\thumb\v6-m\libc_nano.a(lib_a-memchr-stub.o)
 .text.memchr   0x080023f0       0x16 C:\Programs\GNU Tools ARM Embedded\6.0 2017q1\arm-none-eabi\lib\thumb\v6-m\libc_nano.a(lib_a-memchr-stub.o)
                0x080023f0                memchr
 .text          0x08002406        0x0 C:\Programs\GNU Tools ARM Embedded\6.0 2017q1\arm-none-eabi\lib\thumb\v6-m\libc_nano.a(lib_a-memcpy-stub.o)
 .text.memcpy   0x08002406       0x12 C:\Programs\GNU Tools ARM Embedded\6.0 2017q1\arm-none-eabi\lib\thumb\v6-m\libc_nano.a(lib_a-memcpy-stub.o)
                0x08002406                memcpy
 .text          0x08002418        0x0 C:\Programs\GNU Tools ARM Embedded\6.0 2017q1\arm-none-eabi\lib\thumb\v6-m\libc_nano.a(lib_a-memmove.o)
 .text.memmove  0x08002418       0x24 C:\Programs\GNU Tools ARM Embedded\6.0 2017q1\arm-none-eabi\lib\thumb\v6-m\libc_nano.a(lib_a-memmove.o)
                0x08002418                memmove
 .text          0x0800243c        0x0 C:\Programs\GNU Tools ARM Embedded\6.0 2017q1\arm-none-eabi\lib\thumb\v6-m\libc_nano.a(lib_a-nano-reallocr.o)
 .text._realloc_r
                0x0800243c       0x4c C:\Programs\GNU Tools ARM Embedded\6.0 2017q1\arm-none-eabi\lib\thumb\v6-m\libc_nano.a(lib_a-nano-reallocr.o)
                0x0800243c                _realloc_r
 .text          0x08002488        0x0 C:\Programs\GNU Tools ARM Embedded\6.0 2017q1\arm-none-eabi\lib\thumb\v6-m\libc_nano.a(lib_a-nano-msizer.o)
 .text._malloc_usable_size_r
                0x08002488       0x10 C:\Programs\GNU Tools ARM Embedded\6.0 2017q1\arm-none-eabi\lib\thumb\v6-m\libc_nano.a(lib_a-nano-msizer.o)
                0x08002488                _malloc_usable_size_r
 .text          0x08002498      0x114 C:\Programs\GNU Tools ARM Embedded\6.0 2017q1\lib\gcc\arm-none-eabi\6.3.1\thumb\v6-m\libgcc.a(_udivsi3.o)
                0x08002498                __aeabi_uidiv
                0x08002498                __udivsi3
                0x080025a4                __aeabi_uidivmod
 *(.rodata*)
 .rodata        0x080025ac      0x105 main.o
 *fill*         0x080026b1        0x3 
 .rodata        0x080026b4       0x4c startup.o
 .rodata.__sf_fake_stderr
                0x08002700       0x20 C:\Programs\GNU Tools ARM Embedded\6.0 2017q1\arm-none-eabi\lib\thumb\v6-m\libc_nano.a(lib_a-findfp.o)
                0x08002700                __sf_fake_stderr
 .rodata.__sf_fake_stdin
                0x08002720       0x20 C:\Programs\GNU Tools ARM Embedded\6.0 2017q1\arm-none-eabi\lib\thumb\v6-m\libc_nano.a(lib_a-findfp.o)
                0x08002720                __sf_fake_stdin
 .rodata.__sf_fake_stdout
                0x08002740       0x20 C:\Programs\GNU Tools ARM Embedded\6.0 2017q1\arm-none-eabi\lib\thumb\v6-m\libc_nano.a(lib_a-findfp.o)
                0x08002740                __sf_fake_stdout
 .rodata._global_impure_ptr
                0x08002760        0x4 C:\Programs\GNU Tools ARM Embedded\6.0 2017q1\arm-none-eabi\lib\thumb\v6-m\libc_nano.a(lib_a-impure.o)
                0x08002760                _global_impure_ptr
 .rodata._setlocale_r.str1.1
                0x08002764        0x8 C:\Programs\GNU Tools ARM Embedded\6.0 2017q1\arm-none-eabi\lib\thumb\v6-m\libc_nano.a(lib_a-locale.o)
                                  0x9 (size before relaxing)
 .rodata.str1.1
                0x0800276c        0x2 C:\Programs\GNU Tools ARM Embedded\6.0 2017q1\arm-none-eabi\lib\thumb\v6-m\libc_nano.a(lib_a-locale.o)
 .rodata._vfprintf_r.str1.1
                0x0800276e       0x11 C:\Programs\GNU Tools ARM Embedded\6.0 2017q1\arm-none-eabi\lib\thumb\v6-m\libc_nano.a(lib_a-nano-vfprintf.o)
 .rodata._printf_i.str1.1
                0x0800277f       0x22 C:\Programs\GNU Tools ARM Embedded\6.0 2017q1\arm-none-eabi\lib\thumb\v6-m\libc_nano.a(lib_a-nano-vfprintf_i.o)
 .rodata._ctype_
                0x080027a1      0x101 C:\Programs\GNU Tools ARM Embedded\6.0 2017q1\arm-none-eabi\lib\thumb\v6-m\libc_nano.a(lib_a-ctype_.o)
                0x080027a1                _ctype_
                0x080028a4                . = ALIGN (0x4)
 *fill*         0x080028a2        0x2 
                0x080028a4                PROVIDE (__init_array_start, .)
 *(SORT(.init_array.*))
 *(.init_array)
                0x080028a4                PROVIDE (__init_array_end, .)
                0x080028a4                . = ALIGN (0x4)
                0x080028a4                _etext = .

.glue_7         0x080028a4        0x0
 .glue_7        0x080028a4        0x0 linker stubs

.glue_7t        0x080028a4        0x0
 .glue_7t       0x080028a4        0x0 linker stubs

.vfp11_veneer   0x080028a4        0x0
 .vfp11_veneer  0x080028a4        0x0 linker stubs

.v4_bx          0x080028a4        0x0
 .v4_bx         0x080028a4        0x0 linker stubs

.iplt           0x080028a4        0x0
 .iplt          0x080028a4        0x0 main.o

.rel.dyn        0x080028a4        0x0
 .rel.iplt      0x080028a4        0x0 main.o

.data           0x20000000      0x1d4 load address 0x080028a4
                0x20000000                . = ALIGN (0x4)
                0x20000000                _data = .
 *(.data*)
 .data          0x20000000        0x0 main.o
 .data          0x20000000        0x0 serial.o
 .data          0x20000000        0x0 startup.o
 .data          0x20000000        0x4 newlib_stubs.o
                0x20000000                environ
 .data          0x20000004        0x0 C:\Programs\GNU Tools ARM Embedded\6.0 2017q1\lib\gcc\arm-none-eabi\6.3.1\thumb\v6-m\libgcc.a(_divsi3.o)
 .data          0x20000004        0x0 C:\Programs\GNU Tools ARM Embedded\6.0 2017q1\lib\gcc\arm-none-eabi\6.3.1\thumb\v6-m\libgcc.a(_dvmd_tls.o)
 .data          0x20000004        0x0 C:\Programs\GNU Tools ARM Embedded\6.0 2017q1\arm-none-eabi\lib\thumb\v6-m\libc_nano.a(lib_a-atoi.o)
 .data          0x20000004        0x0 C:\Programs\GNU Tools ARM Embedded\6.0 2017q1\arm-none-eabi\lib\thumb\v6-m\libc_nano.a(lib_a-fflush.o)
 .data          0x20000004        0x0 C:\Programs\GNU Tools ARM Embedded\6.0 2017q1\arm-none-eabi\lib\thumb\v6-m\libc_nano.a(lib_a-findfp.o)
 .data          0x20000004        0x0 C:\Programs\GNU Tools ARM Embedded\6.0 2017q1\arm-none-eabi\lib\thumb\v6-m\libc_nano.a(lib_a-fwalk.o)
 .data          0x20000004        0x0 C:\Programs\GNU Tools ARM Embedded\6.0 2017q1\arm-none-eabi\lib\thumb\v6-m\libc_nano.a(lib_a-impure.o)
 .data._impure_ptr
                0x20000004        0x4 C:\Programs\GNU Tools ARM Embedded\6.0 2017q1\arm-none-eabi\lib\thumb\v6-m\libc_nano.a(lib_a-impure.o)
                0x20000004                _impure_ptr
 .data.impure_data
                0x20000008       0x60 C:\Programs\GNU Tools ARM Embedded\6.0 2017q1\arm-none-eabi\lib\thumb\v6-m\libc_nano.a(lib_a-impure.o)
 .data          0x20000068        0x0 C:\Programs\GNU Tools ARM Embedded\6.0 2017q1\arm-none-eabi\lib\thumb\v6-m\libc_nano.a(lib_a-memset.o)
 .data          0x20000068        0x0 C:\Programs\GNU Tools ARM Embedded\6.0 2017q1\arm-none-eabi\lib\thumb\v6-m\libc_nano.a(lib_a-nano-freer.o)
 .data          0x20000068        0x0 C:\Programs\GNU Tools ARM Embedded\6.0 2017q1\arm-none-eabi\lib\thumb\v6-m\libc_nano.a(lib_a-nano-mallocr.o)
 .data          0x20000068        0x0 C:\Programs\GNU Tools ARM Embedded\6.0 2017q1\arm-none-eabi\lib\thumb\v6-m\libc_nano.a(lib_a-printf.o)
 .data          0x20000068        0x0 C:\Programs\GNU Tools ARM Embedded\6.0 2017q1\arm-none-eabi\lib\thumb\v6-m\libc_nano.a(lib_a-puts.o)
 .data          0x20000068        0x0 C:\Programs\GNU Tools ARM Embedded\6.0 2017q1\arm-none-eabi\lib\thumb\v6-m\libc_nano.a(lib_a-reent.o)
 .data          0x20000068        0x0 C:\Programs\GNU Tools ARM Embedded\6.0 2017q1\arm-none-eabi\lib\thumb\v6-m\libc_nano.a(lib_a-sbrkr.o)
 .data          0x20000068        0x0 C:\Programs\GNU Tools ARM Embedded\6.0 2017q1\arm-none-eabi\lib\thumb\v6-m\libc_nano.a(lib_a-stdio.o)
 .data          0x20000068        0x0 C:\Programs\GNU Tools ARM Embedded\6.0 2017q1\arm-none-eabi\lib\thumb\v6-m\libc_nano.a(lib_a-strtol.o)
 .data          0x20000068        0x0 C:\Programs\GNU Tools ARM Embedded\6.0 2017q1\arm-none-eabi\lib\thumb\v6-m\libc_nano.a(lib_a-wbuf.o)
 .data          0x20000068        0x0 C:\Programs\GNU Tools ARM Embedded\6.0 2017q1\arm-none-eabi\lib\thumb\v6-m\libc_nano.a(lib_a-writer.o)
 .data          0x20000068        0x0 C:\Programs\GNU Tools ARM Embedded\6.0 2017q1\arm-none-eabi\lib\thumb\v6-m\libc_nano.a(lib_a-wsetup.o)
 .data          0x20000068        0x0 C:\Programs\GNU Tools ARM Embedded\6.0 2017q1\arm-none-eabi\lib\thumb\v6-m\libc_nano.a(lib_a-closer.o)
 .data          0x20000068        0x0 C:\Programs\GNU Tools ARM Embedded\6.0 2017q1\arm-none-eabi\lib\thumb\v6-m\libc_nano.a(lib_a-locale.o)
 .data.__global_locale
                0x20000068      0x16c C:\Programs\GNU Tools ARM Embedded\6.0 2017q1\arm-none-eabi\lib\thumb\v6-m\libc_nano.a(lib_a-locale.o)
                0x20000068                __global_locale
 .data          0x200001d4        0x0 C:\Programs\GNU Tools ARM Embedded\6.0 2017q1\arm-none-eabi\lib\thumb\v6-m\libc_nano.a(lib_a-lseekr.o)
 .data          0x200001d4        0x0 C:\Programs\GNU Tools ARM Embedded\6.0 2017q1\arm-none-eabi\lib\thumb\v6-m\libc_nano.a(lib_a-makebuf.o)
 .data          0x200001d4        0x0 C:\Programs\GNU Tools ARM Embedded\6.0 2017q1\arm-none-eabi\lib\thumb\v6-m\libc_nano.a(lib_a-mbtowc_r.o)
 .data          0x200001d4        0x0 C:\Programs\GNU Tools ARM Embedded\6.0 2017q1\arm-none-eabi\lib\thumb\v6-m\libc_nano.a(lib_a-mlock.o)
 .data          0x200001d4        0x0 C:\Programs\GNU Tools ARM Embedded\6.0 2017q1\arm-none-eabi\lib\thumb\v6-m\libc_nano.a(lib_a-nano-vfprintf.o)
 .data          0x200001d4        0x0 C:\Programs\GNU Tools ARM Embedded\6.0 2017q1\arm-none-eabi\lib\thumb\v6-m\libc_nano.a(lib_a-nano-vfprintf_i.o)
 .data          0x200001d4        0x0 C:\Programs\GNU Tools ARM Embedded\6.0 2017q1\arm-none-eabi\lib\thumb\v6-m\libc_nano.a(lib_a-readr.o)
 .data          0x200001d4        0x0 C:\Programs\GNU Tools ARM Embedded\6.0 2017q1\arm-none-eabi\lib\thumb\v6-m\libc_nano.a(lib_a-strcmp.o)
 .data          0x200001d4        0x0 C:\Programs\GNU Tools ARM Embedded\6.0 2017q1\arm-none-eabi\lib\thumb\v6-m\libc_nano.a(lib_a-wctomb_r.o)
 .data          0x200001d4        0x0 C:\Programs\GNU Tools ARM Embedded\6.0 2017q1\arm-none-eabi\lib\thumb\v6-m\libc_nano.a(lib_a-ctype_.o)
 .data          0x200001d4        0x0 C:\Programs\GNU Tools ARM Embedded\6.0 2017q1\arm-none-eabi\lib\thumb\v6-m\libc_nano.a(lib_a-fstatr.o)
 .data          0x200001d4        0x0 C:\Programs\GNU Tools ARM Embedded\6.0 2017q1\arm-none-eabi\lib\thumb\v6-m\libc_nano.a(lib_a-fvwrite.o)
 .data          0x200001d4        0x0 C:\Programs\GNU Tools ARM Embedded\6.0 2017q1\arm-none-eabi\lib\thumb\v6-m\libc_nano.a(lib_a-isattyr.o)
 .data          0x200001d4        0x0 C:\Programs\GNU Tools ARM Embedded\6.0 2017q1\arm-none-eabi\lib\thumb\v6-m\libc_nano.a(lib_a-memchr-stub.o)
 .data          0x200001d4        0x0 C:\Programs\GNU Tools ARM Embedded\6.0 2017q1\arm-none-eabi\lib\thumb\v6-m\libc_nano.a(lib_a-memcpy-stub.o)
 .data          0x200001d4        0x0 C:\Programs\GNU Tools ARM Embedded\6.0 2017q1\arm-none-eabi\lib\thumb\v6-m\libc_nano.a(lib_a-memmove.o)
 .data          0x200001d4        0x0 C:\Programs\GNU Tools ARM Embedded\6.0 2017q1\arm-none-eabi\lib\thumb\v6-m\libc_nano.a(lib_a-nano-reallocr.o)
 .data          0x200001d4        0x0 C:\Programs\GNU Tools ARM Embedded\6.0 2017q1\arm-none-eabi\lib\thumb\v6-m\libc_nano.a(lib_a-nano-msizer.o)
 .data          0x200001d4        0x0 C:\Programs\GNU Tools ARM Embedded\6.0 2017q1\lib\gcc\arm-none-eabi\6.3.1\thumb\v6-m\libgcc.a(_udivsi3.o)
                0x200001d4                . = ALIGN (0x4)
                0x200001d4                _edata = .

.igot.plt       0x200001d4        0x0 load address 0x08002a78
 .igot.plt      0x200001d4        0x0 main.o

.bss            0x200001d4       0xbc load address 0x08002a78
                0x200001d4                _bss = .
 *(.bss*)
 .bss           0x200001d4        0x0 main.o
 .bss           0x200001d4        0x0 serial.o
 .bss           0x200001d4        0x0 startup.o
 .bss           0x200001d4        0x8 newlib_stubs.o
                0x200001d4                __env
 .bss           0x200001dc        0x0 C:\Programs\GNU Tools ARM Embedded\6.0 2017q1\lib\gcc\arm-none-eabi\6.3.1\thumb\v6-m\libgcc.a(_divsi3.o)
 .bss           0x200001dc        0x0 C:\Programs\GNU Tools ARM Embedded\6.0 2017q1\lib\gcc\arm-none-eabi\6.3.1\thumb\v6-m\libgcc.a(_dvmd_tls.o)
 .bss           0x200001dc        0x0 C:\Programs\GNU Tools ARM Embedded\6.0 2017q1\arm-none-eabi\lib\thumb\v6-m\libc_nano.a(lib_a-atoi.o)
 .bss           0x200001dc        0x0 C:\Programs\GNU Tools ARM Embedded\6.0 2017q1\arm-none-eabi\lib\thumb\v6-m\libc_nano.a(lib_a-fflush.o)
 .bss           0x200001dc        0x0 C:\Programs\GNU Tools ARM Embedded\6.0 2017q1\arm-none-eabi\lib\thumb\v6-m\libc_nano.a(lib_a-findfp.o)
 .bss           0x200001dc        0x0 C:\Programs\GNU Tools ARM Embedded\6.0 2017q1\arm-none-eabi\lib\thumb\v6-m\libc_nano.a(lib_a-fwalk.o)
 .bss           0x200001dc        0x0 C:\Programs\GNU Tools ARM Embedded\6.0 2017q1\arm-none-eabi\lib\thumb\v6-m\libc_nano.a(lib_a-impure.o)
 .bss           0x200001dc        0x0 C:\Programs\GNU Tools ARM Embedded\6.0 2017q1\arm-none-eabi\lib\thumb\v6-m\libc_nano.a(lib_a-memset.o)
 .bss           0x200001dc        0x0 C:\Programs\GNU Tools ARM Embedded\6.0 2017q1\arm-none-eabi\lib\thumb\v6-m\libc_nano.a(lib_a-nano-freer.o)
 .bss           0x200001dc        0x0 C:\Programs\GNU Tools ARM Embedded\6.0 2017q1\arm-none-eabi\lib\thumb\v6-m\libc_nano.a(lib_a-nano-mallocr.o)
 .bss.__malloc_free_list
                0x200001dc        0x4 C:\Programs\GNU Tools ARM Embedded\6.0 2017q1\arm-none-eabi\lib\thumb\v6-m\libc_nano.a(lib_a-nano-mallocr.o)
                0x200001dc                __malloc_free_list
 .bss.__malloc_sbrk_start
                0x200001e0        0x4 C:\Programs\GNU Tools ARM Embedded\6.0 2017q1\arm-none-eabi\lib\thumb\v6-m\libc_nano.a(lib_a-nano-mallocr.o)
                0x200001e0                __malloc_sbrk_start
 .bss           0x200001e4        0x0 C:\Programs\GNU Tools ARM Embedded\6.0 2017q1\arm-none-eabi\lib\thumb\v6-m\libc_nano.a(lib_a-printf.o)
 .bss           0x200001e4        0x0 C:\Programs\GNU Tools ARM Embedded\6.0 2017q1\arm-none-eabi\lib\thumb\v6-m\libc_nano.a(lib_a-puts.o)
 .bss           0x200001e4        0x0 C:\Programs\GNU Tools ARM Embedded\6.0 2017q1\arm-none-eabi\lib\thumb\v6-m\libc_nano.a(lib_a-reent.o)
 .bss           0x200001e4        0x0 C:\Programs\GNU Tools ARM Embedded\6.0 2017q1\arm-none-eabi\lib\thumb\v6-m\libc_nano.a(lib_a-sbrkr.o)
 .bss           0x200001e4        0x0 C:\Programs\GNU Tools ARM Embedded\6.0 2017q1\arm-none-eabi\lib\thumb\v6-m\libc_nano.a(lib_a-stdio.o)
 .bss           0x200001e4        0x0 C:\Programs\GNU Tools ARM Embedded\6.0 2017q1\arm-none-eabi\lib\thumb\v6-m\libc_nano.a(lib_a-strtol.o)
 .bss           0x200001e4        0x0 C:\Programs\GNU Tools ARM Embedded\6.0 2017q1\arm-none-eabi\lib\thumb\v6-m\libc_nano.a(lib_a-wbuf.o)
 .bss           0x200001e4        0x0 C:\Programs\GNU Tools ARM Embedded\6.0 2017q1\arm-none-eabi\lib\thumb\v6-m\libc_nano.a(lib_a-writer.o)
 .bss           0x200001e4        0x0 C:\Programs\GNU Tools ARM Embedded\6.0 2017q1\arm-none-eabi\lib\thumb\v6-m\libc_nano.a(lib_a-wsetup.o)
 .bss           0x200001e4        0x0 C:\Programs\GNU Tools ARM Embedded\6.0 2017q1\arm-none-eabi\lib\thumb\v6-m\libc_nano.a(lib_a-closer.o)
 .bss           0x200001e4        0x0 C:\Programs\GNU Tools ARM Embedded\6.0 2017q1\arm-none-eabi\lib\thumb\v6-m\libc_nano.a(lib_a-locale.o)
 .bss._PathLocale
                0x200001e4        0x4 C:\Programs\GNU Tools ARM Embedded\6.0 2017q1\arm-none-eabi\lib\thumb\v6-m\libc_nano.a(lib_a-locale.o)
                0x200001e4                _PathLocale
 .bss           0x200001e8        0x0 C:\Programs\GNU Tools ARM Embedded\6.0 2017q1\arm-none-eabi\lib\thumb\v6-m\libc_nano.a(lib_a-lseekr.o)
 .bss           0x200001e8        0x0 C:\Programs\GNU Tools ARM Embedded\6.0 2017q1\arm-none-eabi\lib\thumb\v6-m\libc_nano.a(lib_a-makebuf.o)
 .bss           0x200001e8        0x0 C:\Programs\GNU Tools ARM Embedded\6.0 2017q1\arm-none-eabi\lib\thumb\v6-m\libc_nano.a(lib_a-mbtowc_r.o)
 .bss           0x200001e8        0x0 C:\Programs\GNU Tools ARM Embedded\6.0 2017q1\arm-none-eabi\lib\thumb\v6-m\libc_nano.a(lib_a-mlock.o)
 .bss           0x200001e8        0x0 C:\Programs\GNU Tools ARM Embedded\6.0 2017q1\arm-none-eabi\lib\thumb\v6-m\libc_nano.a(lib_a-nano-vfprintf.o)
 .bss           0x200001e8        0x0 C:\Programs\GNU Tools ARM Embedded\6.0 2017q1\arm-none-eabi\lib\thumb\v6-m\libc_nano.a(lib_a-nano-vfprintf_i.o)
 .bss           0x200001e8        0x0 C:\Programs\GNU Tools ARM Embedded\6.0 2017q1\arm-none-eabi\lib\thumb\v6-m\libc_nano.a(lib_a-readr.o)
 .bss           0x200001e8        0x0 C:\Programs\GNU Tools ARM Embedded\6.0 2017q1\arm-none-eabi\lib\thumb\v6-m\libc_nano.a(lib_a-strcmp.o)
 .bss           0x200001e8        0x0 C:\Programs\GNU Tools ARM Embedded\6.0 2017q1\arm-none-eabi\lib\thumb\v6-m\libc_nano.a(lib_a-wctomb_r.o)
 .bss           0x200001e8        0x0 C:\Programs\GNU Tools ARM Embedded\6.0 2017q1\arm-none-eabi\lib\thumb\v6-m\libc_nano.a(lib_a-ctype_.o)
 .bss           0x200001e8        0x0 C:\Programs\GNU Tools ARM Embedded\6.0 2017q1\arm-none-eabi\lib\thumb\v6-m\libc_nano.a(lib_a-fstatr.o)
 .bss           0x200001e8        0x0 C:\Programs\GNU Tools ARM Embedded\6.0 2017q1\arm-none-eabi\lib\thumb\v6-m\libc_nano.a(lib_a-fvwrite.o)
 .bss           0x200001e8        0x0 C:\Programs\GNU Tools ARM Embedded\6.0 2017q1\arm-none-eabi\lib\thumb\v6-m\libc_nano.a(lib_a-isattyr.o)
 .bss           0x200001e8        0x0 C:\Programs\GNU Tools ARM Embedded\6.0 2017q1\arm-none-eabi\lib\thumb\v6-m\libc_nano.a(lib_a-memchr-stub.o)
 .bss           0x200001e8        0x0 C:\Programs\GNU Tools ARM Embedded\6.0 2017q1\arm-none-eabi\lib\thumb\v6-m\libc_nano.a(lib_a-memcpy-stub.o)
 .bss           0x200001e8        0x0 C:\Programs\GNU Tools ARM Embedded\6.0 2017q1\arm-none-eabi\lib\thumb\v6-m\libc_nano.a(lib_a-memmove.o)
 .bss           0x200001e8        0x0 C:\Programs\GNU Tools ARM Embedded\6.0 2017q1\arm-none-eabi\lib\thumb\v6-m\libc_nano.a(lib_a-nano-reallocr.o)
 .bss           0x200001e8        0x0 C:\Programs\GNU Tools ARM Embedded\6.0 2017q1\arm-none-eabi\lib\thumb\v6-m\libc_nano.a(lib_a-nano-msizer.o)
 .bss           0x200001e8        0x0 C:\Programs\GNU Tools ARM Embedded\6.0 2017q1\lib\gcc\arm-none-eabi\6.3.1\thumb\v6-m\libgcc.a(_udivsi3.o)
 *(COMMON)
 COMMON         0x200001e8       0xa4 serial.o
                0x200001e8                ComError
                0x200001ec                ComRXBuffer
                0x20000238                ComTXBuffer
                0x20000284                ComOpen
                0x20000288                ComBusy
 COMMON         0x2000028c        0x4 C:\Programs\GNU Tools ARM Embedded\6.0 2017q1\arm-none-eabi\lib\thumb\v6-m\libc_nano.a(lib_a-reent.o)
                0x2000028c                errno
                0x20000290                . = ALIGN (0x4)
                0x20000290                _ebss = .
                [!provide]                PROVIDE (end, .)
                0x20000290                PROVIDE (_HeapStart, .)
                0x20002000                PROVIDE (_StackTop, (ORIGIN (ram) + LENGTH (ram)))
OUTPUT(main.elf elf32-littlearm)

.debug_info     0x00000000     0x1cd3
 .debug_info    0x00000000      0x92e main.o
 .debug_info    0x0000092e      0x32c serial.o
 .debug_info    0x00000c5a      0x130 startup.o
 .debug_info    0x00000d8a      0xf49 newlib_stubs.o

.debug_abbrev   0x00000000      0x684
 .debug_abbrev  0x00000000      0x1f9 main.o
 .debug_abbrev  0x000001f9      0x15b serial.o
 .debug_abbrev  0x00000354       0xc5 startup.o
 .debug_abbrev  0x00000419      0x26b newlib_stubs.o

.debug_aranges  0x00000000       0x88
 .debug_aranges
                0x00000000       0x20 main.o
 .debug_aranges
                0x00000020       0x20 serial.o
 .debug_aranges
                0x00000040       0x28 startup.o
 .debug_aranges
                0x00000068       0x20 newlib_stubs.o

.debug_line     0x00000000      0x58e
 .debug_line    0x00000000      0x174 main.o
 .debug_line    0x00000174      0x12b serial.o
 .debug_line    0x0000029f       0x90 startup.o
 .debug_line    0x0000032f      0x25f newlib_stubs.o

.debug_str      0x00000000      0x89a
 .debug_str     0x00000000      0x4de main.o
                                0x54c (size before relaxing)
 .debug_str     0x000004de       0xd8 serial.o
                                0x1ac (size before relaxing)
 .debug_str     0x000005b6       0x9a startup.o
                                0x14a (size before relaxing)
 .debug_str     0x00000650      0x24a newlib_stubs.o
                                0x7c7 (size before relaxing)

.comment        0x00000000       0x7f
 .comment       0x00000000       0x7f main.o
                                 0x80 (size before relaxing)
 .comment       0x0000007f       0x80 serial.o
 .comment       0x0000007f       0x80 startup.o
 .comment       0x0000007f       0x80 newlib_stubs.o

.ARM.attributes
                0x00000000       0x2f
 .ARM.attributes
                0x00000000       0x31 main.o
 .ARM.attributes
                0x00000031       0x31 serial.o
 .ARM.attributes
                0x00000062       0x31 startup.o
 .ARM.attributes
                0x00000093       0x31 newlib_stubs.o
 .ARM.attributes
                0x000000c4       0x1e C:\Programs\GNU Tools ARM Embedded\6.0 2017q1\lib\gcc\arm-none-eabi\6.3.1\thumb\v6-m\libgcc.a(_divsi3.o)
 .ARM.attributes
                0x000000e2       0x1e C:\Programs\GNU Tools ARM Embedded\6.0 2017q1\lib\gcc\arm-none-eabi\6.3.1\thumb\v6-m\libgcc.a(_dvmd_tls.o)
 .ARM.attributes
                0x00000100       0x2c C:\Programs\GNU Tools ARM Embedded\6.0 2017q1\arm-none-eabi\lib\thumb\v6-m\libc_nano.a(lib_a-atoi.o)
 .ARM.attributes
                0x0000012c       0x2c C:\Programs\GNU Tools ARM Embedded\6.0 2017q1\arm-none-eabi\lib\thumb\v6-m\libc_nano.a(lib_a-fflush.o)
 .ARM.attributes
                0x00000158       0x2c C:\Programs\GNU Tools ARM Embedded\6.0 2017q1\arm-none-eabi\lib\thumb\v6-m\libc_nano.a(lib_a-findfp.o)
 .ARM.attributes
                0x00000184       0x2c C:\Programs\GNU Tools ARM Embedded\6.0 2017q1\arm-none-eabi\lib\thumb\v6-m\libc_nano.a(lib_a-fwalk.o)
 .ARM.attributes
                0x000001b0       0x2c C:\Programs\GNU Tools ARM Embedded\6.0 2017q1\arm-none-eabi\lib\thumb\v6-m\libc_nano.a(lib_a-impure.o)
 .ARM.attributes
                0x000001dc       0x2c C:\Programs\GNU Tools ARM Embedded\6.0 2017q1\arm-none-eabi\lib\thumb\v6-m\libc_nano.a(lib_a-memset.o)
 .ARM.attributes
                0x00000208       0x2c C:\Programs\GNU Tools ARM Embedded\6.0 2017q1\arm-none-eabi\lib\thumb\v6-m\libc_nano.a(lib_a-nano-freer.o)
 .ARM.attributes
                0x00000234       0x2c C:\Programs\GNU Tools ARM Embedded\6.0 2017q1\arm-none-eabi\lib\thumb\v6-m\libc_nano.a(lib_a-nano-mallocr.o)
 .ARM.attributes
                0x00000260       0x2c C:\Programs\GNU Tools ARM Embedded\6.0 2017q1\arm-none-eabi\lib\thumb\v6-m\libc_nano.a(lib_a-printf.o)
 .ARM.attributes
                0x0000028c       0x2c C:\Programs\GNU Tools ARM Embedded\6.0 2017q1\arm-none-eabi\lib\thumb\v6-m\libc_nano.a(lib_a-puts.o)
 .ARM.attributes
                0x000002b8       0x2c C:\Programs\GNU Tools ARM Embedded\6.0 2017q1\arm-none-eabi\lib\thumb\v6-m\libc_nano.a(lib_a-reent.o)
 .ARM.attributes
                0x000002e4       0x2c C:\Programs\GNU Tools ARM Embedded\6.0 2017q1\arm-none-eabi\lib\thumb\v6-m\libc_nano.a(lib_a-sbrkr.o)
 .ARM.attributes
                0x00000310       0x2c C:\Programs\GNU Tools ARM Embedded\6.0 2017q1\arm-none-eabi\lib\thumb\v6-m\libc_nano.a(lib_a-stdio.o)
 .ARM.attributes
                0x0000033c       0x2c C:\Programs\GNU Tools ARM Embedded\6.0 2017q1\arm-none-eabi\lib\thumb\v6-m\libc_nano.a(lib_a-strtol.o)
 .ARM.attributes
                0x00000368       0x2c C:\Programs\GNU Tools ARM Embedded\6.0 2017q1\arm-none-eabi\lib\thumb\v6-m\libc_nano.a(lib_a-wbuf.o)
 .ARM.attributes
                0x00000394       0x2c C:\Programs\GNU Tools ARM Embedded\6.0 2017q1\arm-none-eabi\lib\thumb\v6-m\libc_nano.a(lib_a-writer.o)
 .ARM.attributes
                0x000003c0       0x2c C:\Programs\GNU Tools ARM Embedded\6.0 2017q1\arm-none-eabi\lib\thumb\v6-m\libc_nano.a(lib_a-wsetup.o)
 .ARM.attributes
                0x000003ec       0x2c C:\Programs\GNU Tools ARM Embedded\6.0 2017q1\arm-none-eabi\lib\thumb\v6-m\libc_nano.a(lib_a-closer.o)
 .ARM.attributes
                0x00000418       0x2c C:\Programs\GNU Tools ARM Embedded\6.0 2017q1\arm-none-eabi\lib\thumb\v6-m\libc_nano.a(lib_a-locale.o)
 .ARM.attributes
                0x00000444       0x2c C:\Programs\GNU Tools ARM Embedded\6.0 2017q1\arm-none-eabi\lib\thumb\v6-m\libc_nano.a(lib_a-lseekr.o)
 .ARM.attributes
                0x00000470       0x2c C:\Programs\GNU Tools ARM Embedded\6.0 2017q1\arm-none-eabi\lib\thumb\v6-m\libc_nano.a(lib_a-makebuf.o)
 .ARM.attributes
                0x0000049c       0x2c C:\Programs\GNU Tools ARM Embedded\6.0 2017q1\arm-none-eabi\lib\thumb\v6-m\libc_nano.a(lib_a-mbtowc_r.o)
 .ARM.attributes
                0x000004c8       0x2c C:\Programs\GNU Tools ARM Embedded\6.0 2017q1\arm-none-eabi\lib\thumb\v6-m\libc_nano.a(lib_a-mlock.o)
 .ARM.attributes
                0x000004f4       0x2c C:\Programs\GNU Tools ARM Embedded\6.0 2017q1\arm-none-eabi\lib\thumb\v6-m\libc_nano.a(lib_a-nano-vfprintf.o)
 .ARM.attributes
                0x00000520       0x2c C:\Programs\GNU Tools ARM Embedded\6.0 2017q1\arm-none-eabi\lib\thumb\v6-m\libc_nano.a(lib_a-nano-vfprintf_i.o)
 .ARM.attributes
                0x0000054c       0x2c C:\Programs\GNU Tools ARM Embedded\6.0 2017q1\arm-none-eabi\lib\thumb\v6-m\libc_nano.a(lib_a-readr.o)
 .ARM.attributes
                0x00000578       0x1c C:\Programs\GNU Tools ARM Embedded\6.0 2017q1\arm-none-eabi\lib\thumb\v6-m\libc_nano.a(lib_a-strcmp.o)
 .ARM.attributes
                0x00000594       0x2c C:\Programs\GNU Tools ARM Embedded\6.0 2017q1\arm-none-eabi\lib\thumb\v6-m\libc_nano.a(lib_a-wctomb_r.o)
 .ARM.attributes
                0x000005c0       0x2c C:\Programs\GNU Tools ARM Embedded\6.0 2017q1\arm-none-eabi\lib\thumb\v6-m\libc_nano.a(lib_a-ctype_.o)
 .ARM.attributes
                0x000005ec       0x2c C:\Programs\GNU Tools ARM Embedded\6.0 2017q1\arm-none-eabi\lib\thumb\v6-m\libc_nano.a(lib_a-fstatr.o)
 .ARM.attributes
                0x00000618       0x2c C:\Programs\GNU Tools ARM Embedded\6.0 2017q1\arm-none-eabi\lib\thumb\v6-m\libc_nano.a(lib_a-fvwrite.o)
 .ARM.attributes
                0x00000644       0x2c C:\Programs\GNU Tools ARM Embedded\6.0 2017q1\arm-none-eabi\lib\thumb\v6-m\libc_nano.a(lib_a-isattyr.o)
 .ARM.attributes
                0x00000670       0x2c C:\Programs\GNU Tools ARM Embedded\6.0 2017q1\arm-none-eabi\lib\thumb\v6-m\libc_nano.a(lib_a-memchr-stub.o)
 .ARM.attributes
                0x0000069c       0x2c C:\Programs\GNU Tools ARM Embedded\6.0 2017q1\arm-none-eabi\lib\thumb\v6-m\libc_nano.a(lib_a-memcpy-stub.o)
 .ARM.attributes
                0x000006c8       0x2c C:\Programs\GNU Tools ARM Embedded\6.0 2017q1\arm-none-eabi\lib\thumb\v6-m\libc_nano.a(lib_a-memmove.o)
 .ARM.attributes
                0x000006f4       0x2c C:\Programs\GNU Tools ARM Embedded\6.0 2017q1\arm-none-eabi\lib\thumb\v6-m\libc_nano.a(lib_a-nano-reallocr.o)
 .ARM.attributes
                0x00000720       0x2c C:\Programs\GNU Tools ARM Embedded\6.0 2017q1\arm-none-eabi\lib\thumb\v6-m\libc_nano.a(lib_a-nano-msizer.o)
 .ARM.attributes
                0x0000074c       0x1e C:\Programs\GNU Tools ARM Embedded\6.0 2017q1\lib\gcc\arm-none-eabi\6.3.1\thumb\v6-m\libgcc.a(_udivsi3.o)

.debug_frame    0x00000000      0xeec
 .debug_frame   0x00000000       0x84 main.o
 .debug_frame   0x00000084      0x1a4 serial.o
 .debug_frame   0x00000228       0x94 startup.o
 .debug_frame   0x000002bc      0x228 newlib_stubs.o
 .debug_frame   0x000004e4       0x20 C:\Programs\GNU Tools ARM Embedded\6.0 2017q1\lib\gcc\arm-none-eabi\6.3.1\thumb\v6-m\libgcc.a(_divsi3.o)
 .debug_frame   0x00000504       0x40 C:\Programs\GNU Tools ARM Embedded\6.0 2017q1\arm-none-eabi\lib\thumb\v6-m\libc_nano.a(lib_a-atoi.o)
 .debug_frame   0x00000544       0x68 C:\Programs\GNU Tools ARM Embedded\6.0 2017q1\arm-none-eabi\lib\thumb\v6-m\libc_nano.a(lib_a-fflush.o)
 .debug_frame   0x000005ac      0x140 C:\Programs\GNU Tools ARM Embedded\6.0 2017q1\arm-none-eabi\lib\thumb\v6-m\libc_nano.a(lib_a-findfp.o)
 .debug_frame   0x000006ec       0x58 C:\Programs\GNU Tools ARM Embedded\6.0 2017q1\arm-none-eabi\lib\thumb\v6-m\libc_nano.a(lib_a-fwalk.o)
 .debug_frame   0x00000744       0x20 C:\Programs\GNU Tools ARM Embedded\6.0 2017q1\arm-none-eabi\lib\thumb\v6-m\libc_nano.a(lib_a-memset.o)
 .debug_frame   0x00000764       0x2c C:\Programs\GNU Tools ARM Embedded\6.0 2017q1\arm-none-eabi\lib\thumb\v6-m\libc_nano.a(lib_a-nano-freer.o)
 .debug_frame   0x00000790       0x2c C:\Programs\GNU Tools ARM Embedded\6.0 2017q1\arm-none-eabi\lib\thumb\v6-m\libc_nano.a(lib_a-nano-mallocr.o)
 .debug_frame   0x000007bc       0x50 C:\Programs\GNU Tools ARM Embedded\6.0 2017q1\arm-none-eabi\lib\thumb\v6-m\libc_nano.a(lib_a-printf.o)
 .debug_frame   0x0000080c       0x44 C:\Programs\GNU Tools ARM Embedded\6.0 2017q1\arm-none-eabi\lib\thumb\v6-m\libc_nano.a(lib_a-puts.o)
 .debug_frame   0x00000850       0x48 C:\Programs\GNU Tools ARM Embedded\6.0 2017q1\arm-none-eabi\lib\thumb\v6-m\libc_nano.a(lib_a-reent.o)
 .debug_frame   0x00000898       0x2c C:\Programs\GNU Tools ARM Embedded\6.0 2017q1\arm-none-eabi\lib\thumb\v6-m\libc_nano.a(lib_a-sbrkr.o)
 .debug_frame   0x000008c4       0x90 C:\Programs\GNU Tools ARM Embedded\6.0 2017q1\arm-none-eabi\lib\thumb\v6-m\libc_nano.a(lib_a-stdio.o)
 .debug_frame   0x00000954       0x88 C:\Programs\GNU Tools ARM Embedded\6.0 2017q1\arm-none-eabi\lib\thumb\v6-m\libc_nano.a(lib_a-strtol.o)
 .debug_frame   0x000009dc       0x48 C:\Programs\GNU Tools ARM Embedded\6.0 2017q1\arm-none-eabi\lib\thumb\v6-m\libc_nano.a(lib_a-wbuf.o)
 .debug_frame   0x00000a24       0x2c C:\Programs\GNU Tools ARM Embedded\6.0 2017q1\arm-none-eabi\lib\thumb\v6-m\libc_nano.a(lib_a-writer.o)
 .debug_frame   0x00000a50       0x2c C:\Programs\GNU Tools ARM Embedded\6.0 2017q1\arm-none-eabi\lib\thumb\v6-m\libc_nano.a(lib_a-wsetup.o)
 .debug_frame   0x00000a7c       0x2c C:\Programs\GNU Tools ARM Embedded\6.0 2017q1\arm-none-eabi\lib\thumb\v6-m\libc_nano.a(lib_a-closer.o)
 .debug_frame   0x00000aa8       0x74 C:\Programs\GNU Tools ARM Embedded\6.0 2017q1\arm-none-eabi\lib\thumb\v6-m\libc_nano.a(lib_a-locale.o)
 .debug_frame   0x00000b1c       0x2c C:\Programs\GNU Tools ARM Embedded\6.0 2017q1\arm-none-eabi\lib\thumb\v6-m\libc_nano.a(lib_a-lseekr.o)
 .debug_frame   0x00000b48       0x54 C:\Programs\GNU Tools ARM Embedded\6.0 2017q1\arm-none-eabi\lib\thumb\v6-m\libc_nano.a(lib_a-makebuf.o)
 .debug_frame   0x00000b9c       0x44 C:\Programs\GNU Tools ARM Embedded\6.0 2017q1\arm-none-eabi\lib\thumb\v6-m\libc_nano.a(lib_a-mbtowc_r.o)
 .debug_frame   0x00000be0       0x30 C:\Programs\GNU Tools ARM Embedded\6.0 2017q1\arm-none-eabi\lib\thumb\v6-m\libc_nano.a(lib_a-mlock.o)
 .debug_frame   0x00000c10       0x9c C:\Programs\GNU Tools ARM Embedded\6.0 2017q1\arm-none-eabi\lib\thumb\v6-m\libc_nano.a(lib_a-nano-vfprintf.o)
 .debug_frame   0x00000cac       0x54 C:\Programs\GNU Tools ARM Embedded\6.0 2017q1\arm-none-eabi\lib\thumb\v6-m\libc_nano.a(lib_a-nano-vfprintf_i.o)
 .debug_frame   0x00000d00       0x2c C:\Programs\GNU Tools ARM Embedded\6.0 2017q1\arm-none-eabi\lib\thumb\v6-m\libc_nano.a(lib_a-readr.o)
 .debug_frame   0x00000d2c       0x20 C:\Programs\GNU Tools ARM Embedded\6.0 2017q1\arm-none-eabi\lib\thumb\v6-m\libc_nano.a(lib_a-strcmp.o)
 .debug_frame   0x00000d4c       0x38 C:\Programs\GNU Tools ARM Embedded\6.0 2017q1\arm-none-eabi\lib\thumb\v6-m\libc_nano.a(lib_a-wctomb_r.o)
 .debug_frame   0x00000d84       0x2c C:\Programs\GNU Tools ARM Embedded\6.0 2017q1\arm-none-eabi\lib\thumb\v6-m\libc_nano.a(lib_a-fstatr.o)
 .debug_frame   0x00000db0       0x30 C:\Programs\GNU Tools ARM Embedded\6.0 2017q1\arm-none-eabi\lib\thumb\v6-m\libc_nano.a(lib_a-fvwrite.o)
 .debug_frame   0x00000de0       0x2c C:\Programs\GNU Tools ARM Embedded\6.0 2017q1\arm-none-eabi\lib\thumb\v6-m\libc_nano.a(lib_a-isattyr.o)
 .debug_frame   0x00000e0c       0x20 C:\Programs\GNU Tools ARM Embedded\6.0 2017q1\arm-none-eabi\lib\thumb\v6-m\libc_nano.a(lib_a-memchr-stub.o)
 .debug_frame   0x00000e2c       0x28 C:\Programs\GNU Tools ARM Embedded\6.0 2017q1\arm-none-eabi\lib\thumb\v6-m\libc_nano.a(lib_a-memcpy-stub.o)
 .debug_frame   0x00000e54       0x28 C:\Programs\GNU Tools ARM Embedded\6.0 2017q1\arm-none-eabi\lib\thumb\v6-m\libc_nano.a(lib_a-memmove.o)
 .debug_frame   0x00000e7c       0x30 C:\Programs\GNU Tools ARM Embedded\6.0 2017q1\arm-none-eabi\lib\thumb\v6-m\libc_nano.a(lib_a-nano-reallocr.o)
 .debug_frame   0x00000eac       0x20 C:\Programs\GNU Tools ARM Embedded\6.0 2017q1\arm-none-eabi\lib\thumb\v6-m\libc_nano.a(lib_a-nano-msizer.o)
 .debug_frame   0x00000ecc       0x20 C:\Programs\GNU Tools ARM Embedded\6.0 2017q1\lib\gcc\arm-none-eabi\6.3.1\thumb\v6-m\libgcc.a(_udivsi3.o)

.debug_ranges   0x00000000       0x18
 .debug_ranges  0x00000000       0x18 startup.o

Cross Reference Table

Symbol                                            File
ComBusy                                           serial.o
ComError                                          serial.o
ComOpen                                           serial.o
ComRXBuffer                                       serial.o
ComTXBuffer                                       serial.o
Default_Handler                                   startup.o
GetBuf                                            serial.o
GetBufCount                                       serial.o
Hard_Fault_Handler                                startup.o
PutBuf                                            serial.o
ReadCom                                           serial.o
ResetInit                                         startup.o
SysInit                                           main.o
Timer1ISR                                         main.o
                                                  startup.o
TogglePin                                         main.o
Vectors                                           startup.o
WriteCom                                          serial.o
_HeapStart                                        newlib_stubs.o
_PathLocale                                       C:\Programs\GNU Tools ARM Embedded\6.0 2017q1\arm-none-eabi\lib\thumb\v6-m\libc_nano.a(lib_a-locale.o)
_StackTop                                         newlib_stubs.o
                                                  startup.o
__aeabi_idiv                                      C:\Programs\GNU Tools ARM Embedded\6.0 2017q1\lib\gcc\arm-none-eabi\6.3.1\thumb\v6-m\libgcc.a(_divsi3.o)
                                                  C:\Programs\GNU Tools ARM Embedded\6.0 2017q1\arm-none-eabi\lib\thumb\v6-m\libc_nano.a(lib_a-fvwrite.o)
                                                  serial.o
                                                  main.o
__aeabi_idiv0                                     C:\Programs\GNU Tools ARM Embedded\6.0 2017q1\lib\gcc\arm-none-eabi\6.3.1\thumb\v6-m\libgcc.a(_dvmd_tls.o)
                                                  C:\Programs\GNU Tools ARM Embedded\6.0 2017q1\lib\gcc\arm-none-eabi\6.3.1\thumb\v6-m\libgcc.a(_udivsi3.o)
                                                  C:\Programs\GNU Tools ARM Embedded\6.0 2017q1\lib\gcc\arm-none-eabi\6.3.1\thumb\v6-m\libgcc.a(_divsi3.o)
__aeabi_idivmod                                   C:\Programs\GNU Tools ARM Embedded\6.0 2017q1\lib\gcc\arm-none-eabi\6.3.1\thumb\v6-m\libgcc.a(_divsi3.o)
__aeabi_ldiv0                                     C:\Programs\GNU Tools ARM Embedded\6.0 2017q1\lib\gcc\arm-none-eabi\6.3.1\thumb\v6-m\libgcc.a(_dvmd_tls.o)
__aeabi_uidiv                                     C:\Programs\GNU Tools ARM Embedded\6.0 2017q1\lib\gcc\arm-none-eabi\6.3.1\thumb\v6-m\libgcc.a(_udivsi3.o)
                                                  C:\Programs\GNU Tools ARM Embedded\6.0 2017q1\arm-none-eabi\lib\thumb\v6-m\libc_nano.a(lib_a-nano-vfprintf_i.o)
                                                  C:\Programs\GNU Tools ARM Embedded\6.0 2017q1\arm-none-eabi\lib\thumb\v6-m\libc_nano.a(lib_a-strtol.o)
__aeabi_uidivmod                                  C:\Programs\GNU Tools ARM Embedded\6.0 2017q1\lib\gcc\arm-none-eabi\6.3.1\thumb\v6-m\libgcc.a(_udivsi3.o)
                                                  C:\Programs\GNU Tools ARM Embedded\6.0 2017q1\arm-none-eabi\lib\thumb\v6-m\libc_nano.a(lib_a-nano-vfprintf_i.o)
                                                  C:\Programs\GNU Tools ARM Embedded\6.0 2017q1\arm-none-eabi\lib\thumb\v6-m\libc_nano.a(lib_a-strtol.o)
__ascii_mbtowc                                    C:\Programs\GNU Tools ARM Embedded\6.0 2017q1\arm-none-eabi\lib\thumb\v6-m\libc_nano.a(lib_a-mbtowc_r.o)
                                                  C:\Programs\GNU Tools ARM Embedded\6.0 2017q1\arm-none-eabi\lib\thumb\v6-m\libc_nano.a(lib_a-locale.o)
__ascii_wctomb                                    C:\Programs\GNU Tools ARM Embedded\6.0 2017q1\arm-none-eabi\lib\thumb\v6-m\libc_nano.a(lib_a-wctomb_r.o)
                                                  C:\Programs\GNU Tools ARM Embedded\6.0 2017q1\arm-none-eabi\lib\thumb\v6-m\libc_nano.a(lib_a-locale.o)
__divsi3                                          C:\Programs\GNU Tools ARM Embedded\6.0 2017q1\lib\gcc\arm-none-eabi\6.3.1\thumb\v6-m\libgcc.a(_divsi3.o)
__env                                             newlib_stubs.o
__fp_lock_all                                     C:\Programs\GNU Tools ARM Embedded\6.0 2017q1\arm-none-eabi\lib\thumb\v6-m\libc_nano.a(lib_a-findfp.o)
__fp_unlock_all                                   C:\Programs\GNU Tools ARM Embedded\6.0 2017q1\arm-none-eabi\lib\thumb\v6-m\libc_nano.a(lib_a-findfp.o)
__global_locale                                   C:\Programs\GNU Tools ARM Embedded\6.0 2017q1\arm-none-eabi\lib\thumb\v6-m\libc_nano.a(lib_a-locale.o)
                                                  C:\Programs\GNU Tools ARM Embedded\6.0 2017q1\arm-none-eabi\lib\thumb\v6-m\libc_nano.a(lib_a-wctomb_r.o)
                                                  C:\Programs\GNU Tools ARM Embedded\6.0 2017q1\arm-none-eabi\lib\thumb\v6-m\libc_nano.a(lib_a-mbtowc_r.o)
                                                  C:\Programs\GNU Tools ARM Embedded\6.0 2017q1\arm-none-eabi\lib\thumb\v6-m\libc_nano.a(lib_a-strtol.o)
__init_array_end                                  startup.o
__init_array_start                                startup.o
__locale_ctype_ptr                                C:\Programs\GNU Tools ARM Embedded\6.0 2017q1\arm-none-eabi\lib\thumb\v6-m\libc_nano.a(lib_a-locale.o)
__locale_ctype_ptr_l                              C:\Programs\GNU Tools ARM Embedded\6.0 2017q1\arm-none-eabi\lib\thumb\v6-m\libc_nano.a(lib_a-locale.o)
                                                  C:\Programs\GNU Tools ARM Embedded\6.0 2017q1\arm-none-eabi\lib\thumb\v6-m\libc_nano.a(lib_a-strtol.o)
__locale_mb_cur_max                               C:\Programs\GNU Tools ARM Embedded\6.0 2017q1\arm-none-eabi\lib\thumb\v6-m\libc_nano.a(lib_a-locale.o)
__malloc_free_list                                C:\Programs\GNU Tools ARM Embedded\6.0 2017q1\arm-none-eabi\lib\thumb\v6-m\libc_nano.a(lib_a-nano-mallocr.o)
                                                  C:\Programs\GNU Tools ARM Embedded\6.0 2017q1\arm-none-eabi\lib\thumb\v6-m\libc_nano.a(lib_a-nano-freer.o)
__malloc_lock                                     C:\Programs\GNU Tools ARM Embedded\6.0 2017q1\arm-none-eabi\lib\thumb\v6-m\libc_nano.a(lib_a-mlock.o)
                                                  C:\Programs\GNU Tools ARM Embedded\6.0 2017q1\arm-none-eabi\lib\thumb\v6-m\libc_nano.a(lib_a-nano-mallocr.o)
                                                  C:\Programs\GNU Tools ARM Embedded\6.0 2017q1\arm-none-eabi\lib\thumb\v6-m\libc_nano.a(lib_a-nano-freer.o)
__malloc_sbrk_start                               C:\Programs\GNU Tools ARM Embedded\6.0 2017q1\arm-none-eabi\lib\thumb\v6-m\libc_nano.a(lib_a-nano-mallocr.o)
__malloc_unlock                                   C:\Programs\GNU Tools ARM Embedded\6.0 2017q1\arm-none-eabi\lib\thumb\v6-m\libc_nano.a(lib_a-mlock.o)
                                                  C:\Programs\GNU Tools ARM Embedded\6.0 2017q1\arm-none-eabi\lib\thumb\v6-m\libc_nano.a(lib_a-nano-mallocr.o)
                                                  C:\Programs\GNU Tools ARM Embedded\6.0 2017q1\arm-none-eabi\lib\thumb\v6-m\libc_nano.a(lib_a-nano-freer.o)
__sclose                                          C:\Programs\GNU Tools ARM Embedded\6.0 2017q1\arm-none-eabi\lib\thumb\v6-m\libc_nano.a(lib_a-stdio.o)
                                                  C:\Programs\GNU Tools ARM Embedded\6.0 2017q1\arm-none-eabi\lib\thumb\v6-m\libc_nano.a(lib_a-findfp.o)
__seofread                                        C:\Programs\GNU Tools ARM Embedded\6.0 2017q1\arm-none-eabi\lib\thumb\v6-m\libc_nano.a(lib_a-stdio.o)
__sf_fake_stderr                                  C:\Programs\GNU Tools ARM Embedded\6.0 2017q1\arm-none-eabi\lib\thumb\v6-m\libc_nano.a(lib_a-findfp.o)
                                                  C:\Programs\GNU Tools ARM Embedded\6.0 2017q1\arm-none-eabi\lib\thumb\v6-m\libc_nano.a(lib_a-nano-vfprintf.o)
                                                  C:\Programs\GNU Tools ARM Embedded\6.0 2017q1\arm-none-eabi\lib\thumb\v6-m\libc_nano.a(lib_a-wsetup.o)
                                                  C:\Programs\GNU Tools ARM Embedded\6.0 2017q1\arm-none-eabi\lib\thumb\v6-m\libc_nano.a(lib_a-wbuf.o)
                                                  C:\Programs\GNU Tools ARM Embedded\6.0 2017q1\arm-none-eabi\lib\thumb\v6-m\libc_nano.a(lib_a-puts.o)
                                                  C:\Programs\GNU Tools ARM Embedded\6.0 2017q1\arm-none-eabi\lib\thumb\v6-m\libc_nano.a(lib_a-impure.o)
                                                  C:\Programs\GNU Tools ARM Embedded\6.0 2017q1\arm-none-eabi\lib\thumb\v6-m\libc_nano.a(lib_a-fflush.o)
__sf_fake_stdin                                   C:\Programs\GNU Tools ARM Embedded\6.0 2017q1\arm-none-eabi\lib\thumb\v6-m\libc_nano.a(lib_a-findfp.o)
                                                  C:\Programs\GNU Tools ARM Embedded\6.0 2017q1\arm-none-eabi\lib\thumb\v6-m\libc_nano.a(lib_a-nano-vfprintf.o)
                                                  C:\Programs\GNU Tools ARM Embedded\6.0 2017q1\arm-none-eabi\lib\thumb\v6-m\libc_nano.a(lib_a-wsetup.o)
                                                  C:\Programs\GNU Tools ARM Embedded\6.0 2017q1\arm-none-eabi\lib\thumb\v6-m\libc_nano.a(lib_a-wbuf.o)
                                                  C:\Programs\GNU Tools ARM Embedded\6.0 2017q1\arm-none-eabi\lib\thumb\v6-m\libc_nano.a(lib_a-puts.o)
                                                  C:\Programs\GNU Tools ARM Embedded\6.0 2017q1\arm-none-eabi\lib\thumb\v6-m\libc_nano.a(lib_a-impure.o)
                                                  C:\Programs\GNU Tools ARM Embedded\6.0 2017q1\arm-none-eabi\lib\thumb\v6-m\libc_nano.a(lib_a-fflush.o)
__sf_fake_stdout                                  C:\Programs\GNU Tools ARM Embedded\6.0 2017q1\arm-none-eabi\lib\thumb\v6-m\libc_nano.a(lib_a-findfp.o)
                                                  C:\Programs\GNU Tools ARM Embedded\6.0 2017q1\arm-none-eabi\lib\thumb\v6-m\libc_nano.a(lib_a-nano-vfprintf.o)
                                                  C:\Programs\GNU Tools ARM Embedded\6.0 2017q1\arm-none-eabi\lib\thumb\v6-m\libc_nano.a(lib_a-wsetup.o)
                                                  C:\Programs\GNU Tools ARM Embedded\6.0 2017q1\arm-none-eabi\lib\thumb\v6-m\libc_nano.a(lib_a-wbuf.o)
                                                  C:\Programs\GNU Tools ARM Embedded\6.0 2017q1\arm-none-eabi\lib\thumb\v6-m\libc_nano.a(lib_a-puts.o)
                                                  C:\Programs\GNU Tools ARM Embedded\6.0 2017q1\arm-none-eabi\lib\thumb\v6-m\libc_nano.a(lib_a-impure.o)
                                                  C:\Programs\GNU Tools ARM Embedded\6.0 2017q1\arm-none-eabi\lib\thumb\v6-m\libc_nano.a(lib_a-fflush.o)
__sflush_r                                        C:\Programs\GNU Tools ARM Embedded\6.0 2017q1\arm-none-eabi\lib\thumb\v6-m\libc_nano.a(lib_a-fflush.o)
__sfmoreglue                                      C:\Programs\GNU Tools ARM Embedded\6.0 2017q1\arm-none-eabi\lib\thumb\v6-m\libc_nano.a(lib_a-findfp.o)
__sfp                                             C:\Programs\GNU Tools ARM Embedded\6.0 2017q1\arm-none-eabi\lib\thumb\v6-m\libc_nano.a(lib_a-findfp.o)
__sfp_lock_acquire                                C:\Programs\GNU Tools ARM Embedded\6.0 2017q1\arm-none-eabi\lib\thumb\v6-m\libc_nano.a(lib_a-findfp.o)
__sfp_lock_release                                C:\Programs\GNU Tools ARM Embedded\6.0 2017q1\arm-none-eabi\lib\thumb\v6-m\libc_nano.a(lib_a-findfp.o)
__sfputs_r                                        C:\Programs\GNU Tools ARM Embedded\6.0 2017q1\arm-none-eabi\lib\thumb\v6-m\libc_nano.a(lib_a-nano-vfprintf.o)
__sfvwrite_r                                      C:\Programs\GNU Tools ARM Embedded\6.0 2017q1\arm-none-eabi\lib\thumb\v6-m\libc_nano.a(lib_a-fvwrite.o)
                                                  C:\Programs\GNU Tools ARM Embedded\6.0 2017q1\arm-none-eabi\lib\thumb\v6-m\libc_nano.a(lib_a-nano-vfprintf.o)
__sinit                                           C:\Programs\GNU Tools ARM Embedded\6.0 2017q1\arm-none-eabi\lib\thumb\v6-m\libc_nano.a(lib_a-findfp.o)
                                                  C:\Programs\GNU Tools ARM Embedded\6.0 2017q1\arm-none-eabi\lib\thumb\v6-m\libc_nano.a(lib_a-nano-vfprintf.o)
                                                  C:\Programs\GNU Tools ARM Embedded\6.0 2017q1\arm-none-eabi\lib\thumb\v6-m\libc_nano.a(lib_a-wsetup.o)
                                                  C:\Programs\GNU Tools ARM Embedded\6.0 2017q1\arm-none-eabi\lib\thumb\v6-m\libc_nano.a(lib_a-wbuf.o)
                                                  C:\Programs\GNU Tools ARM Embedded\6.0 2017q1\arm-none-eabi\lib\thumb\v6-m\libc_nano.a(lib_a-puts.o)
                                                  C:\Programs\GNU Tools ARM Embedded\6.0 2017q1\arm-none-eabi\lib\thumb\v6-m\libc_nano.a(lib_a-printf.o)
                                                  C:\Programs\GNU Tools ARM Embedded\6.0 2017q1\arm-none-eabi\lib\thumb\v6-m\libc_nano.a(lib_a-fflush.o)
__sinit_lock_acquire                              C:\Programs\GNU Tools ARM Embedded\6.0 2017q1\arm-none-eabi\lib\thumb\v6-m\libc_nano.a(lib_a-findfp.o)
__sinit_lock_release                              C:\Programs\GNU Tools ARM Embedded\6.0 2017q1\arm-none-eabi\lib\thumb\v6-m\libc_nano.a(lib_a-findfp.o)
__smakebuf_r                                      C:\Programs\GNU Tools ARM Embedded\6.0 2017q1\arm-none-eabi\lib\thumb\v6-m\libc_nano.a(lib_a-makebuf.o)
                                                  C:\Programs\GNU Tools ARM Embedded\6.0 2017q1\arm-none-eabi\lib\thumb\v6-m\libc_nano.a(lib_a-wsetup.o)
__sprint_r                                        C:\Programs\GNU Tools ARM Embedded\6.0 2017q1\arm-none-eabi\lib\thumb\v6-m\libc_nano.a(lib_a-nano-vfprintf.o)
__sread                                           C:\Programs\GNU Tools ARM Embedded\6.0 2017q1\arm-none-eabi\lib\thumb\v6-m\libc_nano.a(lib_a-stdio.o)
                                                  C:\Programs\GNU Tools ARM Embedded\6.0 2017q1\arm-none-eabi\lib\thumb\v6-m\libc_nano.a(lib_a-findfp.o)
__sseek                                           C:\Programs\GNU Tools ARM Embedded\6.0 2017q1\arm-none-eabi\lib\thumb\v6-m\libc_nano.a(lib_a-stdio.o)
                                                  C:\Programs\GNU Tools ARM Embedded\6.0 2017q1\arm-none-eabi\lib\thumb\v6-m\libc_nano.a(lib_a-findfp.o)
__swbuf                                           C:\Programs\GNU Tools ARM Embedded\6.0 2017q1\arm-none-eabi\lib\thumb\v6-m\libc_nano.a(lib_a-wbuf.o)
__swbuf_r                                         C:\Programs\GNU Tools ARM Embedded\6.0 2017q1\arm-none-eabi\lib\thumb\v6-m\libc_nano.a(lib_a-wbuf.o)
                                                  C:\Programs\GNU Tools ARM Embedded\6.0 2017q1\arm-none-eabi\lib\thumb\v6-m\libc_nano.a(lib_a-nano-vfprintf.o)
                                                  C:\Programs\GNU Tools ARM Embedded\6.0 2017q1\arm-none-eabi\lib\thumb\v6-m\libc_nano.a(lib_a-puts.o)
__swhatbuf_r                                      C:\Programs\GNU Tools ARM Embedded\6.0 2017q1\arm-none-eabi\lib\thumb\v6-m\libc_nano.a(lib_a-makebuf.o)
__swrite                                          C:\Programs\GNU Tools ARM Embedded\6.0 2017q1\arm-none-eabi\lib\thumb\v6-m\libc_nano.a(lib_a-stdio.o)
                                                  C:\Programs\GNU Tools ARM Embedded\6.0 2017q1\arm-none-eabi\lib\thumb\v6-m\libc_nano.a(lib_a-findfp.o)
__swsetup_r                                       C:\Programs\GNU Tools ARM Embedded\6.0 2017q1\arm-none-eabi\lib\thumb\v6-m\libc_nano.a(lib_a-wsetup.o)
                                                  C:\Programs\GNU Tools ARM Embedded\6.0 2017q1\arm-none-eabi\lib\thumb\v6-m\libc_nano.a(lib_a-fvwrite.o)
                                                  C:\Programs\GNU Tools ARM Embedded\6.0 2017q1\arm-none-eabi\lib\thumb\v6-m\libc_nano.a(lib_a-nano-vfprintf.o)
                                                  C:\Programs\GNU Tools ARM Embedded\6.0 2017q1\arm-none-eabi\lib\thumb\v6-m\libc_nano.a(lib_a-wbuf.o)
                                                  C:\Programs\GNU Tools ARM Embedded\6.0 2017q1\arm-none-eabi\lib\thumb\v6-m\libc_nano.a(lib_a-puts.o)
__udivsi3                                         C:\Programs\GNU Tools ARM Embedded\6.0 2017q1\lib\gcc\arm-none-eabi\6.3.1\thumb\v6-m\libgcc.a(_udivsi3.o)
_atoi_r                                           C:\Programs\GNU Tools ARM Embedded\6.0 2017q1\arm-none-eabi\lib\thumb\v6-m\libc_nano.a(lib_a-atoi.o)
_cleanup                                          C:\Programs\GNU Tools ARM Embedded\6.0 2017q1\arm-none-eabi\lib\thumb\v6-m\libc_nano.a(lib_a-findfp.o)
_cleanup_r                                        C:\Programs\GNU Tools ARM Embedded\6.0 2017q1\arm-none-eabi\lib\thumb\v6-m\libc_nano.a(lib_a-findfp.o)
                                                  C:\Programs\GNU Tools ARM Embedded\6.0 2017q1\arm-none-eabi\lib\thumb\v6-m\libc_nano.a(lib_a-makebuf.o)
_close                                            newlib_stubs.o
                                                  C:\Programs\GNU Tools ARM Embedded\6.0 2017q1\arm-none-eabi\lib\thumb\v6-m\libc_nano.a(lib_a-closer.o)
_close_r                                          C:\Programs\GNU Tools ARM Embedded\6.0 2017q1\arm-none-eabi\lib\thumb\v6-m\libc_nano.a(lib_a-closer.o)
                                                  C:\Programs\GNU Tools ARM Embedded\6.0 2017q1\arm-none-eabi\lib\thumb\v6-m\libc_nano.a(lib_a-stdio.o)
_ctype_                                           C:\Programs\GNU Tools ARM Embedded\6.0 2017q1\arm-none-eabi\lib\thumb\v6-m\libc_nano.a(lib_a-ctype_.o)
                                                  C:\Programs\GNU Tools ARM Embedded\6.0 2017q1\arm-none-eabi\lib\thumb\v6-m\libc_nano.a(lib_a-locale.o)
_data                                             startup.o
_ebss                                             startup.o
_edata                                            startup.o
_etext                                            startup.o
_execve                                           newlib_stubs.o
_exit                                             newlib_stubs.o
_fflush_r                                         C:\Programs\GNU Tools ARM Embedded\6.0 2017q1\arm-none-eabi\lib\thumb\v6-m\libc_nano.a(lib_a-fflush.o)
                                                  C:\Programs\GNU Tools ARM Embedded\6.0 2017q1\arm-none-eabi\lib\thumb\v6-m\libc_nano.a(lib_a-fvwrite.o)
                                                  C:\Programs\GNU Tools ARM Embedded\6.0 2017q1\arm-none-eabi\lib\thumb\v6-m\libc_nano.a(lib_a-wbuf.o)
                                                  C:\Programs\GNU Tools ARM Embedded\6.0 2017q1\arm-none-eabi\lib\thumb\v6-m\libc_nano.a(lib_a-findfp.o)
_fork                                             newlib_stubs.o
_free_r                                           C:\Programs\GNU Tools ARM Embedded\6.0 2017q1\arm-none-eabi\lib\thumb\v6-m\libc_nano.a(lib_a-nano-freer.o)
                                                  C:\Programs\GNU Tools ARM Embedded\6.0 2017q1\arm-none-eabi\lib\thumb\v6-m\libc_nano.a(lib_a-nano-reallocr.o)
                                                  C:\Programs\GNU Tools ARM Embedded\6.0 2017q1\arm-none-eabi\lib\thumb\v6-m\libc_nano.a(lib_a-fvwrite.o)
                                                  C:\Programs\GNU Tools ARM Embedded\6.0 2017q1\arm-none-eabi\lib\thumb\v6-m\libc_nano.a(lib_a-wsetup.o)
                                                  C:\Programs\GNU Tools ARM Embedded\6.0 2017q1\arm-none-eabi\lib\thumb\v6-m\libc_nano.a(lib_a-reent.o)
                                                  C:\Programs\GNU Tools ARM Embedded\6.0 2017q1\arm-none-eabi\lib\thumb\v6-m\libc_nano.a(lib_a-fflush.o)
_fstat                                            newlib_stubs.o
                                                  C:\Programs\GNU Tools ARM Embedded\6.0 2017q1\arm-none-eabi\lib\thumb\v6-m\libc_nano.a(lib_a-fstatr.o)
_fstat_r                                          C:\Programs\GNU Tools ARM Embedded\6.0 2017q1\arm-none-eabi\lib\thumb\v6-m\libc_nano.a(lib_a-fstatr.o)
                                                  C:\Programs\GNU Tools ARM Embedded\6.0 2017q1\arm-none-eabi\lib\thumb\v6-m\libc_nano.a(lib_a-makebuf.o)
_fwalk                                            C:\Programs\GNU Tools ARM Embedded\6.0 2017q1\arm-none-eabi\lib\thumb\v6-m\libc_nano.a(lib_a-fwalk.o)
                                                  C:\Programs\GNU Tools ARM Embedded\6.0 2017q1\arm-none-eabi\lib\thumb\v6-m\libc_nano.a(lib_a-findfp.o)
_fwalk_reent                                      C:\Programs\GNU Tools ARM Embedded\6.0 2017q1\arm-none-eabi\lib\thumb\v6-m\libc_nano.a(lib_a-fwalk.o)
                                                  C:\Programs\GNU Tools ARM Embedded\6.0 2017q1\arm-none-eabi\lib\thumb\v6-m\libc_nano.a(lib_a-findfp.o)
                                                  C:\Programs\GNU Tools ARM Embedded\6.0 2017q1\arm-none-eabi\lib\thumb\v6-m\libc_nano.a(lib_a-fflush.o)
_getpid                                           newlib_stubs.o
_global_impure_ptr                                C:\Programs\GNU Tools ARM Embedded\6.0 2017q1\arm-none-eabi\lib\thumb\v6-m\libc_nano.a(lib_a-impure.o)
                                                  C:\Programs\GNU Tools ARM Embedded\6.0 2017q1\arm-none-eabi\lib\thumb\v6-m\libc_nano.a(lib_a-findfp.o)
                                                  C:\Programs\GNU Tools ARM Embedded\6.0 2017q1\arm-none-eabi\lib\thumb\v6-m\libc_nano.a(lib_a-fflush.o)
_impure_ptr                                       C:\Programs\GNU Tools ARM Embedded\6.0 2017q1\arm-none-eabi\lib\thumb\v6-m\libc_nano.a(lib_a-impure.o)
                                                  C:\Programs\GNU Tools ARM Embedded\6.0 2017q1\arm-none-eabi\lib\thumb\v6-m\libc_nano.a(lib_a-wctomb_r.o)
                                                  C:\Programs\GNU Tools ARM Embedded\6.0 2017q1\arm-none-eabi\lib\thumb\v6-m\libc_nano.a(lib_a-nano-vfprintf.o)
                                                  C:\Programs\GNU Tools ARM Embedded\6.0 2017q1\arm-none-eabi\lib\thumb\v6-m\libc_nano.a(lib_a-mbtowc_r.o)
                                                  C:\Programs\GNU Tools ARM Embedded\6.0 2017q1\arm-none-eabi\lib\thumb\v6-m\libc_nano.a(lib_a-locale.o)
                                                  C:\Programs\GNU Tools ARM Embedded\6.0 2017q1\arm-none-eabi\lib\thumb\v6-m\libc_nano.a(lib_a-wsetup.o)
                                                  C:\Programs\GNU Tools ARM Embedded\6.0 2017q1\arm-none-eabi\lib\thumb\v6-m\libc_nano.a(lib_a-wbuf.o)
                                                  C:\Programs\GNU Tools ARM Embedded\6.0 2017q1\arm-none-eabi\lib\thumb\v6-m\libc_nano.a(lib_a-strtol.o)
                                                  C:\Programs\GNU Tools ARM Embedded\6.0 2017q1\arm-none-eabi\lib\thumb\v6-m\libc_nano.a(lib_a-reent.o)
                                                  C:\Programs\GNU Tools ARM Embedded\6.0 2017q1\arm-none-eabi\lib\thumb\v6-m\libc_nano.a(lib_a-puts.o)
                                                  C:\Programs\GNU Tools ARM Embedded\6.0 2017q1\arm-none-eabi\lib\thumb\v6-m\libc_nano.a(lib_a-printf.o)
                                                  C:\Programs\GNU Tools ARM Embedded\6.0 2017q1\arm-none-eabi\lib\thumb\v6-m\libc_nano.a(lib_a-findfp.o)
                                                  C:\Programs\GNU Tools ARM Embedded\6.0 2017q1\arm-none-eabi\lib\thumb\v6-m\libc_nano.a(lib_a-fflush.o)
                                                  main.o
_iprintf_r                                        C:\Programs\GNU Tools ARM Embedded\6.0 2017q1\arm-none-eabi\lib\thumb\v6-m\libc_nano.a(lib_a-printf.o)
_isatty                                           newlib_stubs.o
                                                  C:\Programs\GNU Tools ARM Embedded\6.0 2017q1\arm-none-eabi\lib\thumb\v6-m\libc_nano.a(lib_a-isattyr.o)
_isatty_r                                         C:\Programs\GNU Tools ARM Embedded\6.0 2017q1\arm-none-eabi\lib\thumb\v6-m\libc_nano.a(lib_a-isattyr.o)
                                                  C:\Programs\GNU Tools ARM Embedded\6.0 2017q1\arm-none-eabi\lib\thumb\v6-m\libc_nano.a(lib_a-makebuf.o)
_kill                                             newlib_stubs.o
_link                                             newlib_stubs.o
_lseek                                            newlib_stubs.o
                                                  C:\Programs\GNU Tools ARM Embedded\6.0 2017q1\arm-none-eabi\lib\thumb\v6-m\libc_nano.a(lib_a-lseekr.o)
_lseek_r                                          C:\Programs\GNU Tools ARM Embedded\6.0 2017q1\arm-none-eabi\lib\thumb\v6-m\libc_nano.a(lib_a-lseekr.o)
                                                  C:\Programs\GNU Tools ARM Embedded\6.0 2017q1\arm-none-eabi\lib\thumb\v6-m\libc_nano.a(lib_a-stdio.o)
_malloc_r                                         C:\Programs\GNU Tools ARM Embedded\6.0 2017q1\arm-none-eabi\lib\thumb\v6-m\libc_nano.a(lib_a-nano-mallocr.o)
                                                  C:\Programs\GNU Tools ARM Embedded\6.0 2017q1\arm-none-eabi\lib\thumb\v6-m\libc_nano.a(lib_a-nano-reallocr.o)
                                                  C:\Programs\GNU Tools ARM Embedded\6.0 2017q1\arm-none-eabi\lib\thumb\v6-m\libc_nano.a(lib_a-fvwrite.o)
                                                  C:\Programs\GNU Tools ARM Embedded\6.0 2017q1\arm-none-eabi\lib\thumb\v6-m\libc_nano.a(lib_a-makebuf.o)
                                                  C:\Programs\GNU Tools ARM Embedded\6.0 2017q1\arm-none-eabi\lib\thumb\v6-m\libc_nano.a(lib_a-findfp.o)
_malloc_usable_size_r                             C:\Programs\GNU Tools ARM Embedded\6.0 2017q1\arm-none-eabi\lib\thumb\v6-m\libc_nano.a(lib_a-nano-msizer.o)
                                                  C:\Programs\GNU Tools ARM Embedded\6.0 2017q1\arm-none-eabi\lib\thumb\v6-m\libc_nano.a(lib_a-nano-reallocr.o)
_mbtowc_r                                         C:\Programs\GNU Tools ARM Embedded\6.0 2017q1\arm-none-eabi\lib\thumb\v6-m\libc_nano.a(lib_a-mbtowc_r.o)
_printf_common                                    C:\Programs\GNU Tools ARM Embedded\6.0 2017q1\arm-none-eabi\lib\thumb\v6-m\libc_nano.a(lib_a-nano-vfprintf_i.o)
_printf_float                                     C:\Programs\GNU Tools ARM Embedded\6.0 2017q1\arm-none-eabi\lib\thumb\v6-m\libc_nano.a(lib_a-nano-vfprintf.o)
_printf_i                                         C:\Programs\GNU Tools ARM Embedded\6.0 2017q1\arm-none-eabi\lib\thumb\v6-m\libc_nano.a(lib_a-nano-vfprintf_i.o)
                                                  C:\Programs\GNU Tools ARM Embedded\6.0 2017q1\arm-none-eabi\lib\thumb\v6-m\libc_nano.a(lib_a-nano-vfprintf.o)
_printf_r                                         C:\Programs\GNU Tools ARM Embedded\6.0 2017q1\arm-none-eabi\lib\thumb\v6-m\libc_nano.a(lib_a-printf.o)
_puts_r                                           C:\Programs\GNU Tools ARM Embedded\6.0 2017q1\arm-none-eabi\lib\thumb\v6-m\libc_nano.a(lib_a-puts.o)
_read                                             newlib_stubs.o
                                                  C:\Programs\GNU Tools ARM Embedded\6.0 2017q1\arm-none-eabi\lib\thumb\v6-m\libc_nano.a(lib_a-readr.o)
_read_r                                           C:\Programs\GNU Tools ARM Embedded\6.0 2017q1\arm-none-eabi\lib\thumb\v6-m\libc_nano.a(lib_a-readr.o)
                                                  C:\Programs\GNU Tools ARM Embedded\6.0 2017q1\arm-none-eabi\lib\thumb\v6-m\libc_nano.a(lib_a-stdio.o)
_realloc_r                                        C:\Programs\GNU Tools ARM Embedded\6.0 2017q1\arm-none-eabi\lib\thumb\v6-m\libc_nano.a(lib_a-nano-reallocr.o)
                                                  C:\Programs\GNU Tools ARM Embedded\6.0 2017q1\arm-none-eabi\lib\thumb\v6-m\libc_nano.a(lib_a-fvwrite.o)
_reclaim_reent                                    C:\Programs\GNU Tools ARM Embedded\6.0 2017q1\arm-none-eabi\lib\thumb\v6-m\libc_nano.a(lib_a-reent.o)
_sbrk                                             newlib_stubs.o
                                                  C:\Programs\GNU Tools ARM Embedded\6.0 2017q1\arm-none-eabi\lib\thumb\v6-m\libc_nano.a(lib_a-sbrkr.o)
_sbrk_r                                           C:\Programs\GNU Tools ARM Embedded\6.0 2017q1\arm-none-eabi\lib\thumb\v6-m\libc_nano.a(lib_a-sbrkr.o)
                                                  C:\Programs\GNU Tools ARM Embedded\6.0 2017q1\arm-none-eabi\lib\thumb\v6-m\libc_nano.a(lib_a-nano-mallocr.o)
_setlocale_r                                      C:\Programs\GNU Tools ARM Embedded\6.0 2017q1\arm-none-eabi\lib\thumb\v6-m\libc_nano.a(lib_a-locale.o)
_stat                                             newlib_stubs.o
_strtol_r                                         C:\Programs\GNU Tools ARM Embedded\6.0 2017q1\arm-none-eabi\lib\thumb\v6-m\libc_nano.a(lib_a-strtol.o)
                                                  C:\Programs\GNU Tools ARM Embedded\6.0 2017q1\arm-none-eabi\lib\thumb\v6-m\libc_nano.a(lib_a-atoi.o)
_times                                            newlib_stubs.o
_unlink                                           newlib_stubs.o
_vfiprintf_r                                      C:\Programs\GNU Tools ARM Embedded\6.0 2017q1\arm-none-eabi\lib\thumb\v6-m\libc_nano.a(lib_a-nano-vfprintf.o)
_vfprintf_r                                       C:\Programs\GNU Tools ARM Embedded\6.0 2017q1\arm-none-eabi\lib\thumb\v6-m\libc_nano.a(lib_a-nano-vfprintf.o)
                                                  C:\Programs\GNU Tools ARM Embedded\6.0 2017q1\arm-none-eabi\lib\thumb\v6-m\libc_nano.a(lib_a-printf.o)
_wait                                             newlib_stubs.o
_wctomb_r                                         C:\Programs\GNU Tools ARM Embedded\6.0 2017q1\arm-none-eabi\lib\thumb\v6-m\libc_nano.a(lib_a-wctomb_r.o)
_write                                            newlib_stubs.o
                                                  C:\Programs\GNU Tools ARM Embedded\6.0 2017q1\arm-none-eabi\lib\thumb\v6-m\libc_nano.a(lib_a-writer.o)
_write_r                                          C:\Programs\GNU Tools ARM Embedded\6.0 2017q1\arm-none-eabi\lib\thumb\v6-m\libc_nano.a(lib_a-writer.o)
                                                  C:\Programs\GNU Tools ARM Embedded\6.0 2017q1\arm-none-eabi\lib\thumb\v6-m\libc_nano.a(lib_a-stdio.o)
atoi                                              C:\Programs\GNU Tools ARM Embedded\6.0 2017q1\arm-none-eabi\lib\thumb\v6-m\libc_nano.a(lib_a-atoi.o)
                                                  main.o
cleanup_glue                                      C:\Programs\GNU Tools ARM Embedded\6.0 2017q1\arm-none-eabi\lib\thumb\v6-m\libc_nano.a(lib_a-reent.o)
egetc                                             serial.o
                                                  newlib_stubs.o
egets                                             serial.o
                                                  main.o
environ                                           newlib_stubs.o
eputc                                             serial.o
                                                  newlib_stubs.o
eputs                                             serial.o
                                                  startup.o
errno                                             C:\Programs\GNU Tools ARM Embedded\6.0 2017q1\arm-none-eabi\lib\thumb\v6-m\libc_nano.a(lib_a-reent.o)
                                                  C:\Programs\GNU Tools ARM Embedded\6.0 2017q1\arm-none-eabi\lib\thumb\v6-m\libc_nano.a(lib_a-isattyr.o)
                                                  C:\Programs\GNU Tools ARM Embedded\6.0 2017q1\arm-none-eabi\lib\thumb\v6-m\libc_nano.a(lib_a-fstatr.o)
                                                  C:\Programs\GNU Tools ARM Embedded\6.0 2017q1\arm-none-eabi\lib\thumb\v6-m\libc_nano.a(lib_a-readr.o)
                                                  C:\Programs\GNU Tools ARM Embedded\6.0 2017q1\arm-none-eabi\lib\thumb\v6-m\libc_nano.a(lib_a-lseekr.o)
                                                  C:\Programs\GNU Tools ARM Embedded\6.0 2017q1\arm-none-eabi\lib\thumb\v6-m\libc_nano.a(lib_a-closer.o)
                                                  C:\Programs\GNU Tools ARM Embedded\6.0 2017q1\arm-none-eabi\lib\thumb\v6-m\libc_nano.a(lib_a-writer.o)
                                                  C:\Programs\GNU Tools ARM Embedded\6.0 2017q1\arm-none-eabi\lib\thumb\v6-m\libc_nano.a(lib_a-sbrkr.o)
                                                  newlib_stubs.o
fflush                                            C:\Programs\GNU Tools ARM Embedded\6.0 2017q1\arm-none-eabi\lib\thumb\v6-m\libc_nano.a(lib_a-fflush.o)
                                                  main.o
initClock                                         startup.o
initUART                                          serial.o
                                                  startup.o
iprintf                                           C:\Programs\GNU Tools ARM Embedded\6.0 2017q1\arm-none-eabi\lib\thumb\v6-m\libc_nano.a(lib_a-printf.o)
isr_usart1                                        serial.o
                                                  startup.o
main                                              main.o
                                                  startup.o
memchr                                            C:\Programs\GNU Tools ARM Embedded\6.0 2017q1\arm-none-eabi\lib\thumb\v6-m\libc_nano.a(lib_a-memchr-stub.o)
                                                  C:\Programs\GNU Tools ARM Embedded\6.0 2017q1\arm-none-eabi\lib\thumb\v6-m\libc_nano.a(lib_a-fvwrite.o)
                                                  C:\Programs\GNU Tools ARM Embedded\6.0 2017q1\arm-none-eabi\lib\thumb\v6-m\libc_nano.a(lib_a-nano-vfprintf_i.o)
                                                  C:\Programs\GNU Tools ARM Embedded\6.0 2017q1\arm-none-eabi\lib\thumb\v6-m\libc_nano.a(lib_a-nano-vfprintf.o)
memcpy                                            C:\Programs\GNU Tools ARM Embedded\6.0 2017q1\arm-none-eabi\lib\thumb\v6-m\libc_nano.a(lib_a-memcpy-stub.o)
                                                  C:\Programs\GNU Tools ARM Embedded\6.0 2017q1\arm-none-eabi\lib\thumb\v6-m\libc_nano.a(lib_a-nano-reallocr.o)
                                                  C:\Programs\GNU Tools ARM Embedded\6.0 2017q1\arm-none-eabi\lib\thumb\v6-m\libc_nano.a(lib_a-fvwrite.o)
memmove                                           C:\Programs\GNU Tools ARM Embedded\6.0 2017q1\arm-none-eabi\lib\thumb\v6-m\libc_nano.a(lib_a-memmove.o)
                                                  C:\Programs\GNU Tools ARM Embedded\6.0 2017q1\arm-none-eabi\lib\thumb\v6-m\libc_nano.a(lib_a-fvwrite.o)
memset                                            C:\Programs\GNU Tools ARM Embedded\6.0 2017q1\arm-none-eabi\lib\thumb\v6-m\libc_nano.a(lib_a-memset.o)
                                                  C:\Programs\GNU Tools ARM Embedded\6.0 2017q1\arm-none-eabi\lib\thumb\v6-m\libc_nano.a(lib_a-findfp.o)
printf                                            C:\Programs\GNU Tools ARM Embedded\6.0 2017q1\arm-none-eabi\lib\thumb\v6-m\libc_nano.a(lib_a-printf.o)
                                                  main.o
puts                                              C:\Programs\GNU Tools ARM Embedded\6.0 2017q1\arm-none-eabi\lib\thumb\v6-m\libc_nano.a(lib_a-puts.o)
                                                  main.o
setlocale                                         C:\Programs\GNU Tools ARM Embedded\6.0 2017q1\arm-none-eabi\lib\thumb\v6-m\libc_nano.a(lib_a-locale.o)
strcmp                                            C:\Programs\GNU Tools ARM Embedded\6.0 2017q1\arm-none-eabi\lib\thumb\v6-m\libc_nano.a(lib_a-strcmp.o)
                                                  C:\Programs\GNU Tools ARM Embedded\6.0 2017q1\arm-none-eabi\lib\thumb\v6-m\libc_nano.a(lib_a-locale.o)
strtol                                            C:\Programs\GNU Tools ARM Embedded\6.0 2017q1\arm-none-eabi\lib\thumb\v6-m\libc_nano.a(lib_a-strtol.o)
                                                  C:\Programs\GNU Tools ARM Embedded\6.0 2017q1\arm-none-eabi\lib\thumb\v6-m\libc_nano.a(lib_a-atoi.o)
strtol_l                                          C:\Programs\GNU Tools ARM Embedded\6.0 2017q1\arm-none-eabi\lib\thumb\v6-m\libc_nano.a(lib_a-strtol.o)
usart_rx                                          serial.o
usart_tx                                          serial.o
vfiprintf                                         C:\Programs\GNU Tools ARM Embedded\6.0 2017q1\arm-none-eabi\lib\thumb\v6-m\libc_nano.a(lib_a-nano-vfprintf.o)
vfprintf                                          C:\Programs\GNU Tools ARM Embedded\6.0 2017q1\arm-none-eabi\lib\thumb\v6-m\libc_nano.a(lib_a-nano-vfprintf.o)